Archive member included to satisfy reference by file (symbol)

/usr/share/segger_embedded_studio_for_arm_3.40/lib/libc_v7em_fpv4_sp_d16_hard_t_le_eabi.a(libc_asm.o)
                              Output/serial_pca10056 Release/Obj/nrf_serial.o (__aeabi_uldivmod)
/usr/share/segger_embedded_studio_for_arm_3.40/lib/libc_v7em_fpv4_sp_d16_hard_t_le_eabi.a(libc2_asm.o)
                              Output/serial_pca10056 Release/Obj/app_scheduler.o (memcpy)
/usr/share/segger_embedded_studio_for_arm_3.40/lib/libdebugio_v7em_fpv4_sp_d16_hard_t_le_eabi.a(libdebugio.o)
                              Output/serial_pca10056 Release/Obj/thumb_crt0.o (debug_fopen)
/usr/share/segger_embedded_studio_for_arm_3.40/lib/libdebugio_mempoll_v7em_fpv4_sp_d16_hard_t_le_eabi.a(mempoll_debug_operations.o)
                              /usr/share/segger_embedded_studio_for_arm_3.40/lib/libdebugio_v7em_fpv4_sp_d16_hard_t_le_eabi.a(libdebugio.o) (__do_debug_operation)
/usr/share/segger_embedded_studio_for_arm_3.40/lib/libdebugio_mempoll_v7em_fpv4_sp_d16_hard_t_le_eabi.a(do_nv_debug_operation.o)
                              /usr/share/segger_embedded_studio_for_arm_3.40/lib/libdebugio_v7em_fpv4_sp_d16_hard_t_le_eabi.a(libdebugio.o) (__do_nvdebug_operation)
/usr/share/segger_embedded_studio_for_arm_3.40/lib/libm_v7em_fpv4_sp_d16_hard_t_le_eabi.a(libm_asm.o)
                              /usr/share/segger_embedded_studio_for_arm_3.40/lib/libvfscanf_v7em_fpv4_sp_d16_hard_t_le_eabi.o (__aeabi_i2d)
/usr/share/segger_embedded_studio_for_arm_3.40/lib/libm_v7em_fpv4_sp_d16_hard_t_le_eabi.a(libm2.o)
                              /usr/share/segger_embedded_studio_for_arm_3.40/lib/libvfprintf_v7em_fpv4_sp_d16_hard_t_le_eabi.o (frexp)
/usr/share/segger_embedded_studio_for_arm_3.40/lib/libm_v7em_fpv4_sp_d16_hard_t_le_eabi.a(libm2_asm.o)
                              /usr/share/segger_embedded_studio_for_arm_3.40/lib/libm_v7em_fpv4_sp_d16_hard_t_le_eabi.a(libm2.o) (fabs)
/usr/share/segger_embedded_studio_for_arm_3.40/lib/libc_v7em_fpv4_sp_d16_hard_t_le_eabi.a(libc2.o)
                              /usr/share/segger_embedded_studio_for_arm_3.40/lib/libvfscanf_v7em_fpv4_sp_d16_hard_t_le_eabi.o (__getc)
/usr/share/segger_embedded_studio_for_arm_3.40/lib/libc_v7em_fpv4_sp_d16_hard_t_le_eabi.a(libc.o)
                              /usr/share/segger_embedded_studio_for_arm_3.40/lib/libc_v7em_fpv4_sp_d16_hard_t_le_eabi.a(libc2.o) (__heap_lock)

Discarded input sections

 .text          0x0000000000000000        0x0 Output/serial_pca10056 Release/Obj/thumb_crt0.o
 .data          0x0000000000000000        0x0 Output/serial_pca10056 Release/Obj/thumb_crt0.o
 .bss           0x0000000000000000        0x0 Output/serial_pca10056 Release/Obj/thumb_crt0.o
 .text.__aeabi_read_tp
                0x0000000000000000        0x8 Output/serial_pca10056 Release/Obj/thumb_crt0.o
 .text.abort    0x0000000000000000        0x2 Output/serial_pca10056 Release/Obj/thumb_crt0.o
 .text.__assert
                0x0000000000000000        0x2 Output/serial_pca10056 Release/Obj/thumb_crt0.o
 .text.__aeabi_assert
                0x0000000000000000        0x2 Output/serial_pca10056 Release/Obj/thumb_crt0.o
 .text.__sync_synchronize
                0x0000000000000000        0x2 Output/serial_pca10056 Release/Obj/thumb_crt0.o
 .text.__getchar
                0x0000000000000000        0x4 Output/serial_pca10056 Release/Obj/thumb_crt0.o
 .text.__putchar
                0x0000000000000000        0x4 Output/serial_pca10056 Release/Obj/thumb_crt0.o
 .text.__open   0x0000000000000000        0x4 Output/serial_pca10056 Release/Obj/thumb_crt0.o
 .text.__close  0x0000000000000000        0x4 Output/serial_pca10056 Release/Obj/thumb_crt0.o
 .text.__write  0x0000000000000000        0xa Output/serial_pca10056 Release/Obj/thumb_crt0.o
 .text.__read   0x0000000000000000        0xa Output/serial_pca10056 Release/Obj/thumb_crt0.o
 .text.__seek   0x0000000000000000       0x1a Output/serial_pca10056 Release/Obj/thumb_crt0.o
 .bss.__user_locale_name_buffer
                0x0000000000000000        0x4 Output/serial_pca10056 Release/Obj/thumb_crt0.o
 .stack         0x0000000000000000        0x0 Output/serial_pca10056 Release/Obj/thumb_crt0.o
 .stack_process
                0x0000000000000000        0x0 Output/serial_pca10056 Release/Obj/thumb_crt0.o
 .heap          0x0000000000000000        0x0 Output/serial_pca10056 Release/Obj/thumb_crt0.o
 .group         0x0000000000000000        0xc Output/serial_pca10056 Release/Obj/nrf_log_frontend.o
 .group         0x0000000000000000        0xc Output/serial_pca10056 Release/Obj/nrf_log_frontend.o
 .group         0x0000000000000000        0xc Output/serial_pca10056 Release/Obj/nrf_log_frontend.o
 .group         0x0000000000000000        0xc Output/serial_pca10056 Release/Obj/nrf_log_frontend.o
 .group         0x0000000000000000        0xc Output/serial_pca10056 Release/Obj/nrf_log_frontend.o
[...]
Memory Configuration

Name             Origin             Length             Attributes
UNPLACED_SECTIONS 0x0000000100000000 0x0000000000000000 xw
RAM              0x0000000020000000 0x0000000000040000 xw
FLASH            0x0000000000000000 0x0000000000100000 xw
*default*        0x0000000000000000 0xffffffffffffffff

Linker script and memory map

                0x0000000000000000                __vfprintf = __vfprintf_long
                0x0000000000000000                __vfscanf = __vfscanf_int
                0x0000000020000000                __RAM_segment_start__ = 0x20000000
                0x0000000020040000                __RAM_segment_end__ = 0x20040000
                0x0000000000040000                __RAM_segment_size__ = 0x40000
                0x0000000000000000                __FLASH_segment_start__ = 0x0
                0x0000000000100000                __FLASH_segment_end__ = 0x100000
                0x0000000000100000                __FLASH_segment_size__ = 0x100000
                0x0000000000002000                __HEAPSIZE__ = 0x2000
                0x0000000000000000                __STACKSIZE_PROCESS__ = 0x0
                0x0000000000002000                __STACKSIZE__ = 0x2000
                0x0000000020000000                __vectors_ram_load_start__ = 0x20000000

.vectors_ram    0x0000000020000000        0x0
                0x0000000020000000                __vectors_ram_start__ = .
                0x0000000020000000                __app_ram_start__ = __vectors_ram_start__
 *(.vectors_ram .vectors_ram.*)
                0x0000000020000000                __vectors_ram_end__ = (__vectors_ram_start__ + SIZEOF (.vectors_ram))
                0x0000000000000000                __vectors_ram_size__ = SIZEOF (.vectors_ram)
                0x0000000020000000                __vectors_ram_load_end__ = __vectors_ram_end__
                0x0000000000000001                . = ASSERT (((__vectors_ram_start__ == __vectors_ram_end__) || ((__vectors_ram_end__ >= __RAM_segment_start__) && (__vectors_ram_end__ <= __RAM_segment_end__))), error: .vectors_ram is too large to fit in RAM memory segment)
                0x0000000020000000                __nrf_sections_run_load_start__ = ALIGN (__vectors_ram_end__, 0x4)

.nrf_sections_run
                0x0000000020000000        0x0
                0x0000000020000000                __nrf_sections_run_start__ = .
                0x0000000020000000                __start_nrf_sections_run = __nrf_sections_run_start__
 *(.nrf_sections_run .nrf_sections_run.*)
                0x0000000020000000                __nrf_sections_run_end__ = (__nrf_sections_run_start__ + SIZEOF (.nrf_sections_run))
                0x0000000000000000                __nrf_sections_run_size__ = SIZEOF (.nrf_sections_run)
                0x0000000020000000                __nrf_sections_run_load_end__ = __nrf_sections_run_end__
                0x0000000000000001                . = ASSERT (((__nrf_sections_run_start__ == __nrf_sections_run_end__) || ((__nrf_sections_run_end__ >= __RAM_segment_start__) && (__nrf_sections_run_end__ <= __RAM_segment_end__))), error: .nrf_sections_run is too large to fit in RAM memory segment)
                0x0000000000000000                __vectors_load_start__ = 0x0

.vectors        0x0000000000000000      0x200
                0x0000000000000000                __vectors_start__ = .
 *(.vectors .vectors.*)
 .vectors       0x0000000000000000      0x200 Output/serial_pca10056 Release/Obj/ses_startup_nrf52840.o
                0x0000000000000000                _vectors
                0x0000000000000200                __vectors_end__ = (__vectors_start__ + SIZEOF (.vectors))
                0x0000000000000200                __vectors_size__ = SIZEOF (.vectors)
                0x0000000000000200                __vectors_load_end__ = __vectors_end__
                0x0000000000000001                . = ASSERT (((__vectors_start__ == __vectors_end__) || ((__vectors_end__ >= __FLASH_segment_start__) && (__vectors_end__ <= __FLASH_segment_end__))), error: .vectors is too large to fit in FLASH memory segment)
                0x0000000000000200                __init_load_start__ = ALIGN (__vectors_end__, 0x4)

.init           0x0000000000000200      0x1d8
                0x0000000000000200                __init_start__ = .
 *(.init .init.*)
 .init          0x0000000000000200      0x160 Output/serial_pca10056 Release/Obj/thumb_crt0.o
                0x0000000000000200                _start
                0x00000000000002b6                exit
 .init          0x0000000000000360       0x18 Output/serial_pca10056 Release/Obj/ses_startup_nrf52840.o
                0x0000000000000360                NMI_Handler
                0x0000000000000364                MemoryManagement_Handler
                0x0000000000000366                BusFault_Handler
                0x0000000000000368                UsageFault_Handler
                0x000000000000036a                SVC_Handler
                0x000000000000036c                DebugMon_Handler
                0x000000000000036e                PendSV_Handler
                0x0000000000000370                SysTick_Handler
                0x0000000000000372                TIMER2_IRQHandler
                0x0000000000000372                RTC0_IRQHandler
                0x0000000000000372                SWI2_EGU2_IRQHandler
                0x0000000000000372                PWM1_IRQHandler
                0x0000000000000372                RADIO_IRQHandler
                0x0000000000000372                PDM_IRQHandler
                0x0000000000000372                TEMP_IRQHandler
                0x0000000000000372                QDEC_IRQHandler
                0x0000000000000372                TIMER3_IRQHandler
                0x0000000000000372                PWM3_IRQHandler
                0x0000000000000372                FPU_IRQHandler
                0x0000000000000372                USBD_IRQHandler
                0x0000000000000372                SPIM0_SPIS0_TWIM0_TWIS0_SPI0_TWI0_IRQHandler
                0x0000000000000372                TIMER4_IRQHandler
                0x0000000000000372                CRYPTOCELL_IRQHandler
                0x0000000000000372                I2S_IRQHandler
                0x0000000000000372                SWI4_EGU4_IRQHandler
                0x0000000000000372                TIMER0_IRQHandler
                0x0000000000000372                UARTE1_IRQHandler
                0x0000000000000372                Dummy_Handler
                0x0000000000000372                TIMER1_IRQHandler
                0x0000000000000372                SPIM3_IRQHandler
                0x0000000000000372                PWM2_IRQHandler
                0x0000000000000372                ECB_IRQHandler
                0x0000000000000372                SPIM1_SPIS1_TWIM1_TWIS1_SPI1_TWI1_IRQHandler
                0x0000000000000372                SAADC_IRQHandler
                0x0000000000000372                CCM_AAR_IRQHandler
                0x0000000000000372                WDT_IRQHandler
                0x0000000000000372                SWI5_EGU5_IRQHandler
                0x0000000000000372                RNG_IRQHandler
                0x0000000000000372                RTC2_IRQHandler
                0x0000000000000372                PWM0_IRQHandler
                0x0000000000000372                SWI3_EGU3_IRQHandler
                0x0000000000000372                SWI1_EGU1_IRQHandler
                0x0000000000000372                SPIM2_SPIS2_SPI2_IRQHandler
                0x0000000000000372                NFCT_IRQHandler
                0x0000000000000372                MWU_IRQHandler
                0x0000000000000372                QSPI_IRQHandler
                0x0000000000000372                COMP_LPCOMP_IRQHandler
                0x0000000000000374                nRFInitialize
 .init          0x0000000000000378       0x60 Output/serial_pca10056 Release/Obj/ses_startup_nrf_common.o
                0x0000000000000378                Reset_Handler
                0x00000000000003a0                InitializeUserMemorySections
                0x00000000000003d8                __init_end__ = (__init_start__ + SIZEOF (.init))
                0x00000000000001d8                __init_size__ = SIZEOF (.init)
                0x00000000000003d8                __init_load_end__ = __init_end__
                0x0000000000000001                . = ASSERT (((__init_start__ == __init_end__) || ((__init_end__ >= __FLASH_segment_start__) && (__init_end__ <= __FLASH_segment_end__))), error: .init is too large to fit in FLASH memory segment)
                0x00000000000003d8                __init_rodata_load_start__ = ALIGN (__init_end__, 0x4)

.init_rodata    0x00000000000003d8        0x0
                0x00000000000003d8                __init_rodata_start__ = .
 *(.init_rodata .init_rodata.*)
                0x00000000000003d8                __init_rodata_end__ = (__init_rodata_start__ + SIZEOF (.init_rodata))
                0x0000000000000000                __init_rodata_size__ = SIZEOF (.init_rodata)
                0x00000000000003d8                __init_rodata_load_end__ = __init_rodata_end__
                0x0000000000000001                . = ASSERT (((__init_rodata_start__ == __init_rodata_end__) || ((__init_rodata_end__ >= __FLASH_segment_start__) && (__init_rodata_end__ <= __FLASH_segment_end__))), error: .init_rodata is too large to fit in FLASH memory segment)
                0x00000000000003d8                __text_load_start__ = ALIGN (__init_rodata_end__, 0x4)

.text           0x00000000000003d8     0x26ea
                0x00000000000003d8                __text_start__ = .
 *(.text .text.* .glue_7t .glue_7 .gnu.linkonce.t.* .gcc_except_table .ARM.extab* .gnu.linkonce.armextab.*)
 .glue_7        0x00000000000003d8        0x0 linker stubs
 .glue_7t       0x00000000000003d8        0x0 linker stubs
 .text.nrf_gpio_pin_port_decode
                0x00000000000003d8       0x30 Output/serial_pca10056 Release/Obj/boards.o
 .text.bsp_board_led_off
                0x0000000000000408       0x34 Output/serial_pca10056 Release/Obj/boards.o
                0x0000000000000408                bsp_board_led_off
 .text.bsp_board_leds_off
                0x000000000000043c       0x1e Output/serial_pca10056 Release/Obj/boards.o
                0x000000000000043c                bsp_board_leds_off
 *fill*         0x000000000000045a        0x2 
 .text.bsp_board_init
                0x000000000000045c       0x5c Output/serial_pca10056 Release/Obj/boards.o
                0x000000000000045c                bsp_board_init
 .text.app_error_save_and_stop
                0x00000000000004b8       0x58 Output/serial_pca10056 Release/Obj/app_error.o
                0x00000000000004b8                app_error_save_and_stop
 .text.app_error_handler
                0x0000000000000510       0x1a Output/serial_pca10056 Release/Obj/app_error_handler_gcc.o
                0x0000000000000510                app_error_handler
 *fill*         0x000000000000052a        0x2 
 .text.app_error_fault_handler
                0x000000000000052c       0x14 Output/serial_pca10056 Release/Obj/app_error_weak.o
                0x000000000000052c                app_error_fault_handler
 .text.user_op_alloc
                0x0000000000000540       0x2c Output/serial_pca10056 Release/Obj/app_timer.o
 .text.timer_stop_op_schedule
                0x000000000000056c       0x48 Output/serial_pca10056 Release/Obj/app_timer.o
 .text.nrfx_coredep_delay_us.constprop.3
                0x00000000000005b4       0x10 Output/serial_pca10056 Release/Obj/app_timer.o
 .text.rtc1_stop
                0x00000000000005c4       0x44 Output/serial_pca10056 Release/Obj/app_timer.o
 .text.RTC1_IRQHandler
                0x0000000000000608       0x9c Output/serial_pca10056 Release/Obj/app_timer.o
                0x0000000000000608                RTC1_IRQHandler
 .text.SWI0_EGU0_IRQHandler
                0x00000000000006a4      0x2ac Output/serial_pca10056 Release/Obj/app_timer.o
                0x00000000000006a4                SWI0_EGU0_IRQHandler
 .text.app_timer_init
                0x0000000000000950       0x60 Output/serial_pca10056 Release/Obj/app_timer.o
                0x0000000000000950                app_timer_init
 .text.app_timer_create
                0x00000000000009b0       0x24 Output/serial_pca10056 Release/Obj/app_timer.o
                0x00000000000009b0                app_timer_create
 .text.app_timer_start
                0x00000000000009d4       0x84 Output/serial_pca10056 Release/Obj/app_timer.o
                0x00000000000009d4                app_timer_start
 .text.app_timer_stop
                0x0000000000000a58       0x20 Output/serial_pca10056 Release/Obj/app_timer.o
                0x0000000000000a58                app_timer_stop
 .text.app_util_disable_irq
                0x0000000000000a78       0x10 Output/serial_pca10056 Release/Obj/app_util_platform.o
                0x0000000000000a78                app_util_disable_irq
 .text.app_util_enable_irq
                0x0000000000000a88       0x14 Output/serial_pca10056 Release/Obj/app_util_platform.o
                0x0000000000000a88                app_util_enable_irq
 .text.privilege_level_get
                0x0000000000000a9c       0x1a Output/serial_pca10056 Release/Obj/app_util_platform.o
                0x0000000000000a9c                privilege_level_get
 *fill*         0x0000000000000ab6        0x2 
 .text.app_util_critical_region_enter
                0x0000000000000ab8       0x20 Output/serial_pca10056 Release/Obj/app_util_platform.o
                0x0000000000000ab8                app_util_critical_region_enter
 .text.app_util_critical_region_exit
                0x0000000000000ad8       0x20 Output/serial_pca10056 Release/Obj/app_util_platform.o
                0x0000000000000ad8                app_util_critical_region_exit
 .text.HardFault_Handler
                0x0000000000000af8       0x34 Output/serial_pca10056 Release/Obj/hardfault_handler_gcc.o
                0x0000000000000af8                HardFault_Handler
 .text.HardFault_process
                0x0000000000000b2c       0x24 Output/serial_pca10056 Release/Obj/hardfault_implementation.o
                0x0000000000000b2c                HardFault_process
 .text.HardFault_c_handler
                0x0000000000000b50       0x20 Output/serial_pca10056 Release/Obj/hardfault_implementation.o
                0x0000000000000b50                HardFault_c_handler
 .text.assert_nrf_callback
                0x0000000000000b70       0x1a Output/serial_pca10056 Release/Obj/nrf_assert.o
                0x0000000000000b70                assert_nrf_callback
 .text.nrf_atomic_u32_fetch_store
                0x0000000000000b8a       0x14 Output/serial_pca10056 Release/Obj/nrf_atomic.o
                0x0000000000000b8a                nrf_atomic_u32_fetch_store
 .text.queue_utilization_get
                0x0000000000000b9e       0x18 Output/serial_pca10056 Release/Obj/nrf_queue.o
 *fill*         0x0000000000000bb6        0x2 
 .text.nrf_queue_next_idx
                0x0000000000000bb8       0x20 Output/serial_pca10056 Release/Obj/nrf_queue.o
 .text.queue_read
                0x0000000000000bd8       0x66 Output/serial_pca10056 Release/Obj/nrf_queue.o
 *fill*         0x0000000000000c3e        0x2 
 .text.nrf_queue_out
                0x0000000000000c40       0x4c Output/serial_pca10056 Release/Obj/nrf_queue.o
                0x0000000000000c40                nrf_queue_out
 .text.nrf_queue_reset
                0x0000000000000c8c       0x30 Output/serial_pca10056 Release/Obj/nrf_queue.o
                0x0000000000000c8c                nrf_queue_reset
 .text.nrf_queue_utilization_get
                0x0000000000000cbc       0x2c Output/serial_pca10056 Release/Obj/nrf_queue.o
                0x0000000000000cbc                nrf_queue_utilization_get
 .text.nrf_queue_is_empty
                0x0000000000000ce8       0x24 Output/serial_pca10056 Release/Obj/nrf_queue.o
                0x0000000000000ce8                nrf_queue_is_empty
 .text.nrf_queue_available_get
                0x0000000000000d0c       0x20 Output/serial_pca10056 Release/Obj/nrf_queue.o
                0x0000000000000d0c                nrf_queue_available_get
 .text.queue_write
                0x0000000000000d2c       0x88 Output/serial_pca10056 Release/Obj/nrf_queue.o
 .text.nrf_queue_in
                0x0000000000000db4       0x5c Output/serial_pca10056 Release/Obj/nrf_queue.o
                0x0000000000000db4                nrf_queue_in
 .text.event_handler
                0x0000000000000e10        0xc Output/serial_pca10056 Release/Obj/nrf_serial.o
 .text.serial_timeout_handler
                0x0000000000000e1c        0x6 Output/serial_pca10056 Release/Obj/nrf_serial.o
 *fill*         0x0000000000000e22        0x2 
 .text.nrf_mtx_unlock
                0x0000000000000e24       0x2c Output/serial_pca10056 Release/Obj/nrf_serial.o
 .text.nrf_drv_uart_tx
                0x0000000000000e50       0x24 Output/serial_pca10056 Release/Obj/nrf_serial.o
 .text.nrf_drv_uart_rx
                0x0000000000000e74       0x24 Output/serial_pca10056 Release/Obj/nrf_serial.o
 .text.uart_event_handler
                0x0000000000000e98       0x9c Output/serial_pca10056 Release/Obj/nrf_serial.o
 .text.nrf_mtx_trylock
                0x0000000000000f34       0x28 Output/serial_pca10056 Release/Obj/nrf_serial.o
 .text.nrf_drv_uart_tx_in_progress
                0x0000000000000f5c       0x18 Output/serial_pca10056 Release/Obj/nrf_serial.o
 .text.sleep_handler.isra.0
                0x0000000000000f74        0xe Output/serial_pca10056 Release/Obj/nrf_serial.o
 *fill*         0x0000000000000f82        0x2 
 .text.timeout_setup.isra.1
                0x0000000000000f84       0x58 Output/serial_pca10056 Release/Obj/nrf_serial.o
 .text.nrf_serial_init
                0x0000000000000fdc      0x12c Output/serial_pca10056 Release/Obj/nrf_serial.o
                0x0000000000000fdc                nrf_serial_init
 .text.nrf_serial_write
                0x0000000000001108      0x160 Output/serial_pca10056 Release/Obj/nrf_serial.o
                0x0000000000001108                nrf_serial_write
 .text.nrf_serial_flush
                0x0000000000001268       0xbc Output/serial_pca10056 Release/Obj/nrf_serial.o
                0x0000000000001268                nrf_serial_flush
 .text.clock_clk_started_notify
                0x0000000000001324       0x28 Output/serial_pca10056 Release/Obj/nrf_drv_clock.o
 .text.clock_irq_handler
                0x000000000000134c       0x1c Output/serial_pca10056 Release/Obj/nrf_drv_clock.o
 .text.nrf_drv_clock_init
                0x0000000000001368       0x30 Output/serial_pca10056 Release/Obj/nrf_drv_clock.o
                0x0000000000001368                nrf_drv_clock_init
 .text.nrf_drv_clock_lfclk_request
                0x0000000000001398       0x74 Output/serial_pca10056 Release/Obj/nrf_drv_clock.o
                0x0000000000001398                nrf_drv_clock_lfclk_request
 .text.nrf_drv_power_init
                0x000000000000140c       0x20 Output/serial_pca10056 Release/Obj/nrf_drv_power.o
                0x000000000000140c                nrf_drv_power_init
 .text.uarte_evt_handler
                0x000000000000142c       0x34 Output/serial_pca10056 Release/Obj/nrf_drv_uart.o
 .text.uart_evt_handler
                0x0000000000001460       0x34 Output/serial_pca10056 Release/Obj/nrf_drv_uart.o
 .text.nrf_drv_uart_init
                0x0000000000001494       0x94 Output/serial_pca10056 Release/Obj/nrf_drv_uart.o
                0x0000000000001494                nrf_drv_uart_init
 .text.nrf_clock_event_clear
                0x0000000000001528       0x14 Output/serial_pca10056 Release/Obj/nrfx_clock.o
 .text.nrfx_clock_init
                0x000000000000153c       0x2c Output/serial_pca10056 Release/Obj/nrfx_clock.o
                0x000000000000153c                nrfx_clock_init
 .text.nrfx_clock_enable
                0x0000000000001568       0x48 Output/serial_pca10056 Release/Obj/nrfx_clock.o
                0x0000000000001568                nrfx_clock_enable
 .text.nrfx_clock_lfclk_start
                0x00000000000015b0       0x30 Output/serial_pca10056 Release/Obj/nrfx_clock.o
                0x00000000000015b0                nrfx_clock_lfclk_start
 .text.nrfx_clock_irq_handler
                0x00000000000015e0       0x58 Output/serial_pca10056 Release/Obj/nrfx_clock.o
                0x00000000000015e0                nrfx_clock_irq_handler
 .text.nrf_gpiote_event_clear
                0x0000000000001638       0x18 Output/serial_pca10056 Release/Obj/nrfx_gpiote.o
 .text.nrf_gpio_pin_port_decode
                0x0000000000001650       0x30 Output/serial_pca10056 Release/Obj/nrfx_gpiote.o
 .text.nrf_gpio_cfg_sense_set
                0x0000000000001680       0x32 Output/serial_pca10056 Release/Obj/nrfx_gpiote.o
 *fill*         0x00000000000016b2        0x2 
 .text.nrf_gpio_ports_read.constprop.2
                0x00000000000016b4       0x18 Output/serial_pca10056 Release/Obj/nrfx_gpiote.o
 .text.GPIOTE_IRQHandler
                0x00000000000016cc      0x198 Output/serial_pca10056 Release/Obj/nrfx_gpiote.o
                0x00000000000016cc                GPIOTE_IRQHandler
 .text.nrf_power_event_get_and_clear
                0x0000000000001864       0x14 Output/serial_pca10056 Release/Obj/nrfx_power.o
 .text.nrfx_power_init
                0x0000000000001878       0x5c Output/serial_pca10056 Release/Obj/nrfx_power.o
                0x0000000000001878                nrfx_power_init
 .text.nrfx_power_irq_handler
                0x00000000000018d4       0xf8 Output/serial_pca10056 Release/Obj/nrfx_power.o
                0x00000000000018d4                nrfx_power_irq_handler
 .text.POWER_CLOCK_IRQHandler
                0x00000000000019cc        0xe Output/serial_pca10056 Release/Obj/nrfx_power_clock.o
                0x00000000000019cc                POWER_CLOCK_IRQHandler
 *fill*         0x00000000000019da        0x2 
 .text.UARTE0_UART0_IRQHandler
                0x00000000000019dc       0x20 Output/serial_pca10056 Release/Obj/nrfx_prs.o
                0x00000000000019dc                UARTE0_UART0_IRQHandler
 .text.nrfx_prs_acquire
                0x00000000000019fc       0x44 Output/serial_pca10056 Release/Obj/nrfx_prs.o
                0x00000000000019fc                nrfx_prs_acquire
 .text.nrf_uart_event_clear
                0x0000000000001a40       0x10 Output/serial_pca10056 Release/Obj/nrfx_uart.o
 .text.tx_byte  0x0000000000001a50       0x1e Output/serial_pca10056 Release/Obj/nrfx_uart.o
 *fill*         0x0000000000001a6e        0x2 
 .text.nrf_gpio_pin_port_decode
                0x0000000000001a70       0x30 Output/serial_pca10056 Release/Obj/nrfx_uart.o
 .text.rx_enable.isra.1
                0x0000000000001aa0       0x20 Output/serial_pca10056 Release/Obj/nrfx_uart.o
 .text.rx_byte  0x0000000000001ac0       0x2c Output/serial_pca10056 Release/Obj/nrfx_uart.o
 .text.rx_done_event.constprop.7
                0x0000000000001aec       0x20 Output/serial_pca10056 Release/Obj/nrfx_uart.o
 .text.nrfx_uart_0_irq_handler
                0x0000000000001b0c      0x13c Output/serial_pca10056 Release/Obj/nrfx_uart.o
                0x0000000000001b0c                nrfx_uart_0_irq_handler
 .text.nrfx_uart_init
                0x0000000000001c48      0x1e4 Output/serial_pca10056 Release/Obj/nrfx_uart.o
                0x0000000000001c48                nrfx_uart_init
 .text.nrfx_uart_tx
                0x0000000000001e2c       0xe4 Output/serial_pca10056 Release/Obj/nrfx_uart.o
                0x0000000000001e2c                nrfx_uart_tx
 .text.nrfx_uart_tx_in_progress
                0x0000000000001f10       0x18 Output/serial_pca10056 Release/Obj/nrfx_uart.o
                0x0000000000001f10                nrfx_uart_tx_in_progress
 .text.nrfx_uart_rx
                0x0000000000001f28      0x12c Output/serial_pca10056 Release/Obj/nrfx_uart.o
                0x0000000000001f28                nrfx_uart_rx
 .text.nrfx_uart_rx_enable
                0x0000000000002054       0x2c Output/serial_pca10056 Release/Obj/nrfx_uart.o
                0x0000000000002054                nrfx_uart_rx_enable
 .text.nrf_uarte_event_clear
                0x0000000000002080       0x10 Output/serial_pca10056 Release/Obj/nrfx_uarte.o
 .text.nrf_gpio_pin_port_decode
                0x0000000000002090       0x30 Output/serial_pca10056 Release/Obj/nrfx_uarte.o
 .text.rx_done_event.constprop.6
                0x00000000000020c0       0x24 Output/serial_pca10056 Release/Obj/nrfx_uarte.o
 .text.nrfx_uarte_0_irq_handler
                0x00000000000020e4       0xec Output/serial_pca10056 Release/Obj/nrfx_uarte.o
                0x00000000000020e4                nrfx_uarte_0_irq_handler
 .text.nrfx_uarte_init
                0x00000000000021d0      0x1f4 Output/serial_pca10056 Release/Obj/nrfx_uarte.o
                0x00000000000021d0                nrfx_uarte_init
 .text.nrfx_uarte_tx
                0x00000000000023c4       0xe4 Output/serial_pca10056 Release/Obj/nrfx_uarte.o
                0x00000000000023c4                nrfx_uarte_tx
 .text.nrfx_uarte_tx_in_progress
                0x00000000000024a8       0x18 Output/serial_pca10056 Release/Obj/nrfx_uarte.o
                0x00000000000024a8                nrfx_uarte_tx_in_progress
 .text.nrfx_uarte_rx
                0x00000000000024c0      0x12c Output/serial_pca10056 Release/Obj/nrfx_uarte.o
                0x00000000000024c0                nrfx_uarte_rx
 .text.sleep_handler
                0x00000000000025ec        0x8 Output/serial_pca10056 Release/Obj/main.o
 .text.set_high_voltage_dcdc_mode
                0x00000000000025f4       0x60 Output/serial_pca10056 Release/Obj/main.o
                0x00000000000025f4                set_high_voltage_dcdc_mode
 .text.startup.main
                0x0000000000002654       0xb0 Output/serial_pca10056 Release/Obj/main.o
                0x0000000000002654                main
 .text.errata_98
                0x0000000000002704       0x20 Output/serial_pca10056 Release/Obj/system_nrf52840.o
 .text.SystemInit
                0x0000000000002724      0x1b8 Output/serial_pca10056 Release/Obj/system_nrf52840.o
                0x0000000000002724                SystemInit
 .text.libc.__int64_udivmod
                0x00000000000028dc       0xce /usr/share/segger_embedded_studio_for_arm_3.40/lib/libc_v7em_fpv4_sp_d16_hard_t_le_eabi.a(libc_asm.o)
                0x00000000000028dc                __int64_udivmod
                0x00000000000028dc                __aeabi_uldivmod
                0x00000000000028dc                __int64_udiv
                0x00000000000028dc                __udivdi3
 .text.libc.memcpy
                0x00000000000029aa       0x52 /usr/share/segger_embedded_studio_for_arm_3.40/lib/libc_v7em_fpv4_sp_d16_hard_t_le_eabi.a(libc2_asm.o)
                0x00000000000029aa                memcpy
                0x00000000000029aa                __aeabi_memcpy
                0x00000000000029b6                __aeabi_memcpy4
                0x00000000000029b6                __aeabi_memcpy8
 .text.libc.memset
                0x00000000000029fc       0x66 /usr/share/segger_embedded_studio_for_arm_3.40/lib/libc_v7em_fpv4_sp_d16_hard_t_le_eabi.a(libc2_asm.o)
                0x00000000000029fc                memset
 .text.libc.strlen
                0x0000000000002a62       0x60 /usr/share/segger_embedded_studio_for_arm_3.40/lib/libc_v7em_fpv4_sp_d16_hard_t_le_eabi.a(libc2_asm.o)
                0x0000000000002a62                strlen
                0x0000000000002ac2                __text_end__ = (__text_start__ + SIZEOF (.text))
                0x00000000000026ea                __text_size__ = SIZEOF (.text)
                0x0000000000002ac2                __text_load_end__ = __text_end__

.vfp11_veneer   0x0000000100000000        0x0
 .vfp11_veneer  0x0000000100000000        0x0 linker stubs

.v4_bx          0x0000000100000000        0x0
 .v4_bx         0x0000000100000000        0x0 linker stubs

.iplt           0x0000000100000000        0x0
 .iplt          0x0000000100000000        0x0 Output/serial_pca10056 Release/Obj/thumb_crt0.o
                0x0000000000000001                . = ASSERT (((__text_start__ == __text_end__) || ((__text_end__ >= __FLASH_segment_start__) && (__text_end__ <= __FLASH_segment_end__))), error: .text is too large to fit in FLASH memory segment)
                0x0000000000002ac4                __nrf_queue_load_start__ = ALIGN (__text_end__, 0x4)

.nrf_queue      0x0000000000002ac4       0x28
                0x0000000000002ac4                __nrf_queue_start__ = .
                0x0000000000002ac4                __start_nrf_queue = __nrf_queue_start__
 *(.nrf_queue*)
 .nrf_queue     0x0000000000002ac4       0x28 Output/serial_pca10056 Release/Obj/main.o
                0x0000000000002ac4                serial_queues_txq
                0x0000000000002ad8                serial_queues_rxq
                0x0000000000002aec                __nrf_queue_end__ = (__nrf_queue_start__ + SIZEOF (.nrf_queue))
                0x0000000000000028                __nrf_queue_size__ = SIZEOF (.nrf_queue)
                0x0000000000002aec                __stop_nrf_queue = __nrf_queue_end__
                0x0000000000002aec                __nrf_queue_load_end__ = __nrf_queue_end__
                0x0000000000000001                . = ASSERT (((__nrf_queue_start__ == __nrf_queue_end__) || ((__nrf_queue_end__ >= __FLASH_segment_start__) && (__nrf_queue_end__ <= __FLASH_segment_end__))), error: .nrf_queue is too large to fit in FLASH memory segment)
                0x0000000000002aec                __log_const_data_load_start__ = ALIGN (__nrf_queue_end__, 0x4)

.log_const_data
                0x0000000000002aec        0x0
                0x0000000000002aec                __log_const_data_start__ = .
                0x0000000000002aec                __start_log_const_data = __log_const_data_start__
 *(SORT_BY_NAME(.log_const_data*))
                0x0000000000002aec                __log_const_data_end__ = (__log_const_data_start__ + SIZEOF (.log_const_data))
                0x0000000000000000                __log_const_data_size__ = SIZEOF (.log_const_data)
                0x0000000000002aec                __stop_log_const_data = __log_const_data_end__
                0x0000000000002aec                __log_const_data_load_end__ = __log_const_data_end__
                0x0000000000000001                . = ASSERT (((__log_const_data_start__ == __log_const_data_end__) || ((__log_const_data_end__ >= __FLASH_segment_start__) && (__log_const_data_end__ <= __FLASH_segment_end__))), error: .log_const_data is too large to fit in FLASH memory segment)
                0x0000000000002aec                __log_backends_load_start__ = ALIGN (__log_const_data_end__, 0x4)

.log_backends   0x0000000000002aec        0x0
                0x0000000000002aec                __log_backends_start__ = .
                0x0000000000002aec                __start_log_backends = __log_backends_start__
 *(SORT_BY_NAME(.log_backends*))
                0x0000000000002aec                __log_backends_end__ = (__log_backends_start__ + SIZEOF (.log_backends))
                0x0000000000000000                __log_backends_size__ = SIZEOF (.log_backends)
                0x0000000000002aec                __stop_log_backends = __log_backends_end__
                0x0000000000002aec                __log_backends_load_end__ = __log_backends_end__
                0x0000000000000001                . = ASSERT (((__log_backends_start__ == __log_backends_end__) || ((__log_backends_end__ >= __FLASH_segment_start__) && (__log_backends_end__ <= __FLASH_segment_end__))), error: .log_backends is too large to fit in FLASH memory segment)
                0x0000000000002aec                __nrf_balloc_load_start__ = ALIGN (__log_backends_end__, 0x4)

.nrf_balloc     0x0000000000002aec        0x0
                0x0000000000002aec                __nrf_balloc_start__ = .
                0x0000000000002aec                __start_nrf_balloc = __nrf_balloc_start__
 *(.nrf_balloc*)
                0x0000000000002aec                __nrf_balloc_end__ = (__nrf_balloc_start__ + SIZEOF (.nrf_balloc))
                0x0000000000000000                __nrf_balloc_size__ = SIZEOF (.nrf_balloc)
                0x0000000000002aec                __stop_nrf_balloc = __nrf_balloc_end__
                0x0000000000002aec                __nrf_balloc_load_end__ = __nrf_balloc_end__
                0x0000000000000001                . = ASSERT (((__nrf_balloc_start__ == __nrf_balloc_end__) || ((__nrf_balloc_end__ >= __FLASH_segment_start__) && (__nrf_balloc_end__ <= __FLASH_segment_end__))), error: .nrf_balloc is too large to fit in FLASH memory segment)
                0x0000000000002aec                __nrf_sections_load_start__ = ALIGN (__nrf_balloc_end__, 0x4)

.nrf_sections   0x0000000000002aec        0x0
                0x0000000000002aec                __nrf_sections_start__ = .
                0x0000000000002aec                __start_nrf_sections = __nrf_sections_start__
 *(.nrf_sections .nrf_sections.*)
                0x0000000000002aec                __nrf_sections_end__ = (__nrf_sections_start__ + SIZEOF (.nrf_sections))
                0x0000000000000000                __nrf_sections_size__ = SIZEOF (.nrf_sections)
                0x0000000000002aec                __nrf_sections_load_end__ = __nrf_sections_end__
                0x0000000000000001                . = ASSERT (((__nrf_sections_start__ == __nrf_sections_end__) || ((__nrf_sections_end__ >= __FLASH_segment_start__) && (__nrf_sections_end__ <= __FLASH_segment_end__))), error: .nrf_sections is too large to fit in FLASH memory segment)
                0x0000000000002aec                __log_dynamic_data_load_start__ = ALIGN (__nrf_sections_end__, 0x4)

.log_dynamic_data
                0x0000000020000000        0x0 load address 0x0000000000002aec
                0x0000000020000000                __log_dynamic_data_start__ = .
 *(SORT_BY_NAME(.log_dynamic_data*))
                0x0000000020000000                __log_dynamic_data_end__ = (__log_dynamic_data_start__ + SIZEOF (.log_dynamic_data))
                0x0000000000000000                __log_dynamic_data_size__ = SIZEOF (.log_dynamic_data)
                0x0000000000002aec                __log_dynamic_data_load_end__ = (__log_dynamic_data_load_start__ + SIZEOF (.log_dynamic_data))
                0x0000000000000001                . = ASSERT (((__log_dynamic_data_load_start__ == __log_dynamic_data_load_end__) || ((__log_dynamic_data_load_end__ >= __FLASH_segment_start__) && (__log_dynamic_data_load_end__ <= __FLASH_segment_end__))), error: .log_dynamic_data is too large to fit in FLASH memory segment)

.log_dynamic_data_run
                0x0000000020000000        0x0
                0x0000000020000000                __log_dynamic_data_run_start__ = .
                0x0000000020000000                __start_log_dynamic_data = __log_dynamic_data_run_start__
                0x0000000020000000                . = MAX ((__log_dynamic_data_run_start__ + SIZEOF (.log_dynamic_data)), .)
                0x0000000020000000                __log_dynamic_data_run_end__ = (__log_dynamic_data_run_start__ + SIZEOF (.log_dynamic_data_run))
                0x0000000000000000                __log_dynamic_data_run_size__ = SIZEOF (.log_dynamic_data_run)
                0x0000000020000000                __stop_log_dynamic_data = __log_dynamic_data_run_end__
                0x0000000020000000                __log_dynamic_data_run_load_end__ = __log_dynamic_data_run_end__
                0x0000000000000001                . = ASSERT (((__log_dynamic_data_run_start__ == __log_dynamic_data_run_end__) || ((__log_dynamic_data_run_end__ >= __RAM_segment_start__) && (__log_dynamic_data_run_end__ <= __RAM_segment_end__))), error: .log_dynamic_data_run is too large to fit in RAM memory segment)
                0x0000000000002aec                __log_filter_data_load_start__ = ALIGN ((__log_dynamic_data_load_start__ + SIZEOF (.log_dynamic_data)), 0x4)

.log_filter_data
                0x0000000020000000        0x0 load address 0x0000000000002aec
                0x0000000020000000                __log_filter_data_start__ = .
 *(SORT_BY_NAME(.log_filter_data*))
                0x0000000020000000                __log_filter_data_end__ = (__log_filter_data_start__ + SIZEOF (.log_filter_data))
                0x0000000000000000                __log_filter_data_size__ = SIZEOF (.log_filter_data)
                0x0000000000002aec                __log_filter_data_load_end__ = (__log_filter_data_load_start__ + SIZEOF (.log_filter_data))
                0x0000000000000001                . = ASSERT (((__log_filter_data_load_start__ == __log_filter_data_load_end__) || ((__log_filter_data_load_end__ >= __FLASH_segment_start__) && (__log_filter_data_load_end__ <= __FLASH_segment_end__))), error: .log_filter_data is too large to fit in FLASH memory segment)

.log_filter_data_run
                0x0000000020000000        0x0
                0x0000000020000000                __log_filter_data_run_start__ = .
                0x0000000020000000                __start_log_filter_data = __log_filter_data_run_start__
                0x0000000020000000                . = MAX ((__log_filter_data_run_start__ + SIZEOF (.log_filter_data)), .)
                0x0000000020000000                __log_filter_data_run_end__ = (__log_filter_data_run_start__ + SIZEOF (.log_filter_data_run))
                0x0000000000000000                __log_filter_data_run_size__ = SIZEOF (.log_filter_data_run)
                0x0000000020000000                __stop_log_filter_data = __log_filter_data_run_end__
                0x0000000020000000                __log_filter_data_run_load_end__ = __log_filter_data_run_end__
                0x0000000000000001                . = ASSERT (((__log_filter_data_run_start__ == __log_filter_data_run_end__) || ((__log_filter_data_run_end__ >= __RAM_segment_start__) && (__log_filter_data_run_end__ <= __RAM_segment_end__))), error: .log_filter_data_run is too large to fit in RAM memory segment)
                0x0000000020000000                __nrf_sections_run_end_load_start__ = ALIGN (__log_filter_data_run_end__, 0x4)

.nrf_sections_run_end
                0x0000000020000000        0x0
                0x0000000020000000                __nrf_sections_run_end_start__ = .
                0x0000000020000000                __end_nrf_sections_run = __nrf_sections_run_end_start__
 *(.nrf_sections_run_end .nrf_sections_run_end.*)
                0x0000000020000000                __nrf_sections_run_end_end__ = (__nrf_sections_run_end_start__ + SIZEOF (.nrf_sections_run_end))
                0x0000000000000000                __nrf_sections_run_end_size__ = SIZEOF (.nrf_sections_run_end)
                0x0000000020000000                __nrf_sections_run_end_load_end__ = __nrf_sections_run_end_end__
                0x0000000000000001                . = ASSERT (((__nrf_sections_run_end_start__ == __nrf_sections_run_end_end__) || ((__nrf_sections_run_end_end__ >= __RAM_segment_start__) && (__nrf_sections_run_end_end__ <= __RAM_segment_end__))), error: .nrf_sections_run_end is too large to fit in RAM memory segment)
                0x0000000000002aec                __dtors_load_start__ = ALIGN ((__log_filter_data_load_start__ + SIZEOF (.log_filter_data)), 0x4)

.dtors          0x0000000000002aec        0x0
                0x0000000000002aec                __dtors_start__ = .
 *(SORT_BY_NAME(.dtors.*))
 *(.dtors)
 *(.fini_array)
 *(SORT_BY_NAME(.fini_array.*))
                0x0000000000002aec                __dtors_end__ = (__dtors_start__ + SIZEOF (.dtors))
                0x0000000000000000                __dtors_size__ = SIZEOF (.dtors)
                0x0000000000002aec                __dtors_load_end__ = __dtors_end__
                0x0000000000000001                . = ASSERT (((__dtors_start__ == __dtors_end__) || ((__dtors_end__ >= __FLASH_segment_start__) && (__dtors_end__ <= __FLASH_segment_end__))), error: .dtors is too large to fit in FLASH memory segment)
                0x0000000000002aec                __ctors_load_start__ = ALIGN (__dtors_end__, 0x4)

.ctors          0x0000000000002aec        0x0
                0x0000000000002aec                __ctors_start__ = .
 *(SORT_BY_NAME(.ctors.*))
 *(.ctors)
 *(.init_array)
 *(SORT_BY_NAME(.init_array.*))
                0x0000000000002aec                __ctors_end__ = (__ctors_start__ + SIZEOF (.ctors))
                0x0000000000000000                __ctors_size__ = SIZEOF (.ctors)
                0x0000000000002aec                __ctors_load_end__ = __ctors_end__
                0x0000000000000001                . = ASSERT (((__ctors_start__ == __ctors_end__) || ((__ctors_end__ >= __FLASH_segment_start__) && (__ctors_end__ <= __FLASH_segment_end__))), error: .ctors is too large to fit in FLASH memory segment)
                0x0000000000002aec                __rodata_load_start__ = ALIGN (__ctors_end__, 0x4)

.rodata         0x0000000000002aec      0x550
                0x0000000000002aec                __rodata_start__ = .
 *(.rodata .rodata.* .gnu.linkonce.r.*)
 .rodata.bsp_board_led_state_get.str1.1
                0x0000000000002aec       0x4a Output/serial_pca10056 Release/Obj/boards.o
 .rodata.m_board_btn_list
                0x0000000000002b36        0x4 Output/serial_pca10056 Release/Obj/boards.o
 .rodata.m_board_led_list
                0x0000000000002b3a        0x4 Output/serial_pca10056 Release/Obj/boards.o
 .rodata.nrf_gpio_pin_port_decode.str1.1
                0x0000000000002b3e       0x2e Output/serial_pca10056 Release/Obj/boards.o
 *fill*         0x0000000000002b6c        0x4 
 .rodata.delay_bytecode.8083
                0x0000000000002b70        0x6 Output/serial_pca10056 Release/Obj/app_timer.o
 .rodata.app_util_critical_region_enter.str1.1
                0x0000000000002b76       0x5d Output/serial_pca10056 Release/Obj/app_util_platform.o
 .rodata.nrf_queue_next_idx.str1.1
                0x0000000000002bd3       0x56 Output/serial_pca10056 Release/Obj/nrf_queue.o
 .rodata.nrf_mtx_unlock.str1.1
                0x0000000000002c29       0x37 Output/serial_pca10056 Release/Obj/nrf_serial.o
 .rodata.nrf_serial_init.str1.1
                0x0000000000002c60       0x39 Output/serial_pca10056 Release/Obj/nrf_serial.o
 .rodata.uart_event_handler.str1.1
                0x0000000000002c99       0x58 Output/serial_pca10056 Release/Obj/nrf_serial.o
 .rodata.nrf_drv_clock_uninit.str1.1
                0x0000000000002cf1       0x57 Output/serial_pca10056 Release/Obj/nrf_drv_clock.o
 .rodata.m_drv_power_config_default
                0x0000000000002d48        0x1 Output/serial_pca10056 Release/Obj/nrf_drv_power.o
 .rodata.nrf_drv_uart_init.str1.1
                0x0000000000002d49       0x56 Output/serial_pca10056 Release/Obj/nrf_drv_uart.o
 .rodata.nrfx_clock_init.str1.1
                0x0000000000002d9f       0x55 Output/serial_pca10056 Release/Obj/nrfx_clock.o
 .rodata.nrf_gpio_pin_port_decode.str1.1
                0x0000000000002df4       0x2e Output/serial_pca10056 Release/Obj/nrfx_gpiote.o
 .rodata.nrfx_power_init.str1.1
                0x0000000000002df4       0x55 Output/serial_pca10056 Release/Obj/nrfx_power.o
 .rodata.UARTE0_UART0_IRQHandler.str1.1
                0x0000000000002e49       0x57 Output/serial_pca10056 Release/Obj/nrfx_prs.o
 .rodata.nrf_gpio_pin_port_decode.str1.1
                0x0000000000002ea0       0x2e Output/serial_pca10056 Release/Obj/nrfx_uart.o
 .rodata.nrfx_uart_init.str1.1
                0x0000000000002ea0       0x83 Output/serial_pca10056 Release/Obj/nrfx_uart.o
 .rodata.nrf_gpio_pin_port_decode.str1.1
                0x0000000000002f23       0x2e Output/serial_pca10056 Release/Obj/nrfx_uarte.o
 .rodata.nrfx_uarte_init.str1.1
                0x0000000000002f23       0x55 Output/serial_pca10056 Release/Obj/nrfx_uarte.o
                                         0x84 (size before relaxing)
 .rodata.m_uart0_drv_config
                0x0000000000002f78       0x20 Output/serial_pca10056 Release/Obj/main.o
 .rodata.main.str1.1
                0x0000000000002f98       0x51 Output/serial_pca10056 Release/Obj/main.o
 *fill*         0x0000000000002fe9        0x3 
 .rodata.serial_buffs
                0x0000000000002fec        0xc Output/serial_pca10056 Release/Obj/main.o
 .rodata.serial_config
                0x0000000000002ff8       0x14 Output/serial_pca10056 Release/Obj/main.o
 .rodata.serial_queues
                0x000000000000300c        0x8 Output/serial_pca10056 Release/Obj/main.o
 .rodata.serial_uart
                0x0000000000003014       0x20 Output/serial_pca10056 Release/Obj/main.o
 .rodata.serial_uart_rx_timer
                0x0000000000003034        0x4 Output/serial_pca10056 Release/Obj/main.o
 .rodata.serial_uart_tx_timer
                0x0000000000003038        0x4 Output/serial_pca10056 Release/Obj/main.o
                0x000000000000303c                __rodata_end__ = (__rodata_start__ + SIZEOF (.rodata))
                0x0000000000000550                __rodata_size__ = SIZEOF (.rodata)
                0x000000000000303c                __rodata_load_end__ = __rodata_end__

.rel.dyn        0x000000000000303c        0x0
 .rel.iplt      0x000000000000303c        0x0 Output/serial_pca10056 Release/Obj/thumb_crt0.o
                0x0000000000000001                . = ASSERT (((__rodata_start__ == __rodata_end__) || ((__rodata_end__ >= __FLASH_segment_start__) && (__rodata_end__ <= __FLASH_segment_end__))), error: .rodata is too large to fit in FLASH memory segment)
                0x000000000000303c                __ARM.exidx_load_start__ = ALIGN (__rodata_end__, 0x4)

.ARM.exidx      0x000000000000303c        0x0
                0x000000000000303c                __ARM.exidx_start__ = .
                0x000000000000303c                __exidx_start = __ARM.exidx_start__
 *(.ARM.exidx .ARM.exidx.*)
                0x000000000000303c                __ARM.exidx_end__ = (__ARM.exidx_start__ + SIZEOF (.ARM.exidx))
                0x0000000000000000                __ARM.exidx_size__ = SIZEOF (.ARM.exidx)
                0x000000000000303c                __exidx_end = __ARM.exidx_end__
                0x000000000000303c                __ARM.exidx_load_end__ = __ARM.exidx_end__
                0x0000000000000001                . = ASSERT (((__ARM.exidx_start__ == __ARM.exidx_end__) || ((__ARM.exidx_end__ >= __FLASH_segment_start__) && (__ARM.exidx_end__ <= __FLASH_segment_end__))), error: .ARM.exidx is too large to fit in FLASH memory segment)
                0x000000000000303c                __fast_load_start__ = ALIGN (__ARM.exidx_end__, 0x4)

.fast           0x0000000020000000        0x0 load address 0x000000000000303c
                0x0000000020000000                __fast_start__ = .
 *(.fast .fast.*)
                0x0000000020000000                __fast_end__ = (__fast_start__ + SIZEOF (.fast))
                0x0000000000000000                __fast_size__ = SIZEOF (.fast)
                0x000000000000303c                __fast_load_end__ = (__fast_load_start__ + SIZEOF (.fast))
                0x0000000000000001                . = ASSERT (((__fast_load_start__ == __fast_load_end__) || ((__fast_load_end__ >= __FLASH_segment_start__) && (__fast_load_end__ <= __FLASH_segment_end__))), error: .fast is too large to fit in FLASH memory segment)

.fast_run       0x0000000020000000        0x0
                0x0000000020000000                __fast_run_start__ = .
                0x0000000020000000                . = MAX ((__fast_run_start__ + SIZEOF (.fast)), .)
                0x0000000020000000                __fast_run_end__ = (__fast_run_start__ + SIZEOF (.fast_run))
                0x0000000000000000                __fast_run_size__ = SIZEOF (.fast_run)
                0x0000000020000000                __fast_run_load_end__ = __fast_run_end__
                0x0000000000000001                . = ASSERT (((__fast_run_start__ == __fast_run_end__) || ((__fast_run_end__ >= __RAM_segment_start__) && (__fast_run_end__ <= __RAM_segment_end__))), error: .fast_run is too large to fit in RAM memory segment)
                0x000000000000303c                __data_load_start__ = ALIGN ((__fast_load_start__ + SIZEOF (.fast)), 0x4)

.data           0x0000000020000000       0x18 load address 0x000000000000303c
                0x0000000020000000                __data_start__ = .
 *(.data .data.* .gnu.linkonce.d.*)
 .data.tx_message.10121
                0x0000000020000000       0x14 Output/serial_pca10056 Release/Obj/main.o
 .data.SystemCoreClock
                0x0000000020000014        0x4 Output/serial_pca10056 Release/Obj/system_nrf52840.o
                0x0000000020000014                SystemCoreClock
                0x0000000020000018                __data_end__ = (__data_start__ + SIZEOF (.data))
                0x0000000000000018                __data_size__ = SIZEOF (.data)
                0x0000000000003054                __data_load_end__ = (__data_load_start__ + SIZEOF (.data))

.igot.plt       0x0000000100000000        0x0
 .igot.plt      0x0000000100000000        0x0 Output/serial_pca10056 Release/Obj/thumb_crt0.o
                0x0000000000000001                . = ASSERT (((__data_load_start__ == __data_load_end__) || ((__data_load_end__ >= __FLASH_segment_start__) && (__data_load_end__ <= __FLASH_segment_end__))), error: .data is too large to fit in FLASH memory segment)

.data_run       0x0000000020000000       0x18 load address 0x000000000000303c
                0x0000000020000000                __data_run_start__ = .
                0x0000000020000018                . = MAX ((__data_run_start__ + SIZEOF (.data)), .)
 *fill*         0x0000000020000000       0x18 
                0x0000000020000018                __data_run_end__ = (__data_run_start__ + SIZEOF (.data_run))
                0x0000000000000018                __data_run_size__ = SIZEOF (.data_run)
                0x0000000020000018                __data_run_load_end__ = __data_run_end__
                0x0000000000000001                . = ASSERT (((__data_run_start__ == __data_run_end__) || ((__data_run_end__ >= __RAM_segment_start__) && (__data_run_end__ <= __RAM_segment_end__))), error: .data_run is too large to fit in RAM memory segment)
                0x0000000000003054                __tdata_load_start__ = ALIGN ((__data_load_start__ + SIZEOF (.data)), 0x4)

.tdata          0x0000000020000018        0x0 load address 0x0000000000003054
                0x0000000020000018                __tdata_start__ = .
 *(.tdata .tdata.*)
                0x0000000020000018                __tdata_end__ = (__tdata_start__ + SIZEOF (.tdata))
                0x0000000000000000                __tdata_size__ = SIZEOF (.tdata)
                0x0000000000003054                __tdata_load_end__ = (__tdata_load_start__ + SIZEOF (.tdata))
                0x0000000000003054                __FLASH_segment_used_end__ = (ALIGN ((__data_load_start__ + SIZEOF (.data)), 0x4) + SIZEOF (.tdata))
                0x0000000000003054                __FLASH_segment_used_size__ = (__FLASH_segment_used_end__ - __FLASH_segment_start__)
                0x0000000000000001                . = ASSERT (((__tdata_load_start__ == __tdata_load_end__) || ((__tdata_load_end__ >= __FLASH_segment_start__) && (__tdata_load_end__ <= __FLASH_segment_end__))), error: .tdata is too large to fit in FLASH memory segment)

.tdata_run      0x0000000020000018        0x0
                0x0000000020000018                __tdata_run_start__ = .
                0x0000000020000018                . = MAX ((__tdata_run_start__ + SIZEOF (.tdata)), .)
                0x0000000020000018                __tdata_run_end__ = (__tdata_run_start__ + SIZEOF (.tdata_run))
                0x0000000000000000                __tdata_run_size__ = SIZEOF (.tdata_run)
                0x0000000020000018                __tdata_run_load_end__ = __tdata_run_end__
                0x0000000000000001                . = ASSERT (((__tdata_run_start__ == __tdata_run_end__) || ((__tdata_run_end__ >= __RAM_segment_start__) && (__tdata_run_end__ <= __RAM_segment_end__))), error: .tdata_run is too large to fit in RAM memory segment)
                0x0000000020000018                __bss_load_start__ = ALIGN (__tdata_run_end__, 0x4)

.bss            0x0000000020000018      0x304
                0x0000000020000018                __bss_start__ = .
 *(.bss .bss.* .gnu.linkonce.b.*)
 .bss.m_error_data.7608
                0x0000000020000018       0x20 Output/serial_pca10056 Release/Obj/app_error.o
 .bss.m_op_queue
                0x0000000020000038      0x10c Output/serial_pca10056 Release/Obj/app_timer.o
 .bss.m_rtc1_reset
                0x0000000020000144        0x1 Output/serial_pca10056 Release/Obj/app_timer.o
 .bss.m_rtc1_running
                0x0000000020000145        0x1 Output/serial_pca10056 Release/Obj/app_timer.o
 *fill*         0x0000000020000146        0x2 
 .bss.m_ticks_elapsed
                0x0000000020000148        0x8 Output/serial_pca10056 Release/Obj/app_timer.o
 .bss.m_ticks_elapsed_q_read_ind
                0x0000000020000150        0x1 Output/serial_pca10056 Release/Obj/app_timer.o
 .bss.m_ticks_elapsed_q_write_ind
                0x0000000020000151        0x1 Output/serial_pca10056 Release/Obj/app_timer.o
 *fill*         0x0000000020000152        0x2 
 .bss.m_ticks_latest
                0x0000000020000154        0x4 Output/serial_pca10056 Release/Obj/app_timer.o
 .bss.mp_timer_id_head
                0x0000000020000158        0x4 Output/serial_pca10056 Release/Obj/app_timer.o
 .bss.m_in_critical_region
                0x000000002000015c        0x4 Output/serial_pca10056 Release/Obj/app_util_platform.o
 .bss.m_clock_cb
                0x0000000020000160       0x14 Output/serial_pca10056 Release/Obj/nrf_drv_clock.o
 .bss.m_initialized
                0x0000000020000174        0x1 Output/serial_pca10056 Release/Obj/nrf_drv_power.o
 *fill*         0x0000000020000175        0x3 
 .bss.m_contexts
                0x0000000020000178        0x8 Output/serial_pca10056 Release/Obj/nrf_drv_uart.o
 .bss.m_handlers
                0x0000000020000180        0x8 Output/serial_pca10056 Release/Obj/nrf_drv_uart.o
 .bss.nrf_drv_uart_use_easy_dma
                0x0000000020000188        0x2 Output/serial_pca10056 Release/Obj/nrf_drv_uart.o
                0x0000000020000188                nrf_drv_uart_use_easy_dma
 *fill*         0x000000002000018a        0x2 
 .bss.m_clock_cb
                0x000000002000018c        0x8 Output/serial_pca10056 Release/Obj/nrfx_clock.o
 .bss.nrfx_clock_irq_enabled
                0x0000000020000194        0x1 Output/serial_pca10056 Release/Obj/nrfx_clock.o
                0x0000000020000194                nrfx_clock_irq_enabled
 *fill*         0x0000000020000195        0x3 
 .bss.m_cb      0x0000000020000198       0x6c Output/serial_pca10056 Release/Obj/nrfx_gpiote.o
 .bss.m_pofwarn_handler
                0x0000000020000204        0x4 Output/serial_pca10056 Release/Obj/nrfx_power.o
 .bss.m_sleepevt_handler
                0x0000000020000208        0x4 Output/serial_pca10056 Release/Obj/nrfx_power.o
 .bss.m_usbevt_handler
                0x000000002000020c        0x4 Output/serial_pca10056 Release/Obj/nrfx_power.o
 .bss.nrfx_power_irq_enabled
                0x0000000020000210        0x1 Output/serial_pca10056 Release/Obj/nrfx_power.o
                0x0000000020000210                nrfx_power_irq_enabled
 *fill*         0x0000000020000211        0x3 
 .bss.m_prs_box_4
                0x0000000020000214        0x8 Output/serial_pca10056 Release/Obj/nrfx_prs.o
 .bss.m_cb      0x000000002000021c       0x2c Output/serial_pca10056 Release/Obj/nrfx_uart.o
 .bss.m_cb      0x0000000020000248       0x24 Output/serial_pca10056 Release/Obj/nrfx_uarte.o
 .bss.serial_buffs_rxb
                0x000000002000026c        0x1 Output/serial_pca10056 Release/Obj/main.o
 .bss.serial_buffs_txb
                0x000000002000026d        0x1 Output/serial_pca10056 Release/Obj/main.o
 .bss.serial_queues_rxq_nrf_queue_buffer
                0x000000002000026e       0x21 Output/serial_pca10056 Release/Obj/main.o
 *fill*         0x000000002000028f        0x1 
 .bss.serial_queues_rxq_nrf_queue_cb
                0x0000000020000290        0xc Output/serial_pca10056 Release/Obj/main.o
 .bss.serial_queues_txq_nrf_queue_buffer
                0x000000002000029c       0x21 Output/serial_pca10056 Release/Obj/main.o
 *fill*         0x00000000200002bd        0x3 
 .bss.serial_queues_txq_nrf_queue_cb
                0x00000000200002c0        0xc Output/serial_pca10056 Release/Obj/main.o
 .bss.serial_uart_ctx
                0x00000000200002cc       0x10 Output/serial_pca10056 Release/Obj/main.o
 .bss.serial_uart_rx_timer_data
                0x00000000200002dc       0x20 Output/serial_pca10056 Release/Obj/main.o
 .bss.serial_uart_tx_timer_data
                0x00000000200002fc       0x20 Output/serial_pca10056 Release/Obj/main.o
 *(COMMON)
                0x000000002000031c                __bss_end__ = (__bss_start__ + SIZEOF (.bss))
                0x0000000000000304                __bss_size__ = SIZEOF (.bss)
                0x000000002000031c                __bss_load_end__ = __bss_end__
                0x0000000000000001                . = ASSERT (((__bss_start__ == __bss_end__) || ((__bss_end__ >= __RAM_segment_start__) && (__bss_end__ <= __RAM_segment_end__))), error: .bss is too large to fit in RAM memory segment)
                0x000000002000031c                __tbss_load_start__ = ALIGN (__bss_end__, 0x4)

.tbss           0x000000002000031c        0x0
                0x000000002000031c                __tbss_start__ = .
 *(.tbss .tbss.*)
                0x000000002000031c                __tbss_end__ = (__tbss_start__ + SIZEOF (.tbss))
                0x0000000000000000                __tbss_size__ = SIZEOF (.tbss)
                0x000000002000031c                __tbss_load_end__ = __tbss_end__
                0x0000000000000001                . = ASSERT (((__tbss_start__ == __tbss_end__) || ((__tbss_end__ >= __RAM_segment_start__) && (__tbss_end__ <= __RAM_segment_end__))), error: .tbss is too large to fit in RAM memory segment)
                0x000000002000031c                __non_init_load_start__ = ALIGN (__tbss_end__, 0x4)

.non_init       0x000000002000031c        0x0
                0x000000002000031c                __non_init_start__ = .
 *(.non_init .non_init.*)
                0x000000002000031c                __non_init_end__ = (__non_init_start__ + SIZEOF (.non_init))
                0x0000000000000000                __non_init_size__ = SIZEOF (.non_init)
                0x000000002000031c                __non_init_load_end__ = __non_init_end__
                0x0000000000000001                . = ASSERT (((__non_init_start__ == __non_init_end__) || ((__non_init_end__ >= __RAM_segment_start__) && (__non_init_end__ <= __RAM_segment_end__))), error: .non_init is too large to fit in RAM memory segment)
                0x000000002000031c                __heap_load_start__ = ALIGN (__non_init_end__, 0x4)

.heap           0x000000002000031c     0x2000
                0x000000002000031c                __heap_start__ = .
 *(.heap .heap.*)
                0x000000002000231c                . = ALIGN (MAX ((__heap_start__ + __HEAPSIZE__), .), 0x4)
 *fill*         0x000000002000031c     0x2000 
                0x000000002000231c                __heap_end__ = (__heap_start__ + SIZEOF (.heap))
                0x0000000000002000                __heap_size__ = SIZEOF (.heap)
                0x000000002000231c                __heap_load_end__ = __heap_end__
                0x0000000000000001                . = ASSERT (((__heap_start__ == __heap_end__) || ((__heap_end__ >= __RAM_segment_start__) && (__heap_end__ <= __RAM_segment_end__))), error: .heap is too large to fit in RAM memory segment)
                0x000000002003e000                __stack_load_start__ = (__RAM_segment_end__ - 0x2000)

.stack          0x000000002003e000     0x2000
                0x000000002003e000                __stack_start__ = .
                0x000000002003e000                __StackLimit = __stack_start__
 *(.stack .stack.*)
                0x0000000020040000                . = ALIGN (MAX ((__stack_start__ + __STACKSIZE__), .), 0x8)
 *fill*         0x000000002003e000     0x2000 
                0x0000000020040000                __stack_end__ = (__stack_start__ + SIZEOF (.stack))
                0x0000000000002000                __stack_size__ = SIZEOF (.stack)
                0x0000000020040000                __StackTop = __stack_end__
                0x0000000020040000                __stack_load_end__ = __stack_end__
                0x0000000000000001                . = ASSERT (((__stack_start__ == __stack_end__) || ((__stack_end__ >= __RAM_segment_start__) && (__stack_end__ <= __RAM_segment_end__))), error: .stack is too large to fit in RAM memory segment)
                0x0000000000000001                . = ASSERT ((__heap_end__ <= __stack_start__), error: section .heap overlaps absolute placed section .stack)
                0x0000000020040000                __stack_process_load_start__ = ALIGN (__stack_end__, 0x8)

.stack_process  0x0000000020040000        0x0
                0x0000000020040000                __stack_process_start__ = .
 *(.stack_process .stack_process.*)
                0x0000000020040000                . = ALIGN (MAX ((__stack_process_start__ + __STACKSIZE_PROCESS__), .), 0x8)
                0x0000000020040000                __stack_process_end__ = (__stack_process_start__ + SIZEOF (.stack_process))
                0x0000000000000000                __stack_process_size__ = SIZEOF (.stack_process)
                0x0000000020040000                __stack_process_load_end__ = __stack_process_end__
                0x0000000020040000                __RAM_segment_used_end__ = (ALIGN (__stack_end__, 0x8) + SIZEOF (.stack_process))
                0x0000000000040000                __RAM_segment_used_size__ = (__RAM_segment_used_end__ - __RAM_segment_start__)
                0x0000000000000001                . = ASSERT (((__stack_process_start__ == __stack_process_end__) || ((__stack_process_end__ >= __RAM_segment_start__) && (__stack_process_end__ <= __RAM_segment_end__))), error: .stack_process is too large to fit in RAM memory segment)
START GROUP
LOAD Output/serial_pca10056 Release/Obj/thumb_crt0.o
LOAD Output/serial_pca10056 Release/Obj/nrf_log_frontend.o
LOAD Output/serial_pca10056 Release/Obj/nrf_log_str_formatter.o
LOAD Output/serial_pca10056 Release/Obj/boards.o
LOAD Output/serial_pca10056 Release/Obj/app_button.o
LOAD Output/serial_pca10056 Release/Obj/app_error.o
LOAD Output/serial_pca10056 Release/Obj/app_error_handler_gcc.o
LOAD Output/serial_pca10056 Release/Obj/app_error_weak.o
LOAD Output/serial_pca10056 Release/Obj/app_scheduler.o
LOAD Output/serial_pca10056 Release/Obj/app_timer.o
LOAD Output/serial_pca10056 Release/Obj/app_util_platform.o
LOAD Output/serial_pca10056 Release/Obj/hardfault_handler_gcc.o
LOAD Output/serial_pca10056 Release/Obj/hardfault_implementation.o
LOAD Output/serial_pca10056 Release/Obj/nrf_assert.o
LOAD Output/serial_pca10056 Release/Obj/nrf_atomic.o
LOAD Output/serial_pca10056 Release/Obj/nrf_balloc.o
LOAD Output/serial_pca10056 Release/Obj/nrf_fprintf.o
LOAD Output/serial_pca10056 Release/Obj/nrf_fprintf_format.o
LOAD Output/serial_pca10056 Release/Obj/nrf_memobj.o
LOAD Output/serial_pca10056 Release/Obj/nrf_queue.o
LOAD Output/serial_pca10056 Release/Obj/nrf_ringbuf.o
LOAD Output/serial_pca10056 Release/Obj/nrf_serial.o
LOAD Output/serial_pca10056 Release/Obj/nrf_strerror.o
LOAD Output/serial_pca10056 Release/Obj/nrf_drv_clock.o
LOAD Output/serial_pca10056 Release/Obj/nrf_drv_power.o
LOAD Output/serial_pca10056 Release/Obj/nrf_drv_uart.o
LOAD Output/serial_pca10056 Release/Obj/nrf_nvic.o
LOAD Output/serial_pca10056 Release/Obj/nrf_soc.o
LOAD Output/serial_pca10056 Release/Obj/nrfx_clock.o
LOAD Output/serial_pca10056 Release/Obj/nrfx_gpiote.o
LOAD Output/serial_pca10056 Release/Obj/nrfx_power.o
LOAD Output/serial_pca10056 Release/Obj/nrfx_power_clock.o
LOAD Output/serial_pca10056 Release/Obj/nrfx_prs.o
LOAD Output/serial_pca10056 Release/Obj/nrfx_uart.o
LOAD Output/serial_pca10056 Release/Obj/nrfx_uarte.o
LOAD Output/serial_pca10056 Release/Obj/bsp.o
LOAD Output/serial_pca10056 Release/Obj/main.o
LOAD Output/serial_pca10056 Release/Obj/ses_startup_nrf52840.o
LOAD Output/serial_pca10056 Release/Obj/ses_startup_nrf_common.o
LOAD Output/serial_pca10056 Release/Obj/system_nrf52840.o
LOAD /usr/share/segger_embedded_studio_for_arm_3.40/lib/libdebugio_mempoll_v7em_fpv4_sp_d16_hard_t_le_eabi.a
LOAD /usr/share/segger_embedded_studio_for_arm_3.40/lib/libm_v7em_fpv4_sp_d16_hard_t_le_eabi.a
LOAD /usr/share/segger_embedded_studio_for_arm_3.40/lib/libc_v7em_fpv4_sp_d16_hard_t_le_eabi.a
LOAD /usr/share/segger_embedded_studio_for_arm_3.40/lib/libcpp_v7em_fpv4_sp_d16_hard_t_le_eabi.a
LOAD /usr/share/segger_embedded_studio_for_arm_3.40/lib/libdebugio_v7em_fpv4_sp_d16_hard_t_le_eabi.a
LOAD /usr/share/segger_embedded_studio_for_arm_3.40/lib/libvfprintf_v7em_fpv4_sp_d16_hard_t_le_eabi.o
LOAD /usr/share/segger_embedded_studio_for_arm_3.40/lib/libvfscanf_v7em_fpv4_sp_d16_hard_t_le_eabi.o
END GROUP
OUTPUT(Output/Release/Exe/serial_pca10056.elf elf32-littlearm)

.ARM.attributes
                0x0000000000000000       0x35
 .ARM.attributes
                0x0000000000000000       0x25 Output/serial_pca10056 Release/Obj/thumb_crt0.o
 .ARM.attributes
                0x0000000000000025       0x39 Output/serial_pca10056 Release/Obj/boards.o
 .ARM.attributes
                0x000000000000005e       0x39 Output/serial_pca10056 Release/Obj/app_error.o
 .ARM.attributes
                0x0000000000000097       0x39 Output/serial_pca10056 Release/Obj/app_error_handler_gcc.o
 .ARM.attributes
                0x00000000000000d0       0x39 Output/serial_pca10056 Release/Obj/app_error_weak.o
 .ARM.attributes
                0x0000000000000109       0x39 Output/serial_pca10056 Release/Obj/app_timer.o
 .ARM.attributes
                0x0000000000000142       0x39 Output/serial_pca10056 Release/Obj/app_util_platform.o
 .ARM.attributes
                0x000000000000017b       0x39 Output/serial_pca10056 Release/Obj/hardfault_handler_gcc.o
 .ARM.attributes
                0x00000000000001b4       0x39 Output/serial_pca10056 Release/Obj/hardfault_implementation.o
 .ARM.attributes
                0x00000000000001ed       0x39 Output/serial_pca10056 Release/Obj/nrf_assert.o
 .ARM.attributes
                0x0000000000000226       0x39 Output/serial_pca10056 Release/Obj/nrf_atomic.o
 .ARM.attributes
                0x000000000000025f       0x39 Output/serial_pca10056 Release/Obj/nrf_queue.o
 .ARM.attributes
                0x0000000000000298       0x39 Output/serial_pca10056 Release/Obj/nrf_serial.o
 .ARM.attributes
                0x00000000000002d1       0x39 Output/serial_pca10056 Release/Obj/nrf_drv_clock.o
 .ARM.attributes
                0x000000000000030a       0x39 Output/serial_pca10056 Release/Obj/nrf_drv_power.o
 .ARM.attributes
                0x0000000000000343       0x39 Output/serial_pca10056 Release/Obj/nrf_drv_uart.o
 .ARM.attributes
                0x000000000000037c       0x39 Output/serial_pca10056 Release/Obj/nrfx_clock.o
 .ARM.attributes
                0x00000000000003b5       0x39 Output/serial_pca10056 Release/Obj/nrfx_gpiote.o
 .ARM.attributes
                0x00000000000003ee       0x39 Output/serial_pca10056 Release/Obj/nrfx_power.o
 .ARM.attributes
                0x0000000000000427       0x39 Output/serial_pca10056 Release/Obj/nrfx_power_clock.o
 .ARM.attributes
                0x0000000000000460       0x39 Output/serial_pca10056 Release/Obj/nrfx_prs.o
 .ARM.attributes
                0x0000000000000499       0x39 Output/serial_pca10056 Release/Obj/nrfx_uart.o
 .ARM.attributes
                0x00000000000004d2       0x39 Output/serial_pca10056 Release/Obj/nrfx_uarte.o
 .ARM.attributes
                0x000000000000050b       0x39 Output/serial_pca10056 Release/Obj/main.o
 .ARM.attributes
                0x0000000000000544       0x25 Output/serial_pca10056 Release/Obj/ses_startup_nrf52840.o
 .ARM.attributes
                0x0000000000000569       0x25 Output/serial_pca10056 Release/Obj/ses_startup_nrf_common.o
 .ARM.attributes
                0x000000000000058e       0x39 Output/serial_pca10056 Release/Obj/system_nrf52840.o
 .ARM.attributes
                0x00000000000005c7       0x20 /usr/share/segger_embedded_studio_for_arm_3.40/lib/libc_v7em_fpv4_sp_d16_hard_t_le_eabi.a(libc_asm.o)
 .ARM.attributes
                0x00000000000005e7       0x20 /usr/share/segger_embedded_studio_for_arm_3.40/lib/libc_v7em_fpv4_sp_d16_hard_t_le_eabi.a(libc2_asm.o)

.comment        0x0000000000000000       0x4c
 .comment       0x0000000000000000       0x4c Output/serial_pca10056 Release/Obj/boards.o
                                         0x4d (size before relaxing)
 .comment       0x000000000000004c       0x4d Output/serial_pca10056 Release/Obj/app_error.o
 .comment       0x000000000000004c       0x4d Output/serial_pca10056 Release/Obj/app_error_handler_gcc.o
 .comment       0x000000000000004c       0x4d Output/serial_pca10056 Release/Obj/app_error_weak.o
 .comment       0x000000000000004c       0x4d Output/serial_pca10056 Release/Obj/app_timer.o
 .comment       0x000000000000004c       0x4d Output/serial_pca10056 Release/Obj/app_util_platform.o
 .comment       0x000000000000004c       0x4d Output/serial_pca10056 Release/Obj/hardfault_handler_gcc.o
 .comment       0x000000000000004c       0x4d Output/serial_pca10056 Release/Obj/hardfault_implementation.o
 .comment       0x000000000000004c       0x4d Output/serial_pca10056 Release/Obj/nrf_assert.o
 .comment       0x000000000000004c       0x4d Output/serial_pca10056 Release/Obj/nrf_atomic.o
 .comment       0x000000000000004c       0x4d Output/serial_pca10056 Release/Obj/nrf_queue.o
 .comment       0x000000000000004c       0x4d Output/serial_pca10056 Release/Obj/nrf_serial.o
 .comment       0x000000000000004c       0x4d Output/serial_pca10056 Release/Obj/nrf_drv_clock.o
 .comment       0x000000000000004c       0x4d Output/serial_pca10056 Release/Obj/nrf_drv_power.o
 .comment       0x000000000000004c       0x4d Output/serial_pca10056 Release/Obj/nrf_drv_uart.o
 .comment       0x000000000000004c       0x4d Output/serial_pca10056 Release/Obj/nrfx_clock.o
 .comment       0x000000000000004c       0x4d Output/serial_pca10056 Release/Obj/nrfx_gpiote.o
 .comment       0x000000000000004c       0x4d Output/serial_pca10056 Release/Obj/nrfx_power.o
 .comment       0x000000000000004c       0x4d Output/serial_pca10056 Release/Obj/nrfx_power_clock.o
 .comment       0x000000000000004c       0x4d Output/serial_pca10056 Release/Obj/nrfx_prs.o
 .comment       0x000000000000004c       0x4d Output/serial_pca10056 Release/Obj/nrfx_uart.o
 .comment       0x000000000000004c       0x4d Output/serial_pca10056 Release/Obj/nrfx_uarte.o
 .comment       0x000000000000004c       0x4d Output/serial_pca10056 Release/Obj/main.o
 .comment       0x000000000000004c       0x4d Output/serial_pca10056 Release/Obj/system_nrf52840.o

.debug_line     0x0000000000000000     0xaabe
 .debug_line    0x0000000000000000      0x1df Output/serial_pca10056 Release/Obj/thumb_crt0.o
 .debug_line    0x00000000000001df      0x72c Output/serial_pca10056 Release/Obj/boards.o
 .debug_line    0x000000000000090b      0x2f5 Output/serial_pca10056 Release/Obj/app_error.o
 .debug_line    0x0000000000000c00      0x33a Output/serial_pca10056 Release/Obj/app_error_handler_gcc.o
 .debug_line    0x0000000000000f3a      0x540 Output/serial_pca10056 Release/Obj/app_error_weak.o
 .debug_line    0x000000000000147a      0x908 Output/serial_pca10056 Release/Obj/app_timer.o
 .debug_line    0x0000000000001d82      0x38f Output/serial_pca10056 Release/Obj/app_util_platform.o
 .debug_line    0x0000000000002111      0x34b Output/serial_pca10056 Release/Obj/hardfault_handler_gcc.o
 .debug_line    0x000000000000245c      0x50e Output/serial_pca10056 Release/Obj/hardfault_implementation.o
 .debug_line    0x000000000000296a      0x2c5 Output/serial_pca10056 Release/Obj/nrf_assert.o
 .debug_line    0x0000000000002c2f      0x4cc Output/serial_pca10056 Release/Obj/nrf_atomic.o
 .debug_line    0x00000000000030fb      0x70e Output/serial_pca10056 Release/Obj/nrf_queue.o
 .debug_line    0x0000000000003809      0xb4c Output/serial_pca10056 Release/Obj/nrf_serial.o
 .debug_line    0x0000000000004355      0x894 Output/serial_pca10056 Release/Obj/nrf_drv_clock.o
 .debug_line    0x0000000000004be9      0x67f Output/serial_pca10056 Release/Obj/nrf_drv_power.o
 .debug_line    0x0000000000005268      0x5b7 Output/serial_pca10056 Release/Obj/nrf_drv_uart.o
 .debug_line    0x000000000000581f      0x8c5 Output/serial_pca10056 Release/Obj/nrfx_clock.o
 .debug_line    0x00000000000060e4     0x10a1 Output/serial_pca10056 Release/Obj/nrfx_gpiote.o
 .debug_line    0x0000000000007185      0x86b Output/serial_pca10056 Release/Obj/nrfx_power.o
 .debug_line    0x00000000000079f0      0x57a Output/serial_pca10056 Release/Obj/nrfx_power_clock.o
 .debug_line    0x0000000000007f6a      0x670 Output/serial_pca10056 Release/Obj/nrfx_prs.o
 .debug_line    0x00000000000085da      0xc2e Output/serial_pca10056 Release/Obj/nrfx_uart.o
 .debug_line    0x0000000000009208      0xb4c Output/serial_pca10056 Release/Obj/nrfx_uarte.o
 .debug_line    0x0000000000009d54      0x9a4 Output/serial_pca10056 Release/Obj/main.o
 .debug_line    0x000000000000a6f8       0x94 Output/serial_pca10056 Release/Obj/ses_startup_nrf52840.o
 .debug_line    0x000000000000a78c       0xb5 Output/serial_pca10056 Release/Obj/ses_startup_nrf_common.o
 .debug_line    0x000000000000a841      0x27d Output/serial_pca10056 Release/Obj/system_nrf52840.o

.debug_info     0x0000000000000000    0x20812
 .debug_info    0x0000000000000000       0x22 Output/serial_pca10056 Release/Obj/thumb_crt0.o
 .debug_info    0x0000000000000022     0x11ef Output/serial_pca10056 Release/Obj/boards.o
 .debug_info    0x0000000000001211      0x7e8 Output/serial_pca10056 Release/Obj/app_error.o
 .debug_info    0x00000000000019f9      0x67f Output/serial_pca10056 Release/Obj/app_error_handler_gcc.o
 .debug_info    0x0000000000002078      0xa03 Output/serial_pca10056 Release/Obj/app_error_weak.o
 .debug_info    0x0000000000002a7b     0x1d9f Output/serial_pca10056 Release/Obj/app_timer.o
 .debug_info    0x000000000000481a      0xd18 Output/serial_pca10056 Release/Obj/app_util_platform.o
 .debug_info    0x0000000000005532      0x5f5 Output/serial_pca10056 Release/Obj/hardfault_handler_gcc.o
 .debug_info    0x0000000000005b27      0xc08 Output/serial_pca10056 Release/Obj/hardfault_implementation.o
 .debug_info    0x000000000000672f      0x6a3 Output/serial_pca10056 Release/Obj/nrf_assert.o
 .debug_info    0x0000000000006dd2      0xd9e Output/serial_pca10056 Release/Obj/nrf_atomic.o
 .debug_info    0x0000000000007b70     0x1471 Output/serial_pca10056 Release/Obj/nrf_queue.o
 .debug_info    0x0000000000008fe1     0x2743 Output/serial_pca10056 Release/Obj/nrf_serial.o
 .debug_info    0x000000000000b724     0x134c Output/serial_pca10056 Release/Obj/nrf_drv_clock.o
 .debug_info    0x000000000000ca70      0xc97 Output/serial_pca10056 Release/Obj/nrf_drv_power.o
 .debug_info    0x000000000000d707     0x164c Output/serial_pca10056 Release/Obj/nrf_drv_uart.o
 .debug_info    0x000000000000ed53     0x1886 Output/serial_pca10056 Release/Obj/nrfx_clock.o
 .debug_info    0x00000000000105d9     0x3b47 Output/serial_pca10056 Release/Obj/nrfx_gpiote.o
 .debug_info    0x0000000000014120     0x1be4 Output/serial_pca10056 Release/Obj/nrfx_power.o
 .debug_info    0x0000000000015d04      0x665 Output/serial_pca10056 Release/Obj/nrfx_power_clock.o
 .debug_info    0x0000000000016369      0xdd3 Output/serial_pca10056 Release/Obj/nrfx_prs.o
 .debug_info    0x000000000001713c     0x31f8 Output/serial_pca10056 Release/Obj/nrfx_uart.o
 .debug_info    0x000000000001a334     0x314c Output/serial_pca10056 Release/Obj/nrfx_uarte.o
 .debug_info    0x000000000001d480     0x1fa6 Output/serial_pca10056 Release/Obj/main.o
 .debug_info    0x000000000001f426       0x26 Output/serial_pca10056 Release/Obj/ses_startup_nrf52840.o
 .debug_info    0x000000000001f44c       0x26 Output/serial_pca10056 Release/Obj/ses_startup_nrf_common.o
 .debug_info    0x000000000001f472     0x13a0 Output/serial_pca10056 Release/Obj/system_nrf52840.o

.debug_abbrev   0x0000000000000000     0x474c
 .debug_abbrev  0x0000000000000000       0x12 Output/serial_pca10056 Release/Obj/thumb_crt0.o
 .debug_abbrev  0x0000000000000012      0x349 Output/serial_pca10056 Release/Obj/boards.o
 .debug_abbrev  0x000000000000035b      0x1a9 Output/serial_pca10056 Release/Obj/app_error.o
 .debug_abbrev  0x0000000000000504      0x125 Output/serial_pca10056 Release/Obj/app_error_handler_gcc.o
 .debug_abbrev  0x0000000000000629      0x1d8 Output/serial_pca10056 Release/Obj/app_error_weak.o
 .debug_abbrev  0x0000000000000801      0x4cf Output/serial_pca10056 Release/Obj/app_timer.o
 .debug_abbrev  0x0000000000000cd0      0x2f9 Output/serial_pca10056 Release/Obj/app_util_platform.o
 .debug_abbrev  0x0000000000000fc9      0x116 Output/serial_pca10056 Release/Obj/hardfault_handler_gcc.o
 .debug_abbrev  0x00000000000010df      0x20d Output/serial_pca10056 Release/Obj/hardfault_implementation.o
 .debug_abbrev  0x00000000000012ec      0x15e Output/serial_pca10056 Release/Obj/nrf_assert.o
 .debug_abbrev  0x000000000000144a      0x220 Output/serial_pca10056 Release/Obj/nrf_atomic.o
 .debug_abbrev  0x000000000000166a      0x268 Output/serial_pca10056 Release/Obj/nrf_queue.o
 .debug_abbrev  0x00000000000018d2      0x509 Output/serial_pca10056 Release/Obj/nrf_serial.o
 .debug_abbrev  0x0000000000001ddb      0x41e Output/serial_pca10056 Release/Obj/nrf_drv_clock.o
 .debug_abbrev  0x00000000000021f9      0x253 Output/serial_pca10056 Release/Obj/nrf_drv_power.o
 .debug_abbrev  0x000000000000244c      0x23e Output/serial_pca10056 Release/Obj/nrf_drv_uart.o
 .debug_abbrev  0x000000000000268a      0x425 Output/serial_pca10056 Release/Obj/nrfx_clock.o
 .debug_abbrev  0x0000000000002aaf      0x522 Output/serial_pca10056 Release/Obj/nrfx_gpiote.o
 .debug_abbrev  0x0000000000002fd1      0x48a Output/serial_pca10056 Release/Obj/nrfx_power.o
 .debug_abbrev  0x000000000000345b      0x153 Output/serial_pca10056 Release/Obj/nrfx_power_clock.o
 .debug_abbrev  0x00000000000035ae      0x28c Output/serial_pca10056 Release/Obj/nrfx_prs.o
 .debug_abbrev  0x000000000000383a      0x51b Output/serial_pca10056 Release/Obj/nrfx_uart.o
 .debug_abbrev  0x0000000000003d55      0x4b5 Output/serial_pca10056 Release/Obj/nrfx_uarte.o
 .debug_abbrev  0x000000000000420a      0x2f8 Output/serial_pca10056 Release/Obj/main.o
 .debug_abbrev  0x0000000000004502       0x14 Output/serial_pca10056 Release/Obj/ses_startup_nrf52840.o
 .debug_abbrev  0x0000000000004516       0x14 Output/serial_pca10056 Release/Obj/ses_startup_nrf_common.o
 .debug_abbrev  0x000000000000452a      0x222 Output/serial_pca10056 Release/Obj/system_nrf52840.o

.debug_aranges  0x0000000000000000      0xa08
 .debug_aranges
                0x0000000000000000       0x80 Output/serial_pca10056 Release/Obj/thumb_crt0.o
 .debug_aranges
                0x0000000000000080       0x80 Output/serial_pca10056 Release/Obj/boards.o
 .debug_aranges
                0x0000000000000100       0x28 Output/serial_pca10056 Release/Obj/app_error.o
 .debug_aranges
                0x0000000000000128       0x20 Output/serial_pca10056 Release/Obj/app_error_handler_gcc.o
 .debug_aranges
                0x0000000000000148       0x20 Output/serial_pca10056 Release/Obj/app_error_weak.o
 .debug_aranges
                0x0000000000000168       0x90 Output/serial_pca10056 Release/Obj/app_timer.o
 .debug_aranges
                0x00000000000001f8       0x48 Output/serial_pca10056 Release/Obj/app_util_platform.o
 .debug_aranges
                0x0000000000000240       0x20 Output/serial_pca10056 Release/Obj/hardfault_handler_gcc.o
 .debug_aranges
                0x0000000000000260       0x28 Output/serial_pca10056 Release/Obj/hardfault_implementation.o
 .debug_aranges
                0x0000000000000288       0x20 Output/serial_pca10056 Release/Obj/nrf_assert.o
 .debug_aranges
                0x00000000000002a8       0xb0 Output/serial_pca10056 Release/Obj/nrf_atomic.o
 .debug_aranges
                0x0000000000000358       0xa0 Output/serial_pca10056 Release/Obj/nrf_queue.o
 .debug_aranges
                0x00000000000003f8       0xa8 Output/serial_pca10056 Release/Obj/nrf_serial.o
 .debug_aranges
                0x00000000000004a0       0x88 Output/serial_pca10056 Release/Obj/nrf_drv_clock.o
 .debug_aranges
                0x0000000000000528       0x60 Output/serial_pca10056 Release/Obj/nrf_drv_power.o
 .debug_aranges
                0x0000000000000588       0x30 Output/serial_pca10056 Release/Obj/nrf_drv_uart.o
 .debug_aranges
                0x00000000000005b8       0x80 Output/serial_pca10056 Release/Obj/nrfx_clock.o
 .debug_aranges
                0x0000000000000638      0x100 Output/serial_pca10056 Release/Obj/nrfx_gpiote.o
 .debug_aranges
                0x0000000000000738       0xa8 Output/serial_pca10056 Release/Obj/nrfx_power.o
 .debug_aranges
                0x00000000000007e0       0x20 Output/serial_pca10056 Release/Obj/nrfx_power_clock.o
 .debug_aranges
                0x0000000000000800       0x30 Output/serial_pca10056 Release/Obj/nrfx_prs.o
 .debug_aranges
                0x0000000000000830       0xb0 Output/serial_pca10056 Release/Obj/nrfx_uart.o
 .debug_aranges
                0x00000000000008e0       0x88 Output/serial_pca10056 Release/Obj/nrfx_uarte.o
 .debug_aranges
                0x0000000000000968       0x30 Output/serial_pca10056 Release/Obj/main.o
 .debug_aranges
                0x0000000000000998       0x20 Output/serial_pca10056 Release/Obj/ses_startup_nrf52840.o
 .debug_aranges
                0x00000000000009b8       0x20 Output/serial_pca10056 Release/Obj/ses_startup_nrf_common.o
 .debug_aranges
                0x00000000000009d8       0x30 Output/serial_pca10056 Release/Obj/system_nrf52840.o

.debug_str      0x0000000000000000    0x8a1eb
 .debug_str     0x0000000000000000       0xaf Output/serial_pca10056 Release/Obj/thumb_crt0.o
 .debug_str     0x00000000000000af    0x7c2fe Output/serial_pca10056 Release/Obj/boards.o
                                      0x7d4f3 (size before relaxing)
 .debug_str     0x000000000007c3ad      0x13c Output/serial_pca10056 Release/Obj/app_error.o
                                      0x6ecee (size before relaxing)
 .debug_str     0x000000000007c4e9      0x51c Output/serial_pca10056 Release/Obj/app_error_handler_gcc.o
                                      0x78fbe (size before relaxing)
 .debug_str     0x000000000007ca05     0x2d58 Output/serial_pca10056 Release/Obj/app_error_weak.o
                                      0x7c03f (size before relaxing)
 .debug_str     0x000000000007f75d      0xf9b Output/serial_pca10056 Release/Obj/app_timer.o
                                      0x7d262 (size before relaxing)
 .debug_str     0x00000000000806f8      0x1d7 Output/serial_pca10056 Release/Obj/app_util_platform.o
                                      0x6f539 (size before relaxing)
 .debug_str     0x00000000000808cf       0x86 Output/serial_pca10056 Release/Obj/hardfault_handler_gcc.o
                                      0x78ac5 (size before relaxing)
 .debug_str     0x0000000000080955      0x1a8 Output/serial_pca10056 Release/Obj/hardfault_implementation.o
                                      0x7c100 (size before relaxing)
 .debug_str     0x0000000000080afd       0x56 Output/serial_pca10056 Release/Obj/nrf_assert.o
                                      0x6ecf9 (size before relaxing)
 .debug_str     0x0000000000080b53      0x76e Output/serial_pca10056 Release/Obj/nrf_atomic.o
                                      0x791b9 (size before relaxing)
 .debug_str     0x00000000000812c1     0x1707 Output/serial_pca10056 Release/Obj/nrf_queue.o
                                      0x7d201 (size before relaxing)
 .debug_str     0x00000000000829c8     0x1b99 Output/serial_pca10056 Release/Obj/nrf_serial.o
                                      0x8007a (size before relaxing)
 .debug_str     0x0000000000084561      0x98d Output/serial_pca10056 Release/Obj/nrf_drv_clock.o
                                      0x7f394 (size before relaxing)
 .debug_str     0x0000000000084eee      0xf2d Output/serial_pca10056 Release/Obj/nrf_drv_power.o
                                      0x7d227 (size before relaxing)
 .debug_str     0x0000000000085e1b      0x495 Output/serial_pca10056 Release/Obj/nrf_drv_uart.o
                                      0x7d130 (size before relaxing)
 .debug_str     0x00000000000862b0      0x7d4 Output/serial_pca10056 Release/Obj/nrfx_clock.o
                                      0x7fadb (size before relaxing)
 .debug_str     0x0000000000086a84     0x18c6 Output/serial_pca10056 Release/Obj/nrfx_gpiote.o
                                      0x80d58 (size before relaxing)
 .debug_str     0x000000000008834a      0x4b2 Output/serial_pca10056 Release/Obj/nrfx_power.o
                                      0x7d112 (size before relaxing)
 .debug_str     0x00000000000887fc       0x5b Output/serial_pca10056 Release/Obj/nrfx_power_clock.o
                                      0x7be41 (size before relaxing)
 .debug_str     0x0000000000088857      0x363 Output/serial_pca10056 Release/Obj/nrfx_prs.o
                                      0x7f1b9 (size before relaxing)
 .debug_str     0x0000000000088bba      0x691 Output/serial_pca10056 Release/Obj/nrfx_uart.o
                                      0x803b1 (size before relaxing)
 .debug_str     0x000000000008924b      0x8a3 Output/serial_pca10056 Release/Obj/nrfx_uarte.o
                                      0x807af (size before relaxing)
 .debug_str     0x0000000000089aee      0x39c Output/serial_pca10056 Release/Obj/main.o
                                      0x83eb8 (size before relaxing)
 .debug_str     0x0000000000089e8a       0x57 Output/serial_pca10056 Release/Obj/ses_startup_nrf52840.o
                                         0xc3 (size before relaxing)
 .debug_str     0x0000000000089ee1       0x59 Output/serial_pca10056 Release/Obj/ses_startup_nrf_common.o
                                         0xc5 (size before relaxing)
 .debug_str     0x0000000000089f3a      0x2b1 Output/serial_pca10056 Release/Obj/system_nrf52840.o
                                      0x6d7da (size before relaxing)

.debug_ranges   0x0000000000000000     0x12a0
 .debug_ranges  0x0000000000000000       0x78 Output/serial_pca10056 Release/Obj/thumb_crt0.o
 .debug_ranges  0x0000000000000078       0xc0 Output/serial_pca10056 Release/Obj/boards.o
 .debug_ranges  0x0000000000000138       0x18 Output/serial_pca10056 Release/Obj/app_error.o
 .debug_ranges  0x0000000000000150       0x10 Output/serial_pca10056 Release/Obj/app_error_handler_gcc.o
 .debug_ranges  0x0000000000000160       0x10 Output/serial_pca10056 Release/Obj/app_error_weak.o
 .debug_ranges  0x0000000000000170      0x310 Output/serial_pca10056 Release/Obj/app_timer.o
 .debug_ranges  0x0000000000000480       0x38 Output/serial_pca10056 Release/Obj/app_util_platform.o
 .debug_ranges  0x00000000000004b8       0x10 Output/serial_pca10056 Release/Obj/hardfault_handler_gcc.o
 .debug_ranges  0x00000000000004c8       0x18 Output/serial_pca10056 Release/Obj/hardfault_implementation.o
 .debug_ranges  0x00000000000004e0       0x10 Output/serial_pca10056 Release/Obj/nrf_assert.o
 .debug_ranges  0x00000000000004f0       0xb8 Output/serial_pca10056 Release/Obj/nrf_atomic.o
 .debug_ranges  0x00000000000005a8       0xc0 Output/serial_pca10056 Release/Obj/nrf_queue.o
 .debug_ranges  0x0000000000000668      0x1b8 Output/serial_pca10056 Release/Obj/nrf_serial.o
 .debug_ranges  0x0000000000000820       0xc0 Output/serial_pca10056 Release/Obj/nrf_drv_clock.o
 .debug_ranges  0x00000000000008e0       0x50 Output/serial_pca10056 Release/Obj/nrf_drv_power.o
 .debug_ranges  0x0000000000000930       0x20 Output/serial_pca10056 Release/Obj/nrf_drv_uart.o
 .debug_ranges  0x0000000000000950       0x88 Output/serial_pca10056 Release/Obj/nrfx_clock.o
 .debug_ranges  0x00000000000009d8      0x478 Output/serial_pca10056 Release/Obj/nrfx_gpiote.o
 .debug_ranges  0x0000000000000e50      0x130 Output/serial_pca10056 Release/Obj/nrfx_power.o
 .debug_ranges  0x0000000000000f80       0x10 Output/serial_pca10056 Release/Obj/nrfx_power_clock.o
 .debug_ranges  0x0000000000000f90       0x20 Output/serial_pca10056 Release/Obj/nrfx_prs.o
 .debug_ranges  0x0000000000000fb0      0x1a8 Output/serial_pca10056 Release/Obj/nrfx_uart.o
 .debug_ranges  0x0000000000001158      0x108 Output/serial_pca10056 Release/Obj/nrfx_uarte.o
 .debug_ranges  0x0000000000001260       0x20 Output/serial_pca10056 Release/Obj/main.o
 .debug_ranges  0x0000000000001280       0x20 Output/serial_pca10056 Release/Obj/system_nrf52840.o

.debug_frame    0x0000000000000000     0x1b38
 .debug_frame   0x0000000000000000      0x1a8 Output/serial_pca10056 Release/Obj/boards.o
 .debug_frame   0x00000000000001a8       0x58 Output/serial_pca10056 Release/Obj/app_error.o
 .debug_frame   0x0000000000000200       0x20 Output/serial_pca10056 Release/Obj/app_error_handler_gcc.o
 .debug_frame   0x0000000000000220       0x20 Output/serial_pca10056 Release/Obj/app_error_weak.o
 .debug_frame   0x0000000000000240      0x198 Output/serial_pca10056 Release/Obj/app_timer.o
 .debug_frame   0x00000000000003d8       0x98 Output/serial_pca10056 Release/Obj/app_util_platform.o
 .debug_frame   0x0000000000000470       0x20 Output/serial_pca10056 Release/Obj/hardfault_handler_gcc.o
 .debug_frame   0x0000000000000490       0x3c Output/serial_pca10056 Release/Obj/hardfault_implementation.o
 .debug_frame   0x00000000000004cc       0x30 Output/serial_pca10056 Release/Obj/nrf_assert.o
 .debug_frame   0x00000000000004fc      0x150 Output/serial_pca10056 Release/Obj/nrf_atomic.o
 .debug_frame   0x000000000000064c      0x22c Output/serial_pca10056 Release/Obj/nrf_queue.o
 .debug_frame   0x0000000000000878      0x2d4 Output/serial_pca10056 Release/Obj/nrf_serial.o
 .debug_frame   0x0000000000000b4c      0x1b4 Output/serial_pca10056 Release/Obj/nrf_drv_clock.o
 .debug_frame   0x0000000000000d00      0x118 Output/serial_pca10056 Release/Obj/nrf_drv_power.o
 .debug_frame   0x0000000000000e18       0x88 Output/serial_pca10056 Release/Obj/nrf_drv_uart.o
 .debug_frame   0x0000000000000ea0      0x188 Output/serial_pca10056 Release/Obj/nrfx_clock.o
 .debug_frame   0x0000000000001028      0x400 Output/serial_pca10056 Release/Obj/nrfx_gpiote.o
 .debug_frame   0x0000000000001428      0x194 Output/serial_pca10056 Release/Obj/nrfx_power.o
 .debug_frame   0x00000000000015bc       0x34 Output/serial_pca10056 Release/Obj/nrfx_power_clock.o
 .debug_frame   0x00000000000015f0       0x64 Output/serial_pca10056 Release/Obj/nrfx_prs.o
 .debug_frame   0x0000000000001654      0x274 Output/serial_pca10056 Release/Obj/nrfx_uart.o
 .debug_frame   0x00000000000018c8      0x1d4 Output/serial_pca10056 Release/Obj/nrfx_uarte.o
 .debug_frame   0x0000000000001a9c       0x50 Output/serial_pca10056 Release/Obj/main.o
 .debug_frame   0x0000000000001aec       0x4c Output/serial_pca10056 Release/Obj/system_nrf52840.o

.debug_loc      0x0000000000000000     0x7054
 .debug_loc     0x0000000000000000      0x68c Output/serial_pca10056 Release/Obj/boards.o
 .debug_loc     0x000000000000068c       0xb5 Output/serial_pca10056 Release/Obj/app_error.o
 .debug_loc     0x0000000000000741       0x63 Output/serial_pca10056 Release/Obj/app_error_handler_gcc.o
 .debug_loc     0x00000000000007a4       0x63 Output/serial_pca10056 Release/Obj/app_error_weak.o
 .debug_loc     0x0000000000000807      0xa5f Output/serial_pca10056 Release/Obj/app_timer.o
 .debug_loc     0x0000000000001266       0xcd Output/serial_pca10056 Release/Obj/app_util_platform.o
 .debug_loc     0x0000000000001333       0x42 Output/serial_pca10056 Release/Obj/hardfault_implementation.o
 .debug_loc     0x0000000000001375       0x5a Output/serial_pca10056 Release/Obj/nrf_assert.o
 .debug_loc     0x00000000000013cf      0x2c0 Output/serial_pca10056 Release/Obj/nrf_atomic.o
 .debug_loc     0x000000000000168f      0x83f Output/serial_pca10056 Release/Obj/nrf_queue.o
 .debug_loc     0x0000000000001ece      0xea6 Output/serial_pca10056 Release/Obj/nrf_serial.o
 .debug_loc     0x0000000000002d74      0x2b1 Output/serial_pca10056 Release/Obj/nrf_drv_clock.o
 .debug_loc     0x0000000000003025       0xb3 Output/serial_pca10056 Release/Obj/nrf_drv_power.o
 .debug_loc     0x00000000000030d8      0x171 Output/serial_pca10056 Release/Obj/nrf_drv_uart.o
 .debug_loc     0x0000000000003249      0x272 Output/serial_pca10056 Release/Obj/nrfx_clock.o
 .debug_loc     0x00000000000034bb     0x1729 Output/serial_pca10056 Release/Obj/nrfx_gpiote.o
 .debug_loc     0x0000000000004be4      0x2cc Output/serial_pca10056 Release/Obj/nrfx_power.o
 .debug_loc     0x0000000000004eb0       0xdf Output/serial_pca10056 Release/Obj/nrfx_prs.o
 .debug_loc     0x0000000000004f8f     0x1171 Output/serial_pca10056 Release/Obj/nrfx_uart.o
 .debug_loc     0x0000000000006100      0xeb6 Output/serial_pca10056 Release/Obj/nrfx_uarte.o
 .debug_loc     0x0000000000006fb6       0x9e Output/serial_pca10056 Release/Obj/main.o

.debug_pubnames
                0x0000000000000000     0x789d
 .debug_pubnames
                0x0000000000000000      0x4bd Output/serial_pca10056 Release/Obj/boards.o
 .debug_pubnames
                0x00000000000004bd       0x6c Output/serial_pca10056 Release/Obj/app_error.o
 .debug_pubnames
                0x0000000000000529       0x28 Output/serial_pca10056 Release/Obj/app_error_handler_gcc.o
 .debug_pubnames
                0x0000000000000551       0xe5 Output/serial_pca10056 Release/Obj/app_error_weak.o
 .debug_pubnames
                0x0000000000000636      0x91a Output/serial_pca10056 Release/Obj/app_timer.o
 .debug_pubnames
                0x0000000000000f50      0x204 Output/serial_pca10056 Release/Obj/app_util_platform.o