Archive member included to satisfy reference by file (symbol)

/usr/share/segger_embedded_studio_for_arm_3.40/lib/libm_v7em_fpv4_sp_d16_hard_t_le_eabi.a(libm_asm.o)
                              Output/fpu_fft_example_s140_pca10056 Release/Obj/main.o (__aeabi_f2d)
/usr/share/segger_embedded_studio_for_arm_3.40/lib/libm_v7em_fpv4_sp_d16_hard_t_le_eabi.a(libm2.o)
                              Output/fpu_fft_example_s140_pca10056 Release/Obj/main.o (sin)
/usr/share/segger_embedded_studio_for_arm_3.40/lib/libm_v7em_fpv4_sp_d16_hard_t_le_eabi.a(libm2_asm.o)
                              /usr/share/segger_embedded_studio_for_arm_3.40/lib/libm_v7em_fpv4_sp_d16_hard_t_le_eabi.a(libm2.o) (fabs)
/usr/share/segger_embedded_studio_for_arm_3.40/lib/libc_v7em_fpv4_sp_d16_hard_t_le_eabi.a(libc2.o)
                              Output/fpu_fft_example_s140_pca10056 Release/Obj/nrf_log_str_formatter.o (isprint)
/usr/share/segger_embedded_studio_for_arm_3.40/lib/libc_v7em_fpv4_sp_d16_hard_t_le_eabi.a(libc2_asm.o)
                              Output/fpu_fft_example_s140_pca10056 Release/Obj/nrf_log_frontend.o (memcpy)
/usr/share/segger_embedded_studio_for_arm_3.40/lib/libc_v7em_fpv4_sp_d16_hard_t_le_eabi.a(libc.o)
                              /usr/share/segger_embedded_studio_for_arm_3.40/lib/libc_v7em_fpv4_sp_d16_hard_t_le_eabi.a(libc2.o) (__heap_lock)
/usr/share/segger_embedded_studio_for_arm_3.40/lib/libc_v7em_fpv4_sp_d16_hard_t_le_eabi.a(libc_asm.o)
                              /usr/share/segger_embedded_studio_for_arm_3.40/lib/libc_v7em_fpv4_sp_d16_hard_t_le_eabi.a(libc2.o) (__aeabi_uldivmod)
/usr/share/segger_embedded_studio_for_arm_3.40/lib/libdebugio_v7em_fpv4_sp_d16_hard_t_le_eabi.a(libdebugio.o)
                              Output/fpu_fft_example_s140_pca10056 Release/Obj/thumb_crt0.o (debug_fopen)
../../../../../../components/toolchain/cmsis/dsp/GCC/libarm_cortexM4lf_math.a(arm_const_structs.o)
                              Output/fpu_fft_example_s140_pca10056 Release/Obj/main.o (arm_cfft_sR_f32_len64)
../../../../../../components/toolchain/cmsis/dsp/GCC/libarm_cortexM4lf_math.a(arm_common_tables.o)
                              ../../../../../../components/toolchain/cmsis/dsp/GCC/libarm_cortexM4lf_math.a(arm_const_structs.o) (armBitRevIndexTable_fixed_4096)
../../../../../../components/toolchain/cmsis/dsp/GCC/libarm_cortexM4lf_math.a(arm_max_f32.o)
                              Output/fpu_fft_example_s140_pca10056 Release/Obj/main.o (arm_max_f32)
../../../../../../components/toolchain/cmsis/dsp/GCC/libarm_cortexM4lf_math.a(arm_cfft_f32.o)
                              Output/fpu_fft_example_s140_pca10056 Release/Obj/main.o (arm_cfft_f32)
../../../../../../components/toolchain/cmsis/dsp/GCC/libarm_cortexM4lf_math.a(arm_cmplx_mag_f32.o)
                              Output/fpu_fft_example_s140_pca10056 Release/Obj/main.o (arm_cmplx_mag_f32)
../../../../../../components/toolchain/cmsis/dsp/GCC/libarm_cortexM4lf_math.a(arm_bitreversal2.o)
                              ../../../../../../components/toolchain/cmsis/dsp/GCC/libarm_cortexM4lf_math.a(arm_cfft_f32.o) (arm_bitreversal_32)
../../../../../../components/toolchain/cmsis/dsp/GCC/libarm_cortexM4lf_math.a(arm_cfft_radix8_f32.o)
                              ../../../../../../components/toolchain/cmsis/dsp/GCC/libarm_cortexM4lf_math.a(arm_cfft_f32.o) (arm_radix8_butterfly_f32)
/usr/share/segger_embedded_studio_for_arm_3.40/lib/libdebugio_mempoll_v7em_fpv4_sp_d16_hard_t_le_eabi.a(mempoll_debug_operations.o)
                              /usr/share/segger_embedded_studio_for_arm_3.40/lib/libdebugio_v7em_fpv4_sp_d16_hard_t_le_eabi.a(libdebugio.o) (__do_debug_operation)
/usr/share/segger_embedded_studio_for_arm_3.40/lib/libdebugio_mempoll_v7em_fpv4_sp_d16_hard_t_le_eabi.a(do_nv_debug_operation.o)
                              /usr/share/segger_embedded_studio_for_arm_3.40/lib/libdebugio_v7em_fpv4_sp_d16_hard_t_le_eabi.a(libdebugio.o) (__do_nvdebug_operation)

Discarded input sections

 .text          0x0000000000000000        0x0 Output/fpu_fft_example_s140_pca10056 Release/Obj/thumb_crt0.o
 .data          0x0000000000000000        0x0 Output/fpu_fft_example_s140_pca10056 Release/Obj/thumb_crt0.o
 .bss           0x0000000000000000        0x0 Output/fpu_fft_example_s140_pca10056 Release/Obj/thumb_crt0.o
 .text.__aeabi_read_tp
                0x0000000000000000        0x8 Output/fpu_fft_example_s140_pca10056 Release/Obj/thumb_crt0.o
 .text.abort    0x0000000000000000        0x2 Output/fpu_fft_example_s140_pca10056 Release/Obj/thumb_crt0.o
 .text.__assert
                0x0000000000000000        0x2 Output/fpu_fft_example_s140_pca10056 Release/Obj/thumb_crt0.o
 .text.__aeabi_assert
                0x0000000000000000        0x2 Output/fpu_fft_example_s140_pca10056 Release/Obj/thumb_crt0.o
 .text.__sync_synchronize
                0x0000000000000000        0x2 Output/fpu_fft_example_s140_pca10056 Release/Obj/thumb_crt0.o
 .text.__getchar
[...]
Memory Configuration

Name             Origin             Length             Attributes
UNPLACED_SECTIONS 0x0000000100000000 0x0000000000000000 xw
RAM              0x0000000020000000 0x0000000000040000 xw
FLASH            0x0000000000000000 0x0000000000100000 xw
*default*        0x0000000000000000 0xffffffffffffffff

Linker script and memory map

                0x0000000000000000                __vfprintf = __vfprintf_long
                0x0000000000000000                __vfscanf = __vfscanf_int
                0x0000000020000000                __RAM_segment_start__ = 0x20000000
                0x0000000020040000                __RAM_segment_end__ = 0x20040000
                0x0000000000040000                __RAM_segment_size__ = 0x40000
                0x0000000000000000                __FLASH_segment_start__ = 0x0
                0x0000000000100000                __FLASH_segment_end__ = 0x100000
                0x0000000000100000                __FLASH_segment_size__ = 0x100000
                0x0000000000002000                __HEAPSIZE__ = 0x2000
                0x0000000000000000                __STACKSIZE_PROCESS__ = 0x0
                0x0000000000002000                __STACKSIZE__ = 0x2000
                0x0000000020000000                __reserved_ram_load_start__ = 0x20000000

.reserved_ram   0x0000000020000000     0x57b8
                0x0000000020000000                __reserved_ram_start__ = .
 *(.reserved_ram .reserved_ram.*)
                0x00000000200057b8                . = MAX (((__reserved_ram_start__ + 0x200057b8) - 0x20000000), .)
 *fill*         0x0000000020000000     0x57b8 
                0x00000000200057b8                __reserved_ram_end__ = (__reserved_ram_start__ + SIZEOF (.reserved_ram))
                0x00000000000057b8                __reserved_ram_size__ = SIZEOF (.reserved_ram)
                0x00000000200057b8                __reserved_ram_load_end__ = __reserved_ram_end__
                0x0000000000000001                . = ASSERT (((__reserved_ram_start__ == __reserved_ram_end__) || ((__reserved_ram_end__ >= __RAM_segment_start__) && (__reserved_ram_end__ <= __RAM_segment_end__))), error: .reserved_ram is too large to fit in RAM memory segment)
                0x00000000200057b8                __vectors_ram_load_start__ = 0x200057b8

.vectors_ram    0x00000000200057b8        0x0
                0x00000000200057b8                __vectors_ram_start__ = .
                0x00000000200057b8                __app_ram_start__ = __vectors_ram_start__
 *(.vectors_ram .vectors_ram.*)
                0x00000000200057b8                __vectors_ram_end__ = (__vectors_ram_start__ + SIZEOF (.vectors_ram))
                0x0000000000000000                __vectors_ram_size__ = SIZEOF (.vectors_ram)
                0x00000000200057b8                __vectors_ram_load_end__ = __vectors_ram_end__
                0x0000000000000001                . = ASSERT (((__vectors_ram_start__ == __vectors_ram_end__) || ((__vectors_ram_end__ >= __RAM_segment_start__) && (__vectors_ram_end__ <= __RAM_segment_end__))), error: .vectors_ram is too large to fit in RAM memory segment)
                0x0000000000000001                . = ASSERT ((__reserved_ram_end__ <= __vectors_ram_start__), error: section .reserved_ram overlaps absolute placed section .vectors_ram)
                0x00000000200057b8                __nrf_sections_run_load_start__ = ALIGN (__vectors_ram_end__, 0x4)

.nrf_sections_run
                0x00000000200057b8        0x0
                0x00000000200057b8                __nrf_sections_run_start__ = .
                0x00000000200057b8                __start_nrf_sections_run = __nrf_sections_run_start__
 *(.nrf_sections_run .nrf_sections_run.*)
                0x00000000200057b8                __nrf_sections_run_end__ = (__nrf_sections_run_start__ + SIZEOF (.nrf_sections_run))
                0x0000000000000000                __nrf_sections_run_size__ = SIZEOF (.nrf_sections_run)
                0x00000000200057b8                __nrf_sections_run_load_end__ = __nrf_sections_run_end__
                0x0000000000000001                . = ASSERT (((__nrf_sections_run_start__ == __nrf_sections_run_end__) || ((__nrf_sections_run_end__ >= __RAM_segment_start__) && (__nrf_sections_run_end__ <= __RAM_segment_end__))), error: .nrf_sections_run is too large to fit in RAM memory segment)
                0x0000000000000000                __reserved_flash_load_start__ = 0x0

.reserved_flash
                0x0000000000000000    0x26000
                0x0000000000000000                __reserved_flash_start__ = .
 *(.reserved_flash .reserved_flash.*)
                0x0000000000026000                . = MAX (((__reserved_flash_start__ + 0x26000) - 0x0), .)
 *fill*         0x0000000000000000    0x26000 
                0x0000000000026000                __reserved_flash_end__ = (__reserved_flash_start__ + SIZEOF (.reserved_flash))
                0x0000000000026000                __reserved_flash_size__ = SIZEOF (.reserved_flash)
                0x0000000000026000                __reserved_flash_load_end__ = __reserved_flash_end__
                0x0000000000000001                . = ASSERT (((__reserved_flash_start__ == __reserved_flash_end__) || ((__reserved_flash_end__ >= __FLASH_segment_start__) && (__reserved_flash_end__ <= __FLASH_segment_end__))), error: .reserved_flash is too large to fit in FLASH memory segment)
                0x0000000000026000                __vectors_load_start__ = 0x26000

.vectors        0x0000000000026000      0x200
                0x0000000000026000                __vectors_start__ = .
 *(.vectors .vectors.*)
 .vectors       0x0000000000026000      0x200 Output/fpu_fft_example_s140_pca10056 Release/Obj/ses_startup_nrf52840.o
                0x0000000000026000                _vectors
                0x0000000000026200                __vectors_end__ = (__vectors_start__ + SIZEOF (.vectors))
                0x0000000000000200                __vectors_size__ = SIZEOF (.vectors)
                0x0000000000026200                __vectors_load_end__ = __vectors_end__
                0x0000000000000001                . = ASSERT (((__vectors_start__ == __vectors_end__) || ((__vectors_end__ >= __FLASH_segment_start__) && (__vectors_end__ <= __FLASH_segment_end__))), error: .vectors is too large to fit in FLASH memory segment)
                0x0000000000000001                . = ASSERT ((__reserved_flash_end__ <= __vectors_start__), error: section .reserved_flash overlaps absolute placed section .vectors)
                0x0000000000026200                __init_load_start__ = ALIGN (__vectors_end__, 0x4)

.init           0x0000000000026200      0x1d8
                0x0000000000026200                __init_start__ = .
 *(.init .init.*)
 .init          0x0000000000026200      0x160 Output/fpu_fft_example_s140_pca10056 Release/Obj/thumb_crt0.o
                0x0000000000026200                _start
                0x00000000000262b6                exit
 .init          0x0000000000026360       0x18 Output/fpu_fft_example_s140_pca10056 Release/Obj/ses_startup_nrf52840.o
                0x0000000000026360                NMI_Handler
                0x0000000000026362                HardFault_Handler
                0x0000000000026364                MemoryManagement_Handler
                0x0000000000026366                BusFault_Handler
                0x0000000000026368                UsageFault_Handler
                0x000000000002636a                SVC_Handler
                0x000000000002636c                DebugMon_Handler
                0x000000000002636e                PendSV_Handler
                0x0000000000026370                SysTick_Handler
                0x0000000000026372                TIMER2_IRQHandler
                0x0000000000026372                RTC0_IRQHandler
                0x0000000000026372                SWI0_EGU0_IRQHandler
                0x0000000000026372                GPIOTE_IRQHandler
                0x0000000000026372                PWM1_IRQHandler
                0x0000000000026372                POWER_CLOCK_IRQHandler
                0x0000000000026372                RADIO_IRQHandler
                0x0000000000026372                PDM_IRQHandler
                0x0000000000026372                TEMP_IRQHandler
                0x0000000000026372                QDEC_IRQHandler
                0x0000000000026372                TIMER3_IRQHandler
                0x0000000000026372                PWM3_IRQHandler
                0x0000000000026372                FPU_IRQHandler
                0x0000000000026372                USBD_IRQHandler
                0x0000000000026372                SPIM0_SPIS0_TWIM0_TWIS0_SPI0_TWI0_IRQHandler
                0x0000000000026372                TIMER4_IRQHandler
                0x0000000000026372                CRYPTOCELL_IRQHandler
                0x0000000000026372                I2S_IRQHandler
                0x0000000000026372                SWI4_EGU4_IRQHandler
                0x0000000000026372                TIMER0_IRQHandler
                0x0000000000026372                UARTE1_IRQHandler
                0x0000000000026372                Dummy_Handler
                0x0000000000026372                TIMER1_IRQHandler
                0x0000000000026372                SPIM3_IRQHandler
                0x0000000000026372                PWM2_IRQHandler
                0x0000000000026372                ECB_IRQHandler
                0x0000000000026372                SPIM1_SPIS1_TWIM1_TWIS1_SPI1_TWI1_IRQHandler
                0x0000000000026372                SAADC_IRQHandler
                0x0000000000026372                CCM_AAR_IRQHandler
                0x0000000000026372                WDT_IRQHandler
                0x0000000000026372                SWI5_EGU5_IRQHandler
                0x0000000000026372                RNG_IRQHandler
                0x0000000000026372                RTC2_IRQHandler
                0x0000000000026372                PWM0_IRQHandler
                0x0000000000026372                SWI3_EGU3_IRQHandler
                0x0000000000026372                RTC1_IRQHandler
                0x0000000000026372                SWI1_EGU1_IRQHandler
                0x0000000000026372                SPIM2_SPIS2_SPI2_IRQHandler
                0x0000000000026372                NFCT_IRQHandler
                0x0000000000026372                MWU_IRQHandler
                0x0000000000026372                QSPI_IRQHandler
                0x0000000000026372                COMP_LPCOMP_IRQHandler
                0x0000000000026374                nRFInitialize
 .init          0x0000000000026378       0x60 Output/fpu_fft_example_s140_pca10056 Release/Obj/ses_startup_nrf_common.o
                0x0000000000026378                Reset_Handler
                0x00000000000263a0                InitializeUserMemorySections
                0x00000000000263d8                __init_end__ = (__init_start__ + SIZEOF (.init))
                0x00000000000001d8                __init_size__ = SIZEOF (.init)
                0x00000000000263d8                __init_load_end__ = __init_end__
                0x0000000000000001                . = ASSERT (((__init_start__ == __init_end__) || ((__init_end__ >= __FLASH_segment_start__) && (__init_end__ <= __FLASH_segment_end__))), error: .init is too large to fit in FLASH memory segment)
                0x00000000000263d8                __init_rodata_load_start__ = ALIGN (__init_end__, 0x4)

.init_rodata    0x00000000000263d8        0x0
                0x00000000000263d8                __init_rodata_start__ = .
 *(.init_rodata .init_rodata.*)
                0x00000000000263d8                __init_rodata_end__ = (__init_rodata_start__ + SIZEOF (.init_rodata))
                0x0000000000000000                __init_rodata_size__ = SIZEOF (.init_rodata)
                0x00000000000263d8                __init_rodata_load_end__ = __init_rodata_end__
                0x0000000000000001                . = ASSERT (((__init_rodata_start__ == __init_rodata_end__) || ((__init_rodata_end__ >= __FLASH_segment_start__) && (__init_rodata_end__ <= __FLASH_segment_end__))), error: .init_rodata is too large to fit in FLASH memory segment)
                0x00000000000263d8                __text_load_start__ = ALIGN (__init_rodata_end__, 0x4)

.text           0x00000000000263d8     0x3a34
                0x00000000000263d8                __text_start__ = .
 *(.text .text.* .glue_7t .glue_7 .gnu.linkonce.t.* .gcc_except_table .ARM.extab* .gnu.linkonce.armextab.*)
 .glue_7        0x00000000000263d8        0x0 linker stubs
 .glue_7t       0x00000000000263d8        0x0 linker stubs
 .text.nrf_log_backend_serial_put
                0x00000000000263d8       0xcc Output/fpu_fft_example_s140_pca10056 Release/Obj/nrf_log_backend_serial.o
                0x00000000000263d8                nrf_log_backend_serial_put
 .text.nrf_log_backend_uart_flush
                0x00000000000264a4        0x2 Output/fpu_fft_example_s140_pca10056 Release/Obj/nrf_log_backend_uart.o
 *fill*         0x00000000000264a6        0x2 
 .text.nrf_log_backend_uart_put
                0x00000000000264a8       0x1c Output/fpu_fft_example_s140_pca10056 Release/Obj/nrf_log_backend_uart.o
 .text.uart_init.constprop.0
                0x00000000000264c4       0x40 Output/fpu_fft_example_s140_pca10056 Release/Obj/nrf_log_backend_uart.o
 .text.serial_tx
                0x0000000000026504       0x48 Output/fpu_fft_example_s140_pca10056 Release/Obj/nrf_log_backend_uart.o
 .text.nrf_log_backend_uart_panic_set
                0x000000000002654c       0x2c Output/fpu_fft_example_s140_pca10056 Release/Obj/nrf_log_backend_uart.o
 .text.nrf_log_backend_uart_init
                0x0000000000026578        0x4 Output/fpu_fft_example_s140_pca10056 Release/Obj/nrf_log_backend_uart.o
                0x0000000000026578                nrf_log_backend_uart_init
 .text.nrf_log_default_backends_init
                0x000000000002657c       0x20 Output/fpu_fft_example_s140_pca10056 Release/Obj/nrf_log_default_backends.o
                0x000000000002657c                nrf_log_default_backends_init
 .text.invalid_packets_omit
                0x000000000002659c       0x3a Output/fpu_fft_example_s140_pca10056 Release/Obj/nrf_log_frontend.o
 *fill*         0x00000000000265d6        0x2 
 .text.buf_prealloc
                0x00000000000265d8      0x134 Output/fpu_fft_example_s140_pca10056 Release/Obj/nrf_log_frontend.o
 .text.nrf_log_init
                0x000000000002670c       0x3c Output/fpu_fft_example_s140_pca10056 Release/Obj/nrf_log_frontend.o
                0x000000000002670c                nrf_log_init
 .text.nrf_log_module_name_get
                0x0000000000026748       0x38 Output/fpu_fft_example_s140_pca10056 Release/Obj/nrf_log_frontend.o
                0x0000000000026748                nrf_log_module_name_get
 .text.nrf_log_color_id_get
                0x0000000000026780       0x2c Output/fpu_fft_example_s140_pca10056 Release/Obj/nrf_log_frontend.o
                0x0000000000026780                nrf_log_color_id_get
 .text.nrf_log_push
                0x00000000000267ac       0x64 Output/fpu_fft_example_s140_pca10056 Release/Obj/nrf_log_frontend.o
                0x00000000000267ac                nrf_log_push
 .text.buffer_is_empty
                0x0000000000026810       0x14 Output/fpu_fft_example_s140_pca10056 Release/Obj/nrf_log_frontend.o
                0x0000000000026810                buffer_is_empty
 .text.nrf_log_frontend_dequeue
                0x0000000000026824      0x228 Output/fpu_fft_example_s140_pca10056 Release/Obj/nrf_log_frontend.o
                0x0000000000026824                nrf_log_frontend_dequeue
 .text.std_n    0x0000000000026a4c       0xb0 Output/fpu_fft_example_s140_pca10056 Release/Obj/nrf_log_frontend.o
 .text.nrf_log_frontend_std_0
                0x0000000000026afc        0x8 Output/fpu_fft_example_s140_pca10056 Release/Obj/nrf_log_frontend.o
                0x0000000000026afc                nrf_log_frontend_std_0
 .text.nrf_log_frontend_std_1
                0x0000000000026b04       0x14 Output/fpu_fft_example_s140_pca10056 Release/Obj/nrf_log_frontend.o
                0x0000000000026b04                nrf_log_frontend_std_1
 .text.nrf_log_frontend_std_2
                0x0000000000026b18       0x14 Output/fpu_fft_example_s140_pca10056 Release/Obj/nrf_log_frontend.o
                0x0000000000026b18                nrf_log_frontend_std_2
 .text.nrf_log_backend_add
                0x0000000000026b2c       0x44 Output/fpu_fft_example_s140_pca10056 Release/Obj/nrf_log_frontend.o
                0x0000000000026b2c                nrf_log_backend_add
 .text.nrf_log_panic
                0x0000000000026b70       0x2c Output/fpu_fft_example_s140_pca10056 Release/Obj/nrf_log_frontend.o
                0x0000000000026b70                nrf_log_panic
 .text.postfix_process
                0x0000000000026b9c       0x3c Output/fpu_fft_example_s140_pca10056 Release/Obj/nrf_log_str_formatter.o
 .text.prefix_process
                0x0000000000026bd8       0x78 Output/fpu_fft_example_s140_pca10056 Release/Obj/nrf_log_str_formatter.o
 .text.nrf_log_std_entry_process
                0x0000000000026c50       0xc8 Output/fpu_fft_example_s140_pca10056 Release/Obj/nrf_log_str_formatter.o
                0x0000000000026c50                nrf_log_std_entry_process
 .text.nrf_log_hexdump_entry_process
                0x0000000000026d18       0xac Output/fpu_fft_example_s140_pca10056 Release/Obj/nrf_log_str_formatter.o
                0x0000000000026d18                nrf_log_hexdump_entry_process
 .text.app_error_handler_bare
                0x0000000000026dc4       0x1a Output/fpu_fft_example_s140_pca10056 Release/Obj/app_error.o
                0x0000000000026dc4                app_error_handler_bare
 *fill*         0x0000000000026dde        0x2 
 .text.app_error_fault_handler
                0x0000000000026de0       0x70 Output/fpu_fft_example_s140_pca10056 Release/Obj/app_error_weak.o
                0x0000000000026de0                app_error_fault_handler
 .text.app_util_critical_region_enter
                0x0000000000026e50       0x48 Output/fpu_fft_example_s140_pca10056 Release/Obj/app_util_platform.o
                0x0000000000026e50                app_util_critical_region_enter
 .text.app_util_critical_region_exit
                0x0000000000026e98       0x2c Output/fpu_fft_example_s140_pca10056 Release/Obj/app_util_platform.o
                0x0000000000026e98                app_util_critical_region_exit
 .text.nrf_atomic_u32_fetch_store
                0x0000000000026ec4       0x14 Output/fpu_fft_example_s140_pca10056 Release/Obj/nrf_atomic.o
                0x0000000000026ec4                nrf_atomic_u32_fetch_store
 .text.nrf_atomic_u32_fetch_or
                0x0000000000026ed8       0x16 Output/fpu_fft_example_s140_pca10056 Release/Obj/nrf_atomic.o
                0x0000000000026ed8                nrf_atomic_u32_fetch_or
 .text.nrf_atomic_u32_or
                0x0000000000026eee       0x16 Output/fpu_fft_example_s140_pca10056 Release/Obj/nrf_atomic.o
                0x0000000000026eee                nrf_atomic_u32_or
 .text.nrf_atomic_u32_fetch_and
                0x0000000000026f04       0x16 Output/fpu_fft_example_s140_pca10056 Release/Obj/nrf_atomic.o
                0x0000000000026f04                nrf_atomic_u32_fetch_and
 .text.nrf_atomic_u32_and
                0x0000000000026f1a       0x16 Output/fpu_fft_example_s140_pca10056 Release/Obj/nrf_atomic.o
                0x0000000000026f1a                nrf_atomic_u32_and
 .text.nrf_atomic_u32_add
                0x0000000000026f30       0x16 Output/fpu_fft_example_s140_pca10056 Release/Obj/nrf_atomic.o
                0x0000000000026f30                nrf_atomic_u32_add
 .text.nrf_atomic_u32_sub
                0x0000000000026f46       0x16 Output/fpu_fft_example_s140_pca10056 Release/Obj/nrf_atomic.o
                0x0000000000026f46                nrf_atomic_u32_sub
 .text.nrf_atomic_flag_set_fetch
                0x0000000000026f5c        0x6 Output/fpu_fft_example_s140_pca10056 Release/Obj/nrf_atomic.o
                0x0000000000026f5c                nrf_atomic_flag_set_fetch
 .text.nrf_atomic_flag_set
                0x0000000000026f62        0x6 Output/fpu_fft_example_s140_pca10056 Release/Obj/nrf_atomic.o
                0x0000000000026f62                nrf_atomic_flag_set
 .text.nrf_atomic_flag_clear_fetch
                0x0000000000026f68        0x6 Output/fpu_fft_example_s140_pca10056 Release/Obj/nrf_atomic.o
                0x0000000000026f68                nrf_atomic_flag_clear_fetch
 .text.nrf_atomic_flag_clear
                0x0000000000026f6e        0x6 Output/fpu_fft_example_s140_pca10056 Release/Obj/nrf_atomic.o
                0x0000000000026f6e                nrf_atomic_flag_clear
 .text.nrf_balloc_init
                0x0000000000026f74       0x2e Output/fpu_fft_example_s140_pca10056 Release/Obj/nrf_balloc.o
                0x0000000000026f74                nrf_balloc_init
 .text.nrf_balloc_alloc
                0x0000000000026fa2       0x46 Output/fpu_fft_example_s140_pca10056 Release/Obj/nrf_balloc.o
                0x0000000000026fa2                nrf_balloc_alloc
 .text.nrf_balloc_free
                0x0000000000026fe8       0x32 Output/fpu_fft_example_s140_pca10056 Release/Obj/nrf_balloc.o
                0x0000000000026fe8                nrf_balloc_free
 .text.nrf_fprintf_buffer_flush
                0x000000000002701a       0x16 Output/fpu_fft_example_s140_pca10056 Release/Obj/nrf_fprintf.o
                0x000000000002701a                nrf_fprintf_buffer_flush
 .text.nrf_fprintf
                0x0000000000027030       0x1e Output/fpu_fft_example_s140_pca10056 Release/Obj/nrf_fprintf.o
                0x0000000000027030                nrf_fprintf
 .text.buffer_add
                0x000000000002704e       0x1e Output/fpu_fft_example_s140_pca10056 Release/Obj/nrf_fprintf_format.o
 .text.unsigned_print
                0x000000000002706c       0xac Output/fpu_fft_example_s140_pca10056 Release/Obj/nrf_fprintf_format.o
 .text.nrf_fprintf_fmt
                0x0000000000027118      0x28a Output/fpu_fft_example_s140_pca10056 Release/Obj/nrf_fprintf_format.o
                0x0000000000027118                nrf_fprintf_fmt
 .text.memobj_op
                0x00000000000273a2       0x82 Output/fpu_fft_example_s140_pca10056 Release/Obj/nrf_memobj.o
 .text.nrf_memobj_pool_init
                0x0000000000027424        0x4 Output/fpu_fft_example_s140_pca10056 Release/Obj/nrf_memobj.o
                0x0000000000027424                nrf_memobj_pool_init
 .text.nrf_memobj_free
                0x0000000000027428       0x2c Output/fpu_fft_example_s140_pca10056 Release/Obj/nrf_memobj.o
                0x0000000000027428                nrf_memobj_free
 .text.nrf_memobj_alloc
                0x0000000000027454       0x5e Output/fpu_fft_example_s140_pca10056 Release/Obj/nrf_memobj.o
                0x0000000000027454                nrf_memobj_alloc
 .text.nrf_memobj_get
                0x00000000000274b2        0x8 Output/fpu_fft_example_s140_pca10056 Release/Obj/nrf_memobj.o
                0x00000000000274b2                nrf_memobj_get
 .text.nrf_memobj_put
                0x00000000000274ba       0x1e Output/fpu_fft_example_s140_pca10056 Release/Obj/nrf_memobj.o
                0x00000000000274ba                nrf_memobj_put
 .text.nrf_memobj_write
                0x00000000000274d8       0x16 Output/fpu_fft_example_s140_pca10056 Release/Obj/nrf_memobj.o
                0x00000000000274d8                nrf_memobj_write
 .text.nrf_memobj_read
                0x00000000000274ee       0x16 Output/fpu_fft_example_s140_pca10056 Release/Obj/nrf_memobj.o
                0x00000000000274ee                nrf_memobj_read
 .text.nrf_ringbuf_init
                0x0000000000027504       0x12 Output/fpu_fft_example_s140_pca10056 Release/Obj/nrf_ringbuf.o
                0x0000000000027504                nrf_ringbuf_init
 .text.nrf_ringbuf_alloc
                0x0000000000027516       0x74 Output/fpu_fft_example_s140_pca10056 Release/Obj/nrf_ringbuf.o
                0x0000000000027516                nrf_ringbuf_alloc
 .text.nrf_ringbuf_put
                0x000000000002758a       0x2e Output/fpu_fft_example_s140_pca10056 Release/Obj/nrf_ringbuf.o
                0x000000000002758a                nrf_ringbuf_put
 .text.nrf_ringbuf_free
                0x00000000000275b8       0x22 Output/fpu_fft_example_s140_pca10056 Release/Obj/nrf_ringbuf.o
                0x00000000000275b8                nrf_ringbuf_free
 .text.nrf_section_iter_init
                0x00000000000275da       0x14 Output/fpu_fft_example_s140_pca10056 Release/Obj/nrf_section_iter.o
                0x00000000000275da                nrf_section_iter_init
 .text.nrf_section_iter_next
                0x00000000000275ee       0x18 Output/fpu_fft_example_s140_pca10056 Release/Obj/nrf_section_iter.o
                0x00000000000275ee                nrf_section_iter_next
 *fill*         0x0000000000027606        0x2 
 .text.uarte_evt_handler
                0x0000000000027608       0x34 Output/fpu_fft_example_s140_pca10056 Release/Obj/nrf_drv_uart.o
 .text.uart_evt_handler
                0x000000000002763c       0x34 Output/fpu_fft_example_s140_pca10056 Release/Obj/nrf_drv_uart.o
 .text.nrf_drv_uart_init
                0x0000000000027670       0x7c Output/fpu_fft_example_s140_pca10056 Release/Obj/nrf_drv_uart.o
                0x0000000000027670                nrf_drv_uart_init
 .text.UARTE0_UART0_IRQHandler
                0x00000000000276ec        0xc Output/fpu_fft_example_s140_pca10056 Release/Obj/nrfx_prs.o
                0x00000000000276ec                UARTE0_UART0_IRQHandler
 .text.nrfx_prs_acquire
                0x00000000000276f8       0x40 Output/fpu_fft_example_s140_pca10056 Release/Obj/nrfx_prs.o
                0x00000000000276f8                nrfx_prs_acquire
 .text.nrfx_prs_release
                0x0000000000027738       0x18 Output/fpu_fft_example_s140_pca10056 Release/Obj/nrfx_prs.o
                0x0000000000027738                nrfx_prs_release
 .text.nrf_uart_event_clear
                0x0000000000027750       0x10 Output/fpu_fft_example_s140_pca10056 Release/Obj/nrfx_uart.o
 .text.tx_byte  0x0000000000027760       0x1e Output/fpu_fft_example_s140_pca10056 Release/Obj/nrfx_uart.o
 .text.rx_byte  0x000000000002777e       0x2c Output/fpu_fft_example_s140_pca10056 Release/Obj/nrfx_uart.o
 *fill*         0x00000000000277aa        0x2 
 .text.rx_done_event.constprop.7
                0x00000000000277ac       0x20 Output/fpu_fft_example_s140_pca10056 Release/Obj/nrfx_uart.o
 .text.nrfx_uart_0_irq_handler
                0x00000000000277cc      0x13c Output/fpu_fft_example_s140_pca10056 Release/Obj/nrfx_uart.o
                0x00000000000277cc                nrfx_uart_0_irq_handler
 .text.nrf_gpio_cfg_default
                0x0000000000027908       0x20 Output/fpu_fft_example_s140_pca10056 Release/Obj/nrfx_uart.o
 .text.nrfx_uart_init
                0x0000000000027928      0x1b4 Output/fpu_fft_example_s140_pca10056 Release/Obj/nrfx_uart.o
                0x0000000000027928                nrfx_uart_init
 .text.nrfx_uart_uninit
                0x0000000000027adc       0xac Output/fpu_fft_example_s140_pca10056 Release/Obj/nrfx_uart.o
                0x0000000000027adc                nrfx_uart_uninit
 .text.nrfx_uart_tx
                0x0000000000027b88       0x94 Output/fpu_fft_example_s140_pca10056 Release/Obj/nrfx_uart.o
                0x0000000000027b88                nrfx_uart_tx
 .text.nrf_uarte_event_clear
                0x0000000000027c1c       0x10 Output/fpu_fft_example_s140_pca10056 Release/Obj/nrfx_uarte.o
 .text.rx_done_event.constprop.6
                0x0000000000027c2c       0x24 Output/fpu_fft_example_s140_pca10056 Release/Obj/nrfx_uarte.o
 .text.nrfx_uarte_0_irq_handler
                0x0000000000027c50       0xec Output/fpu_fft_example_s140_pca10056 Release/Obj/nrfx_uarte.o
                0x0000000000027c50                nrfx_uarte_0_irq_handler
 .text.nrf_gpio_cfg_default
                0x0000000000027d3c       0x20 Output/fpu_fft_example_s140_pca10056 Release/Obj/nrfx_uarte.o
 .text.nrfx_uarte_init
                0x0000000000027d5c      0x1c4 Output/fpu_fft_example_s140_pca10056 Release/Obj/nrfx_uarte.o
                0x0000000000027d5c                nrfx_uarte_init
 .text.nrfx_uarte_uninit
                0x0000000000027f20       0xac Output/fpu_fft_example_s140_pca10056 Release/Obj/nrfx_uarte.o
                0x0000000000027f20                nrfx_uarte_uninit
 .text.nrfx_uarte_tx
                0x0000000000027fcc       0x88 Output/fpu_fft_example_s140_pca10056 Release/Obj/nrfx_uarte.o
                0x0000000000027fcc                nrfx_uarte_tx
 .text.startup.main
                0x0000000000028054      0x244 Output/fpu_fft_example_s140_pca10056 Release/Obj/main.o
                0x0000000000028054                main
 .text.errata_98
                0x0000000000028298       0x20 Output/fpu_fft_example_s140_pca10056 Release/Obj/system_nrf52840.o
 .text.SystemInit
                0x00000000000282b8      0x1b8 Output/fpu_fft_example_s140_pca10056 Release/Obj/system_nrf52840.o
                0x00000000000282b8                SystemInit
 .text.nrf_sdh_evts_poll
                0x0000000000028470       0x28 Output/fpu_fft_example_s140_pca10056 Release/Obj/nrf_sdh.o
                0x0000000000028470                nrf_sdh_evts_poll
 .text.SWI2_EGU2_IRQHandler
                0x0000000000028498        0x4 Output/fpu_fft_example_s140_pca10056 Release/Obj/nrf_sdh.o
                0x0000000000028498                SWI2_EGU2_IRQHandler
 .text.sd_evt_get
                0x000000000002849c        0x4 Output/fpu_fft_example_s140_pca10056 Release/Obj/nrf_sdh_soc.o
 .text.nrf_sdh_soc_evts_poll
                0x00000000000284a0       0x3c Output/fpu_fft_example_s140_pca10056 Release/Obj/nrf_sdh_soc.o
 .text.libc.__uint32_to_float64
                0x00000000000284dc       0x22 /usr/share/segger_embedded_studio_for_arm_3.40/lib/libm_v7em_fpv4_sp_d16_hard_t_le_eabi.a(libm_asm.o)
                0x00000000000284dc                __uint32_to_float64
                0x00000000000284dc                __aeabi_ui2d
                0x00000000000284dc                __floatunsidf
 .text.libc.__float64_to_uint32
                0x00000000000284fe       0x2c /usr/share/segger_embedded_studio_for_arm_3.40/lib/libm_v7em_fpv4_sp_d16_hard_t_le_eabi.a(libm_asm.o)
                0x00000000000284fe                __fixunsdfsi
                0x00000000000284fe                __aeabi_d2uiz
                0x00000000000284fe                __float64_to_uint32
 .text.libc.__float32_to_float64
                0x000000000002852a       0x38 /usr/share/segger_embedded_studio_for_arm_3.40/lib/libm_v7em_fpv4_sp_d16_hard_t_le_eabi.a(libm_asm.o)
                0x000000000002852a                __extendsfdf2
                0x000000000002852a                __float32_to_float64
                0x000000000002852a                __aeabi_f2d
 .text.libc.__float64_to_float32
                0x0000000000028562       0x6e /usr/share/segger_embedded_studio_for_arm_3.40/lib/libm_v7em_fpv4_sp_d16_hard_t_le_eabi.a(libm_asm.o)
                0x0000000000028562                __aeabi_d2f
                0x0000000000028562                __truncdfsf2
                0x0000000000028562                __float64_to_float32
 .text.libc.__float64_add
                0x00000000000285d0      0x294 /usr/share/segger_embedded_studio_for_arm_3.40/lib/libm_v7em_fpv4_sp_d16_hard_t_le_eabi.a(libm_asm.o)
                0x00000000000285d0                __aeabi_drsub
                0x00000000000285d8                __float64_sub
                0x00000000000285d8                __aeabi_dsub
                0x00000000000285d8                __subdf3
                0x00000000000285dc                __adddf3
                0x00000000000285dc                __float64_add
                0x00000000000285dc                __aeabi_dadd
 .text.libc.__float64_mul
                0x0000000000028864      0x16c /usr/share/segger_embedded_studio_for_arm_3.40/lib/libm_v7em_fpv4_sp_d16_hard_t_le_eabi.a(libm_asm.o)
                0x0000000000028864                __aeabi_dmul
                0x0000000000028864                __float64_mul
                0x0000000000028864                __muldf3
 .text.libc.__float64_cmplt
                0x00000000000289d0       0x38 /usr/share/segger_embedded_studio_for_arm_3.40/lib/libm_v7em_fpv4_sp_d16_hard_t_le_eabi.a(libm_asm.o)
                0x00000000000289d0                __aeabi_dcmplt
 .text.libc.__float64_cmpgt
                0x0000000000028a08       0x38 /usr/share/segger_embedded_studio_for_arm_3.40/lib/libm_v7em_fpv4_sp_d16_hard_t_le_eabi.a(libm_asm.o)
                0x0000000000028a08                __aeabi_dcmpgt
 .text.libc.sin
                0x0000000000028a40      0x1bc /usr/share/segger_embedded_studio_for_arm_3.40/lib/libm_v7em_fpv4_sp_d16_hard_t_le_eabi.a(libm2.o)
                0x0000000000028a40                sin(double)
                0x0000000000028a40                sin
 .text.libc.sqrtf
                0x0000000000028bfc        0x6 /usr/share/segger_embedded_studio_for_arm_3.40/lib/libm_v7em_fpv4_sp_d16_hard_t_le_eabi.a(libm2_asm.o)
                0x0000000000028bfc                sqrtf
                0x0000000000028bfc                sqrt(float)
 *fill*         0x0000000000028c02        0x2 
 .text.libc.__RAL_ascii_isctype
                0x0000000000028c04       0x1c /usr/share/segger_embedded_studio_for_arm_3.40/lib/libc_v7em_fpv4_sp_d16_hard_t_le_eabi.a(libc2.o)
 .text.libc.__RAL_ascii_toupper
                0x0000000000028c20        0xc /usr/share/segger_embedded_studio_for_arm_3.40/lib/libc_v7em_fpv4_sp_d16_hard_t_le_eabi.a(libc2.o)
 .text.libc.__RAL_ascii_tolower
                0x0000000000028c2c        0xc /usr/share/segger_embedded_studio_for_arm_3.40/lib/libc_v7em_fpv4_sp_d16_hard_t_le_eabi.a(libc2.o)
 .text.libc.__RAL_ascii_iswctype
                0x0000000000028c38       0x1c /usr/share/segger_embedded_studio_for_arm_3.40/lib/libc_v7em_fpv4_sp_d16_hard_t_le_eabi.a(libc2.o)
 .text.libc.__RAL_ascii_towupper
                0x0000000000028c54        0xc /usr/share/segger_embedded_studio_for_arm_3.40/lib/libc_v7em_fpv4_sp_d16_hard_t_le_eabi.a(libc2.o)
 .text.libc.__RAL_ascii_towlower
                0x0000000000028c60        0xc /usr/share/segger_embedded_studio_for_arm_3.40/lib/libc_v7em_fpv4_sp_d16_hard_t_le_eabi.a(libc2.o)
 .text.libc.__RAL_ascii_wctomb
                0x0000000000028c6c        0xe /usr/share/segger_embedded_studio_for_arm_3.40/lib/libc_v7em_fpv4_sp_d16_hard_t_le_eabi.a(libc2.o)
                0x0000000000028c6c                __RAL_ascii_wctomb
 .text.libc.__RAL_ascii_mbtowc
                0x0000000000028c7a       0x24 /usr/share/segger_embedded_studio_for_arm_3.40/lib/libc_v7em_fpv4_sp_d16_hard_t_le_eabi.a(libc2.o)
                0x0000000000028c7a                __RAL_ascii_mbtowc
 *fill*         0x0000000000028c9e        0x2 
 .text.libc.__RAL_isctype
                0x0000000000028ca0       0x14 /usr/share/segger_embedded_studio_for_arm_3.40/lib/libc_v7em_fpv4_sp_d16_hard_t_le_eabi.a(libc2.o)
                0x0000000000028ca0                __RAL_isctype
 .text.libc.isprint
                0x0000000000028cb4        0xa /usr/share/segger_embedded_studio_for_arm_3.40/lib/libc_v7em_fpv4_sp_d16_hard_t_le_eabi.a(libc2.o)
                0x0000000000028cb4                isprint
 *fill*         0x0000000000028cbe        0x2 
 .text.libc.rand
                0x0000000000028cc0       0x20 /usr/share/segger_embedded_studio_for_arm_3.40/lib/libc_v7em_fpv4_sp_d16_hard_t_le_eabi.a(libc2.o)
                0x0000000000028cc0                rand
 .text.libc.memcpy
                0x0000000000028ce0       0x52 /usr/share/segger_embedded_studio_for_arm_3.40/lib/libc_v7em_fpv4_sp_d16_hard_t_le_eabi.a(libc2_asm.o)
                0x0000000000028ce0                memcpy
                0x0000000000028ce0                __aeabi_memcpy
                0x0000000000028cec                __aeabi_memcpy4
                0x0000000000028cec                __aeabi_memcpy8
 .text.libc.strlen
                0x0000000000028d32       0x60 /usr/share/segger_embedded_studio_for_arm_3.40/lib/libc_v7em_fpv4_sp_d16_hard_t_le_eabi.a(libc2_asm.o)
                0x0000000000028d32                strlen
 *fill*         0x0000000000028d92        0x2 
 .text.arm_max_f32
                0x0000000000028d94       0xd0 ../../../../../../components/toolchain/cmsis/dsp/GCC/libarm_cortexM4lf_math.a(arm_max_f32.o)
                0x0000000000028d94                arm_max_f32
 .text.arm_cfft_radix8by2_f32
                0x0000000000028e64      0x1a4 ../../../../../../components/toolchain/cmsis/dsp/GCC/libarm_cortexM4lf_math.a(arm_cfft_f32.o)
                0x0000000000028e64                arm_cfft_radix8by2_f32
 .text.arm_cfft_radix8by4_f32
                0x0000000000029008      0x4bc ../../../../../../components/toolchain/cmsis/dsp/GCC/libarm_cortexM4lf_math.a(arm_cfft_f32.o)
                0x0000000000029008                arm_cfft_radix8by4_f32
 .text.arm_cfft_f32
                0x00000000000294c4       0xf4 ../../../../../../components/toolchain/cmsis/dsp/GCC/libarm_cortexM4lf_math.a(arm_cfft_f32.o)
                0x00000000000294c4                arm_cfft_f32
 .text.arm_cmplx_mag_f32
                0x00000000000295b8      0x1d0 ../../../../../../components/toolchain/cmsis/dsp/GCC/libarm_cortexM4lf_math.a(arm_cmplx_mag_f32.o)
                0x00000000000295b8                arm_cmplx_mag_f32
 .text          0x0000000000029788       0xc0 ../../../../../../components/toolchain/cmsis/dsp/GCC/libarm_cortexM4lf_math.a(arm_bitreversal2.o)
                0x0000000000029788                arm_bitreversal_32
                0x00000000000297f2                arm_bitreversal_16
 .text.arm_radix8_butterfly_f32
                0x0000000000029848      0x5c4 ../../../../../../components/toolchain/cmsis/dsp/GCC/libarm_cortexM4lf_math.a(arm_cfft_radix8_f32.o)
                0x0000000000029848                arm_radix8_butterfly_f32
                0x0000000000029e0c                __text_end__ = (__text_start__ + SIZEOF (.text))
                0x0000000000003a34                __text_size__ = SIZEOF (.text)
                0x0000000000029e0c                __text_load_end__ = __text_end__

.vfp11_veneer   0x0000000100000000        0x0
 .vfp11_veneer  0x0000000100000000        0x0 linker stubs

.v4_bx          0x0000000100000000        0x0
 .v4_bx         0x0000000100000000        0x0 linker stubs

.iplt           0x0000000100000000        0x0
 .iplt          0x0000000100000000        0x0 Output/fpu_fft_example_s140_pca10056 Release/Obj/thumb_crt0.o
                0x0000000000000001                . = ASSERT (((__text_start__ == __text_end__) || ((__text_end__ >= __FLASH_segment_start__) && (__text_end__ <= __FLASH_segment_end__))), error: .text is too large to fit in FLASH memory segment)
                0x0000000000029e0c                __sdh_soc_observers_load_start__ = ALIGN (__text_end__, 0x4)

.sdh_soc_observers
                0x0000000000029e0c        0x0
                0x0000000000029e0c                __sdh_soc_observers_start__ = .
                0x0000000000029e0c                __start_sdh_soc_observers = __sdh_soc_observers_start__
 *(SORT_BY_NAME(.sdh_soc_observers*))
                0x0000000000029e0c                __sdh_soc_observers_end__ = (__sdh_soc_observers_start__ + SIZEOF (.sdh_soc_observers))
                0x0000000000000000                __sdh_soc_observers_size__ = SIZEOF (.sdh_soc_observers)
                0x0000000000029e0c                __stop_sdh_soc_observers = __sdh_soc_observers_end__
                0x0000000000029e0c                __sdh_soc_observers_load_end__ = __sdh_soc_observers_end__
                0x0000000000000001                . = ASSERT (((__sdh_soc_observers_start__ == __sdh_soc_observers_end__) || ((__sdh_soc_observers_end__ >= __FLASH_segment_start__) && (__sdh_soc_observers_end__ <= __FLASH_segment_end__))), error: .sdh_soc_observers is too large to fit in FLASH memory segment)
                0x0000000000029e0c                __sdh_stack_observers_load_start__ = ALIGN (__sdh_soc_observers_end__, 0x4)

.sdh_stack_observers
                0x0000000000029e0c        0x8
                0x0000000000029e0c                __sdh_stack_observers_start__ = .
                0x0000000000029e0c                __start_sdh_stack_observers = __sdh_stack_observers_start__
 *(SORT_BY_NAME(.sdh_stack_observers*))
 .sdh_stack_observers0
                0x0000000000029e0c        0x8 Output/fpu_fft_example_s140_pca10056 Release/Obj/nrf_sdh_soc.o
                0x0000000000029e14                __sdh_stack_observers_end__ = (__sdh_stack_observers_start__ + SIZEOF (.sdh_stack_observers))
                0x0000000000000008                __sdh_stack_observers_size__ = SIZEOF (.sdh_stack_observers)
                0x0000000000029e14                __stop_sdh_stack_observers = __sdh_stack_observers_end__
                0x0000000000029e14                __sdh_stack_observers_load_end__ = __sdh_stack_observers_end__
                0x0000000000000001                . = ASSERT (((__sdh_stack_observers_start__ == __sdh_stack_observers_end__) || ((__sdh_stack_observers_end__ >= __FLASH_segment_start__) && (__sdh_stack_observers_end__ <= __FLASH_segment_end__))), error: .sdh_stack_observers is too large to fit in FLASH memory segment)
                0x0000000000029e14                __sdh_req_observers_load_start__ = ALIGN (__sdh_stack_observers_end__, 0x4)

.sdh_req_observers
                0x0000000000029e14        0x0
                0x0000000000029e14                __sdh_req_observers_start__ = .
                0x0000000000029e14                __start_sdh_req_observers = __sdh_req_observers_start__
 *(SORT_BY_NAME(.sdh_req_observers*))
                0x0000000000029e14                __sdh_req_observers_end__ = (__sdh_req_observers_start__ + SIZEOF (.sdh_req_observers))
                0x0000000000000000                __sdh_req_observers_size__ = SIZEOF (.sdh_req_observers)
                0x0000000000029e14                __stop_sdh_req_observers = __sdh_req_observers_end__
                0x0000000000029e14                __sdh_req_observers_load_end__ = __sdh_req_observers_end__
                0x0000000000000001                . = ASSERT (((__sdh_req_observers_start__ == __sdh_req_observers_end__) || ((__sdh_req_observers_end__ >= __FLASH_segment_start__) && (__sdh_req_observers_end__ <= __FLASH_segment_end__))), error: .sdh_req_observers is too large to fit in FLASH memory segment)
                0x0000000000029e14                __sdh_state_observers_load_start__ = ALIGN (__sdh_req_observers_end__, 0x4)

.sdh_state_observers
                0x0000000000029e14        0x0
                0x0000000000029e14                __sdh_state_observers_start__ = .
                0x0000000000029e14                __start_sdh_state_observers = __sdh_state_observers_start__
 *(SORT_BY_NAME(.sdh_state_observers*))
                0x0000000000029e14                __sdh_state_observers_end__ = (__sdh_state_observers_start__ + SIZEOF (.sdh_state_observers))
                0x0000000000000000                __sdh_state_observers_size__ = SIZEOF (.sdh_state_observers)
                0x0000000000029e14                __stop_sdh_state_observers = __sdh_state_observers_end__
                0x0000000000029e14                __sdh_state_observers_load_end__ = __sdh_state_observers_end__
                0x0000000000000001                . = ASSERT (((__sdh_state_observers_start__ == __sdh_state_observers_end__) || ((__sdh_state_observers_end__ >= __FLASH_segment_start__) && (__sdh_state_observers_end__ <= __FLASH_segment_end__))), error: .sdh_state_observers is too large to fit in FLASH memory segment)
                0x0000000000029e14                __log_const_data_load_start__ = ALIGN (__sdh_state_observers_end__, 0x4)

.log_const_data
                0x0000000000029e14       0x30
                0x0000000000029e14                __log_const_data_start__ = .
                0x0000000000029e14                __start_log_const_data = __log_const_data_start__
 *(SORT_BY_NAME(.log_const_data*))
 .log_const_data_PRS
                0x0000000000029e14        0x8 Output/fpu_fft_example_s140_pca10056 Release/Obj/nrfx_prs.o
                0x0000000000029e14                m_nrf_log_PRS_logs_data_const
 .log_const_data_UART
                0x0000000000029e1c        0x8 Output/fpu_fft_example_s140_pca10056 Release/Obj/nrfx_uart.o
                0x0000000000029e1c                m_nrf_log_UART_logs_data_const
 .log_const_data_UARTE
                0x0000000000029e24        0x8 Output/fpu_fft_example_s140_pca10056 Release/Obj/nrfx_uarte.o
                0x0000000000029e24                m_nrf_log_UARTE_logs_data_const
 .log_const_data_app
                0x0000000000029e2c        0x8 Output/fpu_fft_example_s140_pca10056 Release/Obj/nrf_log_frontend.o
                0x0000000000029e2c                m_nrf_log_app_logs_data_const
 .log_const_data_nrf_sdh
                0x0000000000029e34        0x8 Output/fpu_fft_example_s140_pca10056 Release/Obj/nrf_sdh.o
                0x0000000000029e34                m_nrf_log_nrf_sdh_logs_data_const
 .log_const_data_nrf_sdh_soc
                0x0000000000029e3c        0x8 Output/fpu_fft_example_s140_pca10056 Release/Obj/nrf_sdh_soc.o
                0x0000000000029e3c                m_nrf_log_nrf_sdh_soc_logs_data_const
                0x0000000000029e44                __log_const_data_end__ = (__log_const_data_start__ + SIZEOF (.log_const_data))
                0x0000000000000030                __log_const_data_size__ = SIZEOF (.log_const_data)
                0x0000000000029e44                __stop_log_const_data = __log_const_data_end__
                0x0000000000029e44                __log_const_data_load_end__ = __log_const_data_end__
                0x0000000000000001                . = ASSERT (((__log_const_data_start__ == __log_const_data_end__) || ((__log_const_data_end__ >= __FLASH_segment_start__) && (__log_const_data_end__ <= __FLASH_segment_end__))), error: .log_const_data is too large to fit in FLASH memory segment)
                0x0000000000029e44                __log_backends_load_start__ = ALIGN (__log_const_data_end__, 0x4)

.log_backends   0x0000000000029e44       0x10
                0x0000000000029e44                __log_backends_start__ = .
                0x0000000000029e44                __start_log_backends = __log_backends_start__
 *(SORT_BY_NAME(.log_backends*))
 .log_backends  0x0000000000029e44       0x10 Output/fpu_fft_example_s140_pca10056 Release/Obj/nrf_log_default_backends.o
                0x0000000000029e54                __log_backends_end__ = (__log_backends_start__ + SIZEOF (.log_backends))
                0x0000000000000010                __log_backends_size__ = SIZEOF (.log_backends)
                0x0000000000029e54                __stop_log_backends = __log_backends_end__
                0x0000000000029e54                __log_backends_load_end__ = __log_backends_end__
                0x0000000000000001                . = ASSERT (((__log_backends_start__ == __log_backends_end__) || ((__log_backends_end__ >= __FLASH_segment_start__) && (__log_backends_end__ <= __FLASH_segment_end__))), error: .log_backends is too large to fit in FLASH memory segment)
                0x0000000000029e54                __nrf_balloc_load_start__ = ALIGN (__log_backends_end__, 0x4)

.nrf_balloc     0x0000000000029e54       0x14
                0x0000000000029e54                __nrf_balloc_start__ = .
                0x0000000000029e54                __start_nrf_balloc = __nrf_balloc_start__
 *(.nrf_balloc*)
 .nrf_balloc    0x0000000000029e54       0x14 Output/fpu_fft_example_s140_pca10056 Release/Obj/nrf_log_frontend.o
                0x0000000000029e54                log_mempool
                0x0000000000029e68                __nrf_balloc_end__ = (__nrf_balloc_start__ + SIZEOF (.nrf_balloc))
                0x0000000000000014                __nrf_balloc_size__ = SIZEOF (.nrf_balloc)
                0x0000000000029e68                __stop_nrf_balloc = __nrf_balloc_end__
                0x0000000000029e68                __nrf_balloc_load_end__ = __nrf_balloc_end__
                0x0000000000000001                . = ASSERT (((__nrf_balloc_start__ == __nrf_balloc_end__) || ((__nrf_balloc_end__ >= __FLASH_segment_start__) && (__nrf_balloc_end__ <= __FLASH_segment_end__))), error: .nrf_balloc is too large to fit in FLASH memory segment)
                0x0000000000029e68                __nrf_sections_load_start__ = ALIGN (__nrf_balloc_end__, 0x4)

.nrf_sections   0x0000000000029e68        0x0
                0x0000000000029e68                __nrf_sections_start__ = .
                0x0000000000029e68                __start_nrf_sections = __nrf_sections_start__
 *(.nrf_sections .nrf_sections.*)
                0x0000000000029e68                __nrf_sections_end__ = (__nrf_sections_start__ + SIZEOF (.nrf_sections))
                0x0000000000000000                __nrf_sections_size__ = SIZEOF (.nrf_sections)
                0x0000000000029e68                __nrf_sections_load_end__ = __nrf_sections_end__
                0x0000000000000001                . = ASSERT (((__nrf_sections_start__ == __nrf_sections_end__) || ((__nrf_sections_end__ >= __FLASH_segment_start__) && (__nrf_sections_end__ <= __FLASH_segment_end__))), error: .nrf_sections is too large to fit in FLASH memory segment)
                0x0000000000029e68                __log_dynamic_data_load_start__ = ALIGN (__nrf_sections_end__, 0x4)

.log_dynamic_data
                0x00000000200057b8        0x0 load address 0x0000000000029e68
                0x00000000200057b8                __log_dynamic_data_start__ = .
 *(SORT_BY_NAME(.log_dynamic_data*))
                0x00000000200057b8                __log_dynamic_data_end__ = (__log_dynamic_data_start__ + SIZEOF (.log_dynamic_data))
                0x0000000000000000                __log_dynamic_data_size__ = SIZEOF (.log_dynamic_data)
                0x0000000000029e68                __log_dynamic_data_load_end__ = (__log_dynamic_data_load_start__ + SIZEOF (.log_dynamic_data))
                0x0000000000000001                . = ASSERT (((__log_dynamic_data_load_start__ == __log_dynamic_data_load_end__) || ((__log_dynamic_data_load_end__ >= __FLASH_segment_start__) && (__log_dynamic_data_load_end__ <= __FLASH_segment_end__))), error: .log_dynamic_data is too large to fit in FLASH memory segment)

.log_dynamic_data_run
                0x00000000200057b8        0x0
                0x00000000200057b8                __log_dynamic_data_run_start__ = .
                0x00000000200057b8                __start_log_dynamic_data = __log_dynamic_data_run_start__
                0x00000000200057b8                . = MAX ((__log_dynamic_data_run_start__ + SIZEOF (.log_dynamic_data)), .)
                0x00000000200057b8                __log_dynamic_data_run_end__ = (__log_dynamic_data_run_start__ + SIZEOF (.log_dynamic_data_run))
                0x0000000000000000                __log_dynamic_data_run_size__ = SIZEOF (.log_dynamic_data_run)
                0x00000000200057b8                __stop_log_dynamic_data = __log_dynamic_data_run_end__
                0x00000000200057b8                __log_dynamic_data_run_load_end__ = __log_dynamic_data_run_end__
                0x0000000000000001                . = ASSERT (((__log_dynamic_data_run_start__ == __log_dynamic_data_run_end__) || ((__log_dynamic_data_run_end__ >= __RAM_segment_start__) && (__log_dynamic_data_run_end__ <= __RAM_segment_end__))), error: .log_dynamic_data_run is too large to fit in RAM memory segment)
                0x0000000000029e68                __log_filter_data_load_start__ = ALIGN ((__log_dynamic_data_load_start__ + SIZEOF (.log_dynamic_data)), 0x4)

.log_filter_data
                0x00000000200057b8        0x0 load address 0x0000000000029e68
                0x00000000200057b8                __log_filter_data_start__ = .
 *(SORT_BY_NAME(.log_filter_data*))
                0x00000000200057b8                __log_filter_data_end__ = (__log_filter_data_start__ + SIZEOF (.log_filter_data))
                0x0000000000000000                __log_filter_data_size__ = SIZEOF (.log_filter_data)
                0x0000000000029e68                __log_filter_data_load_end__ = (__log_filter_data_load_start__ + SIZEOF (.log_filter_data))
                0x0000000000000001                . = ASSERT (((__log_filter_data_load_start__ == __log_filter_data_load_end__) || ((__log_filter_data_load_end__ >= __FLASH_segment_start__) && (__log_filter_data_load_end__ <= __FLASH_segment_end__))), error: .log_filter_data is too large to fit in FLASH memory segment)

.log_filter_data_run
                0x00000000200057b8        0x0
                0x00000000200057b8                __log_filter_data_run_start__ = .
                0x00000000200057b8                __start_log_filter_data = __log_filter_data_run_start__
                0x00000000200057b8                . = MAX ((__log_filter_data_run_start__ + SIZEOF (.log_filter_data)), .)
                0x00000000200057b8                __log_filter_data_run_end__ = (__log_filter_data_run_start__ + SIZEOF (.log_filter_data_run))
                0x0000000000000000                __log_filter_data_run_size__ = SIZEOF (.log_filter_data_run)
                0x00000000200057b8                __stop_log_filter_data = __log_filter_data_run_end__
                0x00000000200057b8                __log_filter_data_run_load_end__ = __log_filter_data_run_end__
                0x0000000000000001                . = ASSERT (((__log_filter_data_run_start__ == __log_filter_data_run_end__) || ((__log_filter_data_run_end__ >= __RAM_segment_start__) && (__log_filter_data_run_end__ <= __RAM_segment_end__))), error: .log_filter_data_run is too large to fit in RAM memory segment)
                0x00000000200057b8                __nrf_sections_run_end_load_start__ = ALIGN (__log_filter_data_run_end__, 0x4)

.nrf_sections_run_end
                0x00000000200057b8        0x0
                0x00000000200057b8                __nrf_sections_run_end_start__ = .
                0x00000000200057b8                __end_nrf_sections_run = __nrf_sections_run_end_start__
 *(.nrf_sections_run_end .nrf_sections_run_end.*)
                0x00000000200057b8                __nrf_sections_run_end_end__ = (__nrf_sections_run_end_start__ + SIZEOF (.nrf_sections_run_end))
                0x0000000000000000                __nrf_sections_run_end_size__ = SIZEOF (.nrf_sections_run_end)
                0x00000000200057b8                __nrf_sections_run_end_load_end__ = __nrf_sections_run_end_end__
                0x0000000000000001                . = ASSERT (((__nrf_sections_run_end_start__ == __nrf_sections_run_end_end__) || ((__nrf_sections_run_end_end__ >= __RAM_segment_start__) && (__nrf_sections_run_end_end__ <= __RAM_segment_end__))), error: .nrf_sections_run_end is too large to fit in RAM memory segment)
                0x0000000000029e68                __dtors_load_start__ = ALIGN ((__log_filter_data_load_start__ + SIZEOF (.log_filter_data)), 0x4)

.dtors          0x0000000000029e68        0x0
                0x0000000000029e68                __dtors_start__ = .
 *(SORT_BY_NAME(.dtors.*))
 *(.dtors)
 *(.fini_array)
 *(SORT_BY_NAME(.fini_array.*))
                0x0000000000029e68                __dtors_end__ = (__dtors_start__ + SIZEOF (.dtors))
                0x0000000000000000                __dtors_size__ = SIZEOF (.dtors)
                0x0000000000029e68                __dtors_load_end__ = __dtors_end__
                0x0000000000000001                . = ASSERT (((__dtors_start__ == __dtors_end__) || ((__dtors_end__ >= __FLASH_segment_start__) && (__dtors_end__ <= __FLASH_segment_end__))), error: .dtors is too large to fit in FLASH memory segment)
                0x0000000000029e68                __ctors_load_start__ = ALIGN (__dtors_end__, 0x4)

.ctors          0x0000000000029e68        0x0
                0x0000000000029e68                __ctors_start__ = .
 *(SORT_BY_NAME(.ctors.*))
 *(.ctors)
 *(.init_array)
 *(SORT_BY_NAME(.init_array.*))
                0x0000000000029e68                __ctors_end__ = (__ctors_start__ + SIZEOF (.ctors))
                0x0000000000000000                __ctors_size__ = SIZEOF (.ctors)
                0x0000000000029e68                __ctors_load_end__ = __ctors_end__
                0x0000000000000001                . = ASSERT (((__ctors_start__ == __ctors_end__) || ((__ctors_end__ >= __FLASH_segment_start__) && (__ctors_end__ <= __FLASH_segment_end__))), error: .ctors is too large to fit in FLASH memory segment)
                0x0000000000029e68                __rodata_load_start__ = ALIGN (__ctors_end__, 0x4)

.rodata         0x0000000000029e68      0x6d8
                0x0000000000029e68                __rodata_start__ = .
 *(.rodata .rodata.* .gnu.linkonce.r.*)
 .rodata        0x0000000000029e68       0x20 Output/fpu_fft_example_s140_pca10056 Release/Obj/nrf_log_backend_uart.o
 .rodata.nrf_log_backend_uart_api
                0x0000000000029e88        0xc Output/fpu_fft_example_s140_pca10056 Release/Obj/nrf_log_backend_uart.o
                0x0000000000029e88                nrf_log_backend_uart_api
 .rodata.str1.1
                0x0000000000029e94       0x11 Output/fpu_fft_example_s140_pca10056 Release/Obj/nrf_log_default_backends.o
 *fill*         0x0000000000029ea5        0x3 
 .rodata.m_log_push_ringbuf
                0x0000000000029ea8        0xc Output/fpu_fft_example_s140_pca10056 Release/Obj/nrf_log_frontend.o
 .rodata.nrf_log_frontend_dequeue.str1.1
                0x0000000000029eb4       0x11 Output/fpu_fft_example_s140_pca10056 Release/Obj/nrf_log_frontend.o
 .rodata.str1.1
                0x0000000000029ec5        0x4 Output/fpu_fft_example_s140_pca10056 Release/Obj/nrf_log_frontend.o
 *fill*         0x0000000000029ec9        0x3 
 .rodata.m_colors
                0x0000000000029ecc       0x24 Output/fpu_fft_example_s140_pca10056 Release/Obj/nrf_log_str_formatter.o
 .rodata.nrf_log_hexdump_entry_process.str1.1
                0x0000000000029ef0        0xf Output/fpu_fft_example_s140_pca10056 Release/Obj/nrf_log_str_formatter.o
                                         0x11 (size before relaxing)
 .rodata.postfix_process.str1.1
                0x0000000000029eff        0x8 Output/fpu_fft_example_s140_pca10056 Release/Obj/nrf_log_str_formatter.o
                                          0xb (size before relaxing)
 .rodata.prefix_process.str1.1
                0x0000000000029f07       0x2a Output/fpu_fft_example_s140_pca10056 Release/Obj/nrf_log_str_formatter.o
 *fill*         0x0000000000029f31        0x3 
 .rodata.severity_names
                0x0000000000029f34       0x14 Output/fpu_fft_example_s140_pca10056 Release/Obj/nrf_log_str_formatter.o
 .rodata.str1.1
                0x0000000000029f48       0x4b Output/fpu_fft_example_s140_pca10056 Release/Obj/nrf_log_str_formatter.o
                                         0x51 (size before relaxing)
 .rodata.app_error_fault_handler.str1.1
                0x0000000000029f93       0x19 Output/fpu_fft_example_s140_pca10056 Release/Obj/app_error_weak.o
 .rodata._aV2C.7683
                0x0000000000029fac       0x10 Output/fpu_fft_example_s140_pca10056 Release/Obj/nrf_fprintf_format.o
 .rodata.str1.1
                0x0000000000029fbc        0x4 Output/fpu_fft_example_s140_pca10056 Release/Obj/nrfx_prs.o
 .rodata.str1.1
                0x0000000000029fc0        0x5 Output/fpu_fft_example_s140_pca10056 Release/Obj/nrfx_uart.o
 .rodata.str1.1
                0x0000000000029fc5        0x6 Output/fpu_fft_example_s140_pca10056 Release/Obj/nrfx_uarte.o
 *fill*         0x0000000000029fcb        0x5 
 .rodata.delay_bytecode.8337
                0x0000000000029fd0        0x6 Output/fpu_fft_example_s140_pca10056 Release/Obj/main.o
 .rodata.main.str1.1
                0x0000000000029fd6       0x7d Output/fpu_fft_example_s140_pca10056 Release/Obj/main.o
                                         0x82 (size before relaxing)
 *fill*         0x000000000002a053        0x1 
 .rodata.sdh_stack_observers
                0x000000000002a054        0xc Output/fpu_fft_example_s140_pca10056 Release/Obj/nrf_sdh.o
 .rodata.str1.1
                0x000000000002a060        0x8 Output/fpu_fft_example_s140_pca10056 Release/Obj/nrf_sdh.o
 .rodata.sdh_soc_observers
                0x000000000002a068        0xc Output/fpu_fft_example_s140_pca10056 Release/Obj/nrf_sdh_soc.o
 .rodata.str1.1
                0x000000000002a074        0xc Output/fpu_fft_example_s140_pca10056 Release/Obj/nrf_sdh_soc.o
 .rodata.libc.__RAL_ascii_ctype_map
                0x000000000002a080       0x80 /usr/share/segger_embedded_studio_for_arm_3.40/lib/libc_v7em_fpv4_sp_d16_hard_t_le_eabi.a(libc2.o)
                0x000000000002a080                __RAL_ascii_ctype_map
 .rodata.libc.__RAL_ascii_ctype_mask
                0x000000000002a100        0xd /usr/share/segger_embedded_studio_for_arm_3.40/lib/libc_v7em_fpv4_sp_d16_hard_t_le_eabi.a(libc2.o)
 *fill*         0x000000000002a10d        0x3 
 .rodata.libc.__RAL_c_locale
                0x000000000002a110        0xc /usr/share/segger_embedded_studio_for_arm_3.40/lib/libc_v7em_fpv4_sp_d16_hard_t_le_eabi.a(libc2.o)
                0x000000000002a110                __RAL_c_locale
 .rodata.libc.__RAL_c_locale_abbrev_day_names
                0x000000000002a11c       0x1d /usr/share/segger_embedded_studio_for_arm_3.40/lib/libc_v7em_fpv4_sp_d16_hard_t_le_eabi.a(libc2.o)
                0x000000000002a11c                __RAL_c_locale_abbrev_day_names
 *fill*         0x000000000002a139        0x3 
 .rodata.libc.__RAL_c_locale_abbrev_month_names
                0x000000000002a13c       0x31 /usr/share/segger_embedded_studio_for_arm_3.40/lib/libc_v7em_fpv4_sp_d16_hard_t_le_eabi.a(libc2.o)
                0x000000000002a13c                __RAL_c_locale_abbrev_month_names
 *fill*         0x000000000002a16d        0x3 
 .rodata.libc.__RAL_c_locale_am_pm_indicator
                0x000000000002a170        0x7 /usr/share/segger_embedded_studio_for_arm_3.40/lib/libc_v7em_fpv4_sp_d16_hard_t_le_eabi.a(libc2.o)
                0x000000000002a170                __RAL_c_locale_am_pm_indicator
 *fill*         0x000000000002a177        0x1 
 .rodata.libc.__RAL_c_locale_data
                0x000000000002a178       0x58 /usr/share/segger_embedded_studio_for_arm_3.40/lib/libc_v7em_fpv4_sp_d16_hard_t_le_eabi.a(libc2.o)
                0x000000000002a178                __RAL_c_locale_data
 .rodata.libc.__RAL_c_locale_date_format
                0x000000000002a1d0        0x9 /usr/share/segger_embedded_studio_for_arm_3.40/lib/libc_v7em_fpv4_sp_d16_hard_t_le_eabi.a(libc2.o)
                0x000000000002a1d0                __RAL_c_locale_date_format
 *fill*         0x000000000002a1d9        0x3 
 .rodata.libc.__RAL_c_locale_date_time_format
                0x000000000002a1dc        0xf /usr/share/segger_embedded_studio_for_arm_3.40/lib/libc_v7em_fpv4_sp_d16_hard_t_le_eabi.a(libc2.o)
                0x000000000002a1dc                __RAL_c_locale_date_time_format
 *fill*         0x000000000002a1eb        0x1 
 .rodata.libc.__RAL_c_locale_day_names
                0x000000000002a1ec       0x3a /usr/share/segger_embedded_studio_for_arm_3.40/lib/libc_v7em_fpv4_sp_d16_hard_t_le_eabi.a(libc2.o)
                0x000000000002a1ec                __RAL_c_locale_day_names
 *fill*         0x000000000002a226        0x2 
 .rodata.libc.__RAL_c_locale_month_names
                0x000000000002a228       0x57 /usr/share/segger_embedded_studio_for_arm_3.40/lib/libc_v7em_fpv4_sp_d16_hard_t_le_eabi.a(libc2.o)
                0x000000000002a228                __RAL_c_locale_month_names
 *fill*         0x000000000002a27f        0x1 
 .rodata.libc.__RAL_c_locale_time_format
                0x000000000002a280        0x9 /usr/share/segger_embedded_studio_for_arm_3.40/lib/libc_v7em_fpv4_sp_d16_hard_t_le_eabi.a(libc2.o)
                0x000000000002a280                __RAL_c_locale_time_format
 *fill*         0x000000000002a289        0x3 
 .rodata.libc.__RAL_codeset_ascii
                0x000000000002a28c       0x20 /usr/share/segger_embedded_studio_for_arm_3.40/lib/libc_v7em_fpv4_sp_d16_hard_t_le_eabi.a(libc2.o)
                0x000000000002a28c                __RAL_codeset_ascii
 .rodata.libc.__RAL_data_empty_string
                0x000000000002a2ac        0x1 /usr/share/segger_embedded_studio_for_arm_3.40/lib/libc_v7em_fpv4_sp_d16_hard_t_le_eabi.a(libc2.o)
                0x000000000002a2ac                __RAL_data_empty_string
 *fill*         0x000000000002a2ad        0x3 
 .rodata.libc.__RAL_data_utf8_period
                0x000000000002a2b0        0x2 /usr/share/segger_embedded_studio_for_arm_3.40/lib/libc_v7em_fpv4_sp_d16_hard_t_le_eabi.a(libc2.o)
                0x000000000002a2b0                __RAL_data_utf8_period
 *fill*         0x000000000002a2b2        0x2 
 .rodata.libc.__RAL_find_locale.str1.4
                0x000000000002a2b4        0xc /usr/share/segger_embedded_studio_for_arm_3.40/lib/libc_v7em_fpv4_sp_d16_hard_t_le_eabi.a(libc2.o)
                                          0xa (size before relaxing)
 .rodata.arm_cfft_sR_f32_len64
                0x000000000002a2c0       0x10 ../../../../../../components/toolchain/cmsis/dsp/GCC/libarm_cortexM4lf_math.a(arm_const_structs.o)
                0x000000000002a2c0                arm_cfft_sR_f32_len64
 .rodata.armBitRevIndexTable64
                0x000000000002a2d0       0x70 ../../../../../../components/toolchain/cmsis/dsp/GCC/libarm_cortexM4lf_math.a(arm_common_tables.o)
                0x000000000002a2d0                armBitRevIndexTable64
 .rodata.twiddleCoef_64
                0x000000000002a340      0x200 ../../../../../../components/toolchain/cmsis/dsp/GCC/libarm_cortexM4lf_math.a(arm_common_tables.o)
                0x000000000002a340                twiddleCoef_64
                0x000000000002a540                __rodata_end__ = (__rodata_start__ + SIZEOF (.rodata))
                0x00000000000006d8                __rodata_size__ = SIZEOF (.rodata)
                0x000000000002a540                __rodata_load_end__ = __rodata_end__

.rel.dyn        0x000000000002a540        0x0
 .rel.iplt      0x000000000002a540        0x0 Output/fpu_fft_example_s140_pca10056 Release/Obj/thumb_crt0.o
                0x0000000000000001                . = ASSERT (((__rodata_start__ == __rodata_end__) || ((__rodata_end__ >= __FLASH_segment_start__) && (__rodata_end__ <= __FLASH_segment_end__))), error: .rodata is too large to fit in FLASH memory segment)
                0x000000000002a540                __ARM.exidx_load_start__ = ALIGN (__rodata_end__, 0x4)

.ARM.exidx      0x000000000002a540        0x0
                0x000000000002a540                __ARM.exidx_start__ = .
                0x000000000002a540                __exidx_start = __ARM.exidx_start__
 *(.ARM.exidx .ARM.exidx.*)
                0x000000000002a540                __ARM.exidx_end__ = (__ARM.exidx_start__ + SIZEOF (.ARM.exidx))
                0x0000000000000000                __ARM.exidx_size__ = SIZEOF (.ARM.exidx)
                0x000000000002a540                __exidx_end = __ARM.exidx_end__
                0x000000000002a540                __ARM.exidx_load_end__ = __ARM.exidx_end__
                0x0000000000000001                . = ASSERT (((__ARM.exidx_start__ == __ARM.exidx_end__) || ((__ARM.exidx_end__ >= __FLASH_segment_start__) && (__ARM.exidx_end__ <= __FLASH_segment_end__))), error: .ARM.exidx is too large to fit in FLASH memory segment)
                0x000000000002a540                __fast_load_start__ = ALIGN (__ARM.exidx_end__, 0x4)

.fast           0x00000000200057b8        0x0 load address 0x000000000002a540
                0x00000000200057b8                __fast_start__ = .
 *(.fast .fast.*)
                0x00000000200057b8                __fast_end__ = (__fast_start__ + SIZEOF (.fast))
                0x0000000000000000                __fast_size__ = SIZEOF (.fast)
                0x000000000002a540                __fast_load_end__ = (__fast_load_start__ + SIZEOF (.fast))
                0x0000000000000001                . = ASSERT (((__fast_load_start__ == __fast_load_end__) || ((__fast_load_end__ >= __FLASH_segment_start__) && (__fast_load_end__ <= __FLASH_segment_end__))), error: .fast is too large to fit in FLASH memory segment)

.fast_run       0x00000000200057b8        0x0
                0x00000000200057b8                __fast_run_start__ = .
                0x00000000200057b8                . = MAX ((__fast_run_start__ + SIZEOF (.fast)), .)
                0x00000000200057b8                __fast_run_end__ = (__fast_run_start__ + SIZEOF (.fast_run))
                0x0000000000000000                __fast_run_size__ = SIZEOF (.fast_run)
                0x00000000200057b8                __fast_run_load_end__ = __fast_run_end__
                0x0000000000000001                . = ASSERT (((__fast_run_start__ == __fast_run_end__) || ((__fast_run_end__ >= __RAM_segment_start__) && (__fast_run_end__ <= __RAM_segment_end__))), error: .fast_run is too large to fit in RAM memory segment)
                0x000000000002a540                __data_load_start__ = ALIGN ((__fast_load_start__ + SIZEOF (.fast)), 0x4)

.data           0x00000000200057b8       0x38 load address 0x000000000002a540
                0x00000000200057b8                __data_start__ = .
 *(.data .data.* .gnu.linkonce.d.*)
 .data.m_uart   0x00000000200057b8       0x14 Output/fpu_fft_example_s140_pca10056 Release/Obj/nrf_log_backend_uart.o
                0x00000000200057b8                m_uart
 .data.log_backend_cb_uart_log_backend
                0x00000000200057cc        0x8 Output/fpu_fft_example_s140_pca10056 Release/Obj/nrf_log_default_backends.o
 .data.SystemCoreClock
                0x00000000200057d4        0x4 Output/fpu_fft_example_s140_pca10056 Release/Obj/system_nrf52840.o
                0x00000000200057d4                SystemCoreClock
 .data.libc.__RAL_global_locale
                0x00000000200057d8       0x14 /usr/share/segger_embedded_studio_for_arm_3.40/lib/libc_v7em_fpv4_sp_d16_hard_t_le_eabi.a(libc2.o)
                0x00000000200057d8                __RAL_global_locale
 .data.libc.__RAL_rand_next
                0x00000000200057ec        0x4 /usr/share/segger_embedded_studio_for_arm_3.40/lib/libc_v7em_fpv4_sp_d16_hard_t_le_eabi.a(libc2.o)
                0x00000000200057ec                __RAL_rand_next
                0x00000000200057f0                __data_end__ = (__data_start__ + SIZEOF (.data))
                0x0000000000000038                __data_size__ = SIZEOF (.data)
                0x000000000002a578                __data_load_end__ = (__data_load_start__ + SIZEOF (.data))

.igot.plt       0x0000000100000000        0x0
 .igot.plt      0x0000000100000000        0x0 Output/fpu_fft_example_s140_pca10056 Release/Obj/thumb_crt0.o
                0x0000000000000001                . = ASSERT (((__data_load_start__ == __data_load_end__) || ((__data_load_end__ >= __FLASH_segment_start__) && (__data_load_end__ <= __FLASH_segment_end__))), error: .data is too large to fit in FLASH memory segment)

.data_run       0x00000000200057b8       0x38 load address 0x000000000002a540
                0x00000000200057b8                __data_run_start__ = .
                0x00000000200057f0                . = MAX ((__data_run_start__ + SIZEOF (.data)), .)
 *fill*         0x00000000200057b8       0x38 
                0x00000000200057f0                __data_run_end__ = (__data_run_start__ + SIZEOF (.data_run))
                0x0000000000000038                __data_run_size__ = SIZEOF (.data_run)
                0x00000000200057f0                __data_run_load_end__ = __data_run_end__
                0x0000000000000001                . = ASSERT (((__data_run_start__ == __data_run_end__) || ((__data_run_end__ >= __RAM_segment_start__) && (__data_run_end__ <= __RAM_segment_end__))), error: .data_run is too large to fit in RAM memory segment)
                0x000000000002a578                __tdata_load_start__ = ALIGN ((__data_load_start__ + SIZEOF (.data)), 0x4)

.tdata          0x00000000200057f0        0x0 load address 0x000000000002a578
                0x00000000200057f0                __tdata_start__ = .
 *(.tdata .tdata.*)
                0x00000000200057f0                __tdata_end__ = (__tdata_start__ + SIZEOF (.tdata))
                0x0000000000000000                __tdata_size__ = SIZEOF (.tdata)
                0x000000000002a578                __tdata_load_end__ = (__tdata_load_start__ + SIZEOF (.tdata))
                0x000000000002a578                __FLASH_segment_used_end__ = (ALIGN ((__data_load_start__ + SIZEOF (.data)), 0x4) + SIZEOF (.tdata))
                0x000000000002a578                __FLASH_segment_used_size__ = (__FLASH_segment_used_end__ - __FLASH_segment_start__)
                0x0000000000000001                . = ASSERT (((__tdata_load_start__ == __tdata_load_end__) || ((__tdata_load_end__ >= __FLASH_segment_start__) && (__tdata_load_end__ <= __FLASH_segment_end__))), error: .tdata is too large to fit in FLASH memory segment)

.tdata_run      0x00000000200057f0        0x0
                0x00000000200057f0                __tdata_run_start__ = .
                0x00000000200057f0                . = MAX ((__tdata_run_start__ + SIZEOF (.tdata)), .)
                0x00000000200057f0                __tdata_run_end__ = (__tdata_run_start__ + SIZEOF (.tdata_run))
                0x0000000000000000                __tdata_run_size__ = SIZEOF (.tdata_run)
                0x00000000200057f0                __tdata_run_load_end__ = __tdata_run_end__
                0x0000000000000001                . = ASSERT (((__tdata_run_start__ == __tdata_run_end__) || ((__tdata_run_end__ >= __RAM_segment_start__) && (__tdata_run_end__ <= __RAM_segment_end__))), error: .tdata_run is too large to fit in RAM memory segment)
                0x00000000200057f0                __bss_load_start__ = ALIGN (__tdata_run_end__, 0x4)

.bss            0x00000000200057f0      0x948
                0x00000000200057f0                __bss_start__ = .
 *(.bss .bss.* .gnu.linkonce.b.*)
 .bss.m_async_mode
                0x00000000200057f0        0x1 Output/fpu_fft_example_s140_pca10056 Release/Obj/nrf_log_backend_uart.o
 .bss.m_string_buff
                0x00000000200057f1       0x40 Output/fpu_fft_example_s140_pca10056 Release/Obj/nrf_log_backend_uart.o
 .bss.m_xfer_done
                0x0000000020005831        0x1 Output/fpu_fft_example_s140_pca10056 Release/Obj/nrf_log_backend_uart.o
 *fill*         0x0000000020005832        0x2 
 .bss.log_mempool_nrf_balloc_cb
                0x0000000020005834        0x8 Output/fpu_fft_example_s140_pca10056 Release/Obj/nrf_log_frontend.o
 .bss.log_mempool_nrf_balloc_pool_mem
                0x000000002000583c       0xc0 Output/fpu_fft_example_s140_pca10056 Release/Obj/nrf_log_frontend.o
 .bss.log_mempool_nrf_balloc_pool_stack
                0x00000000200058fc        0x8 Output/fpu_fft_example_s140_pca10056 Release/Obj/nrf_log_frontend.o
 .bss.m_log_data
                0x0000000020005904      0x424 Output/fpu_fft_example_s140_pca10056 Release/Obj/nrf_log_frontend.o
 .bss.m_log_push_ringbuf_buf
                0x0000000020005d28       0x80 Output/fpu_fft_example_s140_pca10056 Release/Obj/nrf_log_frontend.o
 .bss.m_log_push_ringbuf_cb
                0x0000000020005da8       0x18 Output/fpu_fft_example_s140_pca10056 Release/Obj/nrf_log_frontend.o
 .bss.nrf_nvic_state
                0x0000000020005dc0        0xc Output/fpu_fft_example_s140_pca10056 Release/Obj/app_util_platform.o
                0x0000000020005dc0                nrf_nvic_state
 .bss.m_contexts
                0x0000000020005dcc        0x8 Output/fpu_fft_example_s140_pca10056 Release/Obj/nrf_drv_uart.o
 .bss.m_handlers
                0x0000000020005dd4        0x8 Output/fpu_fft_example_s140_pca10056 Release/Obj/nrf_drv_uart.o
 .bss.nrf_drv_uart_use_easy_dma
                0x0000000020005ddc        0x2 Output/fpu_fft_example_s140_pca10056 Release/Obj/nrf_drv_uart.o
                0x0000000020005ddc                nrf_drv_uart_use_easy_dma
 *fill*         0x0000000020005dde        0x2 
 .bss.m_prs_box_4
                0x0000000020005de0        0x8 Output/fpu_fft_example_s140_pca10056 Release/Obj/nrfx_prs.o
 .bss.m_cb      0x0000000020005de8       0x2c Output/fpu_fft_example_s140_pca10056 Release/Obj/nrfx_uart.o
 .bss.m_cb      0x0000000020005e14       0x24 Output/fpu_fft_example_s140_pca10056 Release/Obj/nrfx_uarte.o
 .bss.m_fft_input_f32
                0x0000000020005e38      0x200 Output/fpu_fft_example_s140_pca10056 Release/Obj/main.o
 .bss.m_fft_output_f32
                0x0000000020006038      0x100 Output/fpu_fft_example_s140_pca10056 Release/Obj/main.o
 *(COMMON)
                0x0000000020006138                __bss_end__ = (__bss_start__ + SIZEOF (.bss))
                0x0000000000000948                __bss_size__ = SIZEOF (.bss)
                0x0000000020006138                __bss_load_end__ = __bss_end__
                0x0000000000000001                . = ASSERT (((__bss_start__ == __bss_end__) || ((__bss_end__ >= __RAM_segment_start__) && (__bss_end__ <= __RAM_segment_end__))), error: .bss is too large to fit in RAM memory segment)
                0x0000000020006138                __tbss_load_start__ = ALIGN (__bss_end__, 0x4)

.tbss           0x0000000020006138        0x0
                0x0000000020006138                __tbss_start__ = .
 *(.tbss .tbss.*)
                0x0000000020006138                __tbss_end__ = (__tbss_start__ + SIZEOF (.tbss))
                0x0000000000000000                __tbss_size__ = SIZEOF (.tbss)
                0x0000000020006138                __tbss_load_end__ = __tbss_end__
                0x0000000000000001                . = ASSERT (((__tbss_start__ == __tbss_end__) || ((__tbss_end__ >= __RAM_segment_start__) && (__tbss_end__ <= __RAM_segment_end__))), error: .tbss is too large to fit in RAM memory segment)
                0x0000000020006138                __non_init_load_start__ = ALIGN (__tbss_end__, 0x4)

.non_init       0x0000000020006138        0x0
                0x0000000020006138                __non_init_start__ = .
 *(.non_init .non_init.*)
                0x0000000020006138                __non_init_end__ = (__non_init_start__ + SIZEOF (.non_init))
                0x0000000000000000                __non_init_size__ = SIZEOF (.non_init)
                0x0000000020006138                __non_init_load_end__ = __non_init_end__
                0x0000000000000001                . = ASSERT (((__non_init_start__ == __non_init_end__) || ((__non_init_end__ >= __RAM_segment_start__) && (__non_init_end__ <= __RAM_segment_end__))), error: .non_init is too large to fit in RAM memory segment)
                0x0000000020006138                __heap_load_start__ = ALIGN (__non_init_end__, 0x4)

.heap           0x0000000020006138     0x2000
                0x0000000020006138                __heap_start__ = .
 *(.heap .heap.*)
                0x0000000020008138                . = ALIGN (MAX ((__heap_start__ + __HEAPSIZE__), .), 0x4)
 *fill*         0x0000000020006138     0x2000 
                0x0000000020008138                __heap_end__ = (__heap_start__ + SIZEOF (.heap))
                0x0000000000002000                __heap_size__ = SIZEOF (.heap)
                0x0000000020008138                __heap_load_end__ = __heap_end__
                0x0000000000000001                . = ASSERT (((__heap_start__ == __heap_end__) || ((__heap_end__ >= __RAM_segment_start__) && (__heap_end__ <= __RAM_segment_end__))), error: .heap is too large to fit in RAM memory segment)
                0x000000002003e000                __stack_load_start__ = (__RAM_segment_end__ - 0x2000)

.stack          0x000000002003e000     0x2000
                0x000000002003e000                __stack_start__ = .
                0x000000002003e000                __StackLimit = __stack_start__
 *(.stack .stack.*)
                0x0000000020040000                . = ALIGN (MAX ((__stack_start__ + __STACKSIZE__), .), 0x8)
 *fill*         0x000000002003e000     0x2000 
                0x0000000020040000                __stack_end__ = (__stack_start__ + SIZEOF (.stack))
                0x0000000000002000                __stack_size__ = SIZEOF (.stack)
                0x0000000020040000                __StackTop = __stack_end__
                0x0000000020040000                __stack_load_end__ = __stack_end__
                0x0000000000000001                . = ASSERT (((__stack_start__ == __stack_end__) || ((__stack_end__ >= __RAM_segment_start__) && (__stack_end__ <= __RAM_segment_end__))), error: .stack is too large to fit in RAM memory segment)
                0x0000000000000001                . = ASSERT ((__heap_end__ <= __stack_start__), error: section .heap overlaps absolute placed section .stack)
                0x0000000020040000                __stack_process_load_start__ = ALIGN (__stack_end__, 0x8)

.stack_process  0x0000000020040000        0x0
                0x0000000020040000                __stack_process_start__ = .
 *(.stack_process .stack_process.*)
                0x0000000020040000                . = ALIGN (MAX ((__stack_process_start__ + __STACKSIZE_PROCESS__), .), 0x8)
                0x0000000020040000                __stack_process_end__ = (__stack_process_start__ + SIZEOF (.stack_process))
                0x0000000000000000                __stack_process_size__ = SIZEOF (.stack_process)
                0x0000000020040000                __stack_process_load_end__ = __stack_process_end__
                0x0000000020040000                __RAM_segment_used_end__ = (ALIGN (__stack_end__, 0x8) + SIZEOF (.stack_process))
                0x0000000000040000                __RAM_segment_used_size__ = (__RAM_segment_used_end__ - __RAM_segment_start__)
                0x0000000000000001                . = ASSERT (((__stack_process_start__ == __stack_process_end__) || ((__stack_process_end__ >= __RAM_segment_start__) && (__stack_process_end__ <= __RAM_segment_end__))), error: .stack_process is too large to fit in RAM memory segment)
START GROUP
LOAD Output/fpu_fft_example_s140_pca10056 Release/Obj/thumb_crt0.o
LOAD Output/fpu_fft_example_s140_pca10056 Release/Obj/nrf_log_backend_rtt.o
LOAD Output/fpu_fft_example_s140_pca10056 Release/Obj/nrf_log_backend_serial.o
LOAD Output/fpu_fft_example_s140_pca10056 Release/Obj/nrf_log_backend_uart.o
LOAD Output/fpu_fft_example_s140_pca10056 Release/Obj/nrf_log_default_backends.o
LOAD Output/fpu_fft_example_s140_pca10056 Release/Obj/nrf_log_frontend.o
LOAD Output/fpu_fft_example_s140_pca10056 Release/Obj/nrf_log_str_formatter.o
LOAD Output/fpu_fft_example_s140_pca10056 Release/Obj/boards.o
LOAD ../../../../../../components/toolchain/cmsis/dsp/GCC/libarm_cortexM4lf_math.a
LOAD Output/fpu_fft_example_s140_pca10056 Release/Obj/app_error.o
LOAD Output/fpu_fft_example_s140_pca10056 Release/Obj/app_error_handler_gcc.o
LOAD Output/fpu_fft_example_s140_pca10056 Release/Obj/app_error_weak.o
LOAD Output/fpu_fft_example_s140_pca10056 Release/Obj/app_util_platform.o
LOAD Output/fpu_fft_example_s140_pca10056 Release/Obj/nrf_assert.o
LOAD Output/fpu_fft_example_s140_pca10056 Release/Obj/nrf_atomic.o
LOAD Output/fpu_fft_example_s140_pca10056 Release/Obj/nrf_balloc.o
LOAD Output/fpu_fft_example_s140_pca10056 Release/Obj/nrf_fprintf.o
LOAD Output/fpu_fft_example_s140_pca10056 Release/Obj/nrf_fprintf_format.o
LOAD Output/fpu_fft_example_s140_pca10056 Release/Obj/nrf_memobj.o
LOAD Output/fpu_fft_example_s140_pca10056 Release/Obj/nrf_ringbuf.o
LOAD Output/fpu_fft_example_s140_pca10056 Release/Obj/nrf_section_iter.o
LOAD Output/fpu_fft_example_s140_pca10056 Release/Obj/nrf_strerror.o
LOAD Output/fpu_fft_example_s140_pca10056 Release/Obj/nrf_drv_uart.o
LOAD Output/fpu_fft_example_s140_pca10056 Release/Obj/nrfx_prs.o
LOAD Output/fpu_fft_example_s140_pca10056 Release/Obj/nrfx_uart.o
LOAD Output/fpu_fft_example_s140_pca10056 Release/Obj/nrfx_uarte.o
LOAD Output/fpu_fft_example_s140_pca10056 Release/Obj/main.o
LOAD Output/fpu_fft_example_s140_pca10056 Release/Obj/SEGGER_RTT.o
LOAD Output/fpu_fft_example_s140_pca10056 Release/Obj/SEGGER_RTT_Syscalls_SES.o
LOAD Output/fpu_fft_example_s140_pca10056 Release/Obj/SEGGER_RTT_printf.o
LOAD Output/fpu_fft_example_s140_pca10056 Release/Obj/ses_startup_nrf52840.o
LOAD Output/fpu_fft_example_s140_pca10056 Release/Obj/ses_startup_nrf_common.o
LOAD Output/fpu_fft_example_s140_pca10056 Release/Obj/system_nrf52840.o
LOAD Output/fpu_fft_example_s140_pca10056 Release/Obj/nrf_sdh.o
LOAD Output/fpu_fft_example_s140_pca10056 Release/Obj/nrf_sdh_soc.o
LOAD /usr/share/segger_embedded_studio_for_arm_3.40/lib/libdebugio_mempoll_v7em_fpv4_sp_d16_hard_t_le_eabi.a
LOAD /usr/share/segger_embedded_studio_for_arm_3.40/lib/libm_v7em_fpv4_sp_d16_hard_t_le_eabi.a
LOAD /usr/share/segger_embedded_studio_for_arm_3.40/lib/libc_v7em_fpv4_sp_d16_hard_t_le_eabi.a
LOAD /usr/share/segger_embedded_studio_for_arm_3.40/lib/libcpp_v7em_fpv4_sp_d16_hard_t_le_eabi.a
LOAD /usr/share/segger_embedded_studio_for_arm_3.40/lib/libdebugio_v7em_fpv4_sp_d16_hard_t_le_eabi.a
LOAD /usr/share/segger_embedded_studio_for_arm_3.40/lib/libvfprintf_v7em_fpv4_sp_d16_hard_t_le_eabi.o
LOAD /usr/share/segger_embedded_studio_for_arm_3.40/lib/libvfscanf_v7em_fpv4_sp_d16_hard_t_le_eabi.o
END GROUP
OUTPUT(Output/Release/Exe/fpu_fft_example_s140_pca10056.elf elf32-littlearm)

.ARM.attributes
                0x0000000000000000       0x35
 .ARM.attributes
                0x0000000000000000       0x25 Output/fpu_fft_example_s140_pca10056 Release/Obj/thumb_crt0.o
 .ARM.attributes
                0x0000000000000025       0x39 Output/fpu_fft_example_s140_pca10056 Release/Obj/nrf_log_backend_serial.o
 .ARM.attributes
                0x000000000000005e       0x39 Output/fpu_fft_example_s140_pca10056 Release/Obj/nrf_log_backend_uart.o
 .ARM.attributes
                0x0000000000000097       0x39 Output/fpu_fft_example_s140_pca10056 Release/Obj/nrf_log_default_backends.o
 .ARM.attributes
                0x00000000000000d0       0x39 Output/fpu_fft_example_s140_pca10056 Release/Obj/nrf_log_frontend.o
 .ARM.attributes
                0x0000000000000109       0x39 Output/fpu_fft_example_s140_pca10056 Release/Obj/nrf_log_str_formatter.o
 .ARM.attributes
                0x0000000000000142       0x39 Output/fpu_fft_example_s140_pca10056 Release/Obj/app_error.o
 .ARM.attributes
                0x000000000000017b       0x39 Output/fpu_fft_example_s140_pca10056 Release/Obj/app_error_weak.o
 .ARM.attributes
                0x00000000000001b4       0x39 Output/fpu_fft_example_s140_pca10056 Release/Obj/app_util_platform.o
 .ARM.attributes
                0x00000000000001ed       0x39 Output/fpu_fft_example_s140_pca10056 Release/Obj/nrf_atomic.o
 .ARM.attributes
                0x0000000000000226       0x39 Output/fpu_fft_example_s140_pca10056 Release/Obj/nrf_balloc.o
 .ARM.attributes
                0x000000000000025f       0x39 Output/fpu_fft_example_s140_pca10056 Release/Obj/nrf_fprintf.o
 .ARM.attributes
                0x0000000000000298       0x39 Output/fpu_fft_example_s140_pca10056 Release/Obj/nrf_fprintf_format.o
 .ARM.attributes
                0x00000000000002d1       0x39 Output/fpu_fft_example_s140_pca10056 Release/Obj/nrf_memobj.o
 .ARM.attributes
                0x000000000000030a       0x39 Output/fpu_fft_example_s140_pca10056 Release/Obj/nrf_ringbuf.o
 .ARM.attributes
                0x0000000000000343       0x39 Output/fpu_fft_example_s140_pca10056 Release/Obj/nrf_section_iter.o
 .ARM.attributes
                0x000000000000037c       0x39 Output/fpu_fft_example_s140_pca10056 Release/Obj/nrf_drv_uart.o
 .ARM.attributes
                0x00000000000003b5       0x39 Output/fpu_fft_example_s140_pca10056 Release/Obj/nrfx_prs.o
 .ARM.attributes
                0x00000000000003ee       0x39 Output/fpu_fft_example_s140_pca10056 Release/Obj/nrfx_uart.o
 .ARM.attributes
                0x0000000000000427       0x39 Output/fpu_fft_example_s140_pca10056 Release/Obj/nrfx_uarte.o
 .ARM.attributes
                0x0000000000000460       0x39 Output/fpu_fft_example_s140_pca10056 Release/Obj/main.o
 .ARM.attributes
                0x0000000000000499       0x25 Output/fpu_fft_example_s140_pca10056 Release/Obj/ses_startup_nrf52840.o
 .ARM.attributes
                0x00000000000004be       0x25 Output/fpu_fft_example_s140_pca10056 Release/Obj/ses_startup_nrf_common.o
 .ARM.attributes
                0x00000000000004e3       0x39 Output/fpu_fft_example_s140_pca10056 Release/Obj/system_nrf52840.o
 .ARM.attributes
                0x000000000000051c       0x39 Output/fpu_fft_example_s140_pca10056 Release/Obj/nrf_sdh.o
 .ARM.attributes
                0x0000000000000555       0x39 Output/fpu_fft_example_s140_pca10056 Release/Obj/nrf_sdh_soc.o
 .ARM.attributes
                0x000000000000058e       0x20 /usr/share/segger_embedded_studio_for_arm_3.40/lib/libm_v7em_fpv4_sp_d16_hard_t_le_eabi.a(libm_asm.o)
 .ARM.attributes
                0x00000000000005ae       0x34 /usr/share/segger_embedded_studio_for_arm_3.40/lib/libm_v7em_fpv4_sp_d16_hard_t_le_eabi.a(libm2.o)
 .ARM.attributes
                0x00000000000005e2       0x20 /usr/share/segger_embedded_studio_for_arm_3.40/lib/libm_v7em_fpv4_sp_d16_hard_t_le_eabi.a(libm2_asm.o)
 .ARM.attributes
                0x0000000000000602       0x34 /usr/share/segger_embedded_studio_for_arm_3.40/lib/libc_v7em_fpv4_sp_d16_hard_t_le_eabi.a(libc2.o)
 .ARM.attributes
                0x0000000000000636       0x20 /usr/share/segger_embedded_studio_for_arm_3.40/lib/libc_v7em_fpv4_sp_d16_hard_t_le_eabi.a(libc2_asm.o)
 .ARM.attributes
                0x0000000000000656       0x39 ../../../../../../components/toolchain/cmsis/dsp/GCC/libarm_cortexM4lf_math.a(arm_const_structs.o)
 .ARM.attributes
                0x000000000000068f       0x39 ../../../../../../components/toolchain/cmsis/dsp/GCC/libarm_cortexM4lf_math.a(arm_common_tables.o)
 .ARM.attributes
                0x00000000000006c8       0x39 ../../../../../../components/toolchain/cmsis/dsp/GCC/libarm_cortexM4lf_math.a(arm_max_f32.o)
 .ARM.attributes
                0x0000000000000701       0x39 ../../../../../../components/toolchain/cmsis/dsp/GCC/libarm_cortexM4lf_math.a(arm_cfft_f32.o)
 .ARM.attributes
                0x000000000000073a       0x39 ../../../../../../components/toolchain/cmsis/dsp/GCC/libarm_cortexM4lf_math.a(arm_cmplx_mag_f32.o)
 .ARM.attributes
                0x0000000000000773       0x25 ../../../../../../components/toolchain/cmsis/dsp/GCC/libarm_cortexM4lf_math.a(arm_bitreversal2.o)
 .ARM.attributes
                0x0000000000000798       0x39 ../../../../../../components/toolchain/cmsis/dsp/GCC/libarm_cortexM4lf_math.a(arm_cfft_radix8_f32.o)

.comment        0x0000000000000000       0xbc
 .comment       0x0000000000000000       0x4c Output/fpu_fft_example_s140_pca10056 Release/Obj/nrf_log_backend_serial.o
                                         0x4d (size before relaxing)
 .comment       0x000000000000004c       0x4d Output/fpu_fft_example_s140_pca10056 Release/Obj/nrf_log_backend_uart.o
 .comment       0x000000000000004c       0x4d Output/fpu_fft_example_s140_pca10056 Release/Obj/nrf_log_default_backends.o
 .comment       0x000000000000004c       0x4d Output/fpu_fft_example_s140_pca10056 Release/Obj/nrf_log_frontend.o
 .comment       0x000000000000004c       0x4d Output/fpu_fft_example_s140_pca10056 Release/Obj/nrf_log_str_formatter.o
 .comment       0x000000000000004c       0x4d Output/fpu_fft_example_s140_pca10056 Release/Obj/app_error.o
 .comment       0x000000000000004c       0x4d Output/fpu_fft_example_s140_pca10056 Release/Obj/app_error_weak.o
 .comment       0x000000000000004c       0x4d Output/fpu_fft_example_s140_pca10056 Release/Obj/app_util_platform.o
 .comment       0x000000000000004c       0x4d Output/fpu_fft_example_s140_pca10056 Release/Obj/nrf_atomic.o
 .comment       0x000000000000004c       0x4d Output/fpu_fft_example_s140_pca10056 Release/Obj/nrf_balloc.o
 .comment       0x000000000000004c       0x4d Output/fpu_fft_example_s140_pca10056 Release/Obj/nrf_fprintf.o
 .comment       0x000000000000004c       0x4d Output/fpu_fft_example_s140_pca10056 Release/Obj/nrf_fprintf_format.o
 .comment       0x000000000000004c       0x4d Output/fpu_fft_example_s140_pca10056 Release/Obj/nrf_memobj.o
 .comment       0x000000000000004c       0x4d Output/fpu_fft_example_s140_pca10056 Release/Obj/nrf_ringbuf.o
 .comment       0x000000000000004c       0x4d Output/fpu_fft_example_s140_pca10056 Release/Obj/nrf_section_iter.o
 .comment       0x000000000000004c       0x4d Output/fpu_fft_example_s140_pca10056 Release/Obj/nrf_drv_uart.o
 .comment       0x000000000000004c       0x4d Output/fpu_fft_example_s140_pca10056 Release/Obj/nrfx_prs.o
 .comment       0x000000000000004c       0x4d Output/fpu_fft_example_s140_pca10056 Release/Obj/nrfx_uart.o
 .comment       0x000000000000004c       0x4d Output/fpu_fft_example_s140_pca10056 Release/Obj/nrfx_uarte.o
 .comment       0x000000000000004c       0x4d Output/fpu_fft_example_s140_pca10056 Release/Obj/main.o
 .comment       0x000000000000004c       0x4d Output/fpu_fft_example_s140_pca10056 Release/Obj/system_nrf52840.o
 .comment       0x000000000000004c       0x4d Output/fpu_fft_example_s140_pca10056 Release/Obj/nrf_sdh.o
 .comment       0x000000000000004c       0x4d Output/fpu_fft_example_s140_pca10056 Release/Obj/nrf_sdh_soc.o
 .comment       0x000000000000004c       0x4d /usr/share/segger_embedded_studio_for_arm_3.40/lib/libm_v7em_fpv4_sp_d16_hard_t_le_eabi.a(libm2.o)
 .comment       0x000000000000004c       0x4d /usr/share/segger_embedded_studio_for_arm_3.40/lib/libc_v7em_fpv4_sp_d16_hard_t_le_eabi.a(libc2.o)
 .comment       0x000000000000004c       0x70 ../../../../../../components/toolchain/cmsis/dsp/GCC/libarm_cortexM4lf_math.a(arm_const_structs.o)
                                         0x71 (size before relaxing)