Archive member included to satisfy reference by file (symbol)

/usr/share/segger_embedded_studio_for_arm_3.40/lib/libc_v7em_fpv4_sp_d16_hard_t_le_eabi.a(libc_asm.o)
                              Output/serial_pca10056 Debug/Obj/nrf_serial.o (__aeabi_uldivmod)
/usr/share/segger_embedded_studio_for_arm_3.40/lib/libc_v7em_fpv4_sp_d16_hard_t_le_eabi.a(libc2_asm.o)
                              Output/serial_pca10056 Debug/Obj/app_scheduler.o (memcpy)
/usr/share/segger_embedded_studio_for_arm_3.40/lib/libdebugio_v7em_fpv4_sp_d16_hard_t_le_eabi.a(libdebugio.o)
                              Output/serial_pca10056 Debug/Obj/thumb_crt0.o (debug_fopen)
/usr/share/segger_embedded_studio_for_arm_3.40/lib/libdebugio_mempoll_v7em_fpv4_sp_d16_hard_t_le_eabi.a(mempoll_debug_operations.o)
                              /usr/share/segger_embedded_studio_for_arm_3.40/lib/libdebugio_v7em_fpv4_sp_d16_hard_t_le_eabi.a(libdebugio.o) (__do_debug_operation)
/usr/share/segger_embedded_studio_for_arm_3.40/lib/libdebugio_mempoll_v7em_fpv4_sp_d16_hard_t_le_eabi.a(do_nv_debug_operation.o)
                              /usr/share/segger_embedded_studio_for_arm_3.40/lib/libdebugio_v7em_fpv4_sp_d16_hard_t_le_eabi.a(libdebugio.o) (__do_nvdebug_operation)
/usr/share/segger_embedded_studio_for_arm_3.40/lib/libm_v7em_fpv4_sp_d16_hard_t_le_eabi.a(libm_asm.o)
                              /usr/share/segger_embedded_studio_for_arm_3.40/lib/libvfscanf_v7em_fpv4_sp_d16_hard_t_le_eabi.o (__aeabi_i2d)
/usr/share/segger_embedded_studio_for_arm_3.40/lib/libm_v7em_fpv4_sp_d16_hard_t_le_eabi.a(libm2.o)
                              /usr/share/segger_embedded_studio_for_arm_3.40/lib/libvfprintf_v7em_fpv4_sp_d16_hard_t_le_eabi.o (frexp)
/usr/share/segger_embedded_studio_for_arm_3.40/lib/libm_v7em_fpv4_sp_d16_hard_t_le_eabi.a(libm2_asm.o)
                              /usr/share/segger_embedded_studio_for_arm_3.40/lib/libm_v7em_fpv4_sp_d16_hard_t_le_eabi.a(libm2.o) (fabs)
/usr/share/segger_embedded_studio_for_arm_3.40/lib/libc_v7em_fpv4_sp_d16_hard_t_le_eabi.a(libc2.o)
                              /usr/share/segger_embedded_studio_for_arm_3.40/lib/libvfscanf_v7em_fpv4_sp_d16_hard_t_le_eabi.o (__getc)
/usr/share/segger_embedded_studio_for_arm_3.40/lib/libc_v7em_fpv4_sp_d16_hard_t_le_eabi.a(libc.o)
                              /usr/share/segger_embedded_studio_for_arm_3.40/lib/libc_v7em_fpv4_sp_d16_hard_t_le_eabi.a(libc2.o) (__heap_lock)

Discarded input sections

 .text          0x0000000000000000        0x0 Output/serial_pca10056 Debug/Obj/thumb_crt0.o
 .data          0x0000000000000000        0x0 Output/serial_pca10056 Debug/Obj/thumb_crt0.o
 .bss           0x0000000000000000        0x0 Output/serial_pca10056 Debug/Obj/thumb_crt0.o
 .text.__aeabi_read_tp
                0x0000000000000000        0x8 Output/serial_pca10056 Debug/Obj/thumb_crt0.o
 .text.abort    0x0000000000000000        0x2 Output/serial_pca10056 Debug/Obj/thumb_crt0.o
 .text.__assert
                0x0000000000000000        0x2 Output/serial_pca10056 Debug/Obj/thumb_crt0.o
 .text.__aeabi_assert
                0x0000000000000000        0x2 Output/serial_pca10056 Debug/Obj/thumb_crt0.o
 .text.__sync_synchronize
                0x0000000000000000        0x2 Output/serial_pca10056 Debug/Obj/thumb_crt0.o
 .text.__getchar
                0x0000000000000000        0x4 Output/serial_pca10056 Debug/Obj/thumb_crt0.o
 .text.__putchar
                0x0000000000000000        0x4 Output/serial_pca10056 Debug/Obj/thumb_crt0.o
 .text.__open   0x0000000000000000        0x4 Output/serial_pca10056 Debug/Obj/thumb_crt0.o
 .text.__close  0x0000000000000000        0x4 Output/serial_pca10056 Debug/Obj/thumb_crt0.o
 .text.__write  0x0000000000000000        0xa Output/serial_pca10056 Debug/Obj/thumb_crt0.o
 .text.__read   0x0000000000000000        0xa Output/serial_pca10056 Debug/Obj/thumb_crt0.o
 .text.__seek   0x0000000000000000       0x1a Output/serial_pca10056 Debug/Obj/thumb_crt0.o
 .bss.__user_locale_name_buffer
                0x0000000000000000        0x4 Output/serial_pca10056 Debug/Obj/thumb_crt0.o
 .stack         0x0000000000000000        0x0 Output/serial_pca10056 Debug/Obj/thumb_crt0.o
 .stack_process
                0x0000000000000000        0x0 Output/serial_pca10056 Debug/Obj/thumb_crt0.o
 .heap          0x0000000000000000        0x0 Output/serial_pca10056 Debug/Obj/thumb_crt0.o
 .group         0x0000000000000000        0xc Output/serial_pca10056 Debug/Obj/nrf_log_frontend.o
 .group         0x0000000000000000        0xc Output/serial_pca10056 Debug/Obj/nrf_log_frontend.o
 .group         0x0000000000000000        0xc Output/serial_pca10056 Debug/Obj/nrf_log_frontend.o
 .group         0x0000000000000000        0xc Output/serial_pca10056 Debug/Obj/nrf_log_frontend.o
 .group         0x0000000000000000        0xc Output/serial_pca10056 Debug/Obj/nrf_log_frontend.o
 .group         0x0000000000000000        0xc Output/serial_pca10056 Debug/Obj/nrf_log_frontend.o
[...]
Memory Configuration

Name             Origin             Length             Attributes
UNPLACED_SECTIONS 0x0000000100000000 0x0000000000000000 xw
RAM              0x0000000020000000 0x0000000000040000 xw
FLASH            0x0000000000000000 0x0000000000100000 xw
*default*        0x0000000000000000 0xffffffffffffffff

Linker script and memory map

                0x0000000000000000                __vfprintf = __vfprintf_long
                0x0000000000000000                __vfscanf = __vfscanf_int
                0x0000000020000000                __RAM_segment_start__ = 0x20000000
                0x0000000020040000                __RAM_segment_end__ = 0x20040000
                0x0000000000040000                __RAM_segment_size__ = 0x40000
                0x0000000000000000                __FLASH_segment_start__ = 0x0
                0x0000000000100000                __FLASH_segment_end__ = 0x100000
                0x0000000000100000                __FLASH_segment_size__ = 0x100000
                0x0000000000002000                __HEAPSIZE__ = 0x2000
                0x0000000000000000                __STACKSIZE_PROCESS__ = 0x0
                0x0000000000002000                __STACKSIZE__ = 0x2000
                0x0000000020000000                __vectors_ram_load_start__ = 0x20000000

.vectors_ram    0x0000000020000000        0x0
                0x0000000020000000                __vectors_ram_start__ = .
                0x0000000020000000                __app_ram_start__ = __vectors_ram_start__
 *(.vectors_ram .vectors_ram.*)
                0x0000000020000000                __vectors_ram_end__ = (__vectors_ram_start__ + SIZEOF (.vectors_ram))
                0x0000000000000000                __vectors_ram_size__ = SIZEOF (.vectors_ram)
                0x0000000020000000                __vectors_ram_load_end__ = __vectors_ram_end__
                0x0000000000000001                . = ASSERT (((__vectors_ram_start__ == __vectors_ram_end__) || ((__vectors_ram_end__ >= __RAM_segment_start__) && (__vectors_ram_end__ <= __RAM_segment_end__))), error: .vectors_ram is too large to fit in RAM memory segment)
                0x0000000020000000                __nrf_sections_run_load_start__ = ALIGN (__vectors_ram_end__, 0x4)

.nrf_sections_run
                0x0000000020000000        0x0
                0x0000000020000000                __nrf_sections_run_start__ = .
                0x0000000020000000                __start_nrf_sections_run = __nrf_sections_run_start__
 *(.nrf_sections_run .nrf_sections_run.*)
                0x0000000020000000                __nrf_sections_run_end__ = (__nrf_sections_run_start__ + SIZEOF (.nrf_sections_run))
                0x0000000000000000                __nrf_sections_run_size__ = SIZEOF (.nrf_sections_run)
                0x0000000020000000                __nrf_sections_run_load_end__ = __nrf_sections_run_end__
                0x0000000000000001                . = ASSERT (((__nrf_sections_run_start__ == __nrf_sections_run_end__) || ((__nrf_sections_run_end__ >= __RAM_segment_start__) && (__nrf_sections_run_end__ <= __RAM_segment_end__))), error: .nrf_sections_run is too large to fit in RAM memory segment)
                0x0000000000000000                __vectors_load_start__ = 0x0

.vectors        0x0000000000000000      0x200
                0x0000000000000000                __vectors_start__ = .
 *(.vectors .vectors.*)
 .vectors       0x0000000000000000      0x200 Output/serial_pca10056 Debug/Obj/ses_startup_nrf52840.o
                0x0000000000000000                _vectors
                0x0000000000000200                __vectors_end__ = (__vectors_start__ + SIZEOF (.vectors))
                0x0000000000000200                __vectors_size__ = SIZEOF (.vectors)
                0x0000000000000200                __vectors_load_end__ = __vectors_end__
                0x0000000000000001                . = ASSERT (((__vectors_start__ == __vectors_end__) || ((__vectors_end__ >= __FLASH_segment_start__) && (__vectors_end__ <= __FLASH_segment_end__))), error: .vectors is too large to fit in FLASH memory segment)
                0x0000000000000200                __init_load_start__ = ALIGN (__vectors_end__, 0x4)

.init           0x0000000000000200      0x1d8
                0x0000000000000200                __init_start__ = .
 *(.init .init.*)
 .init          0x0000000000000200      0x160 Output/serial_pca10056 Debug/Obj/thumb_crt0.o
                0x0000000000000200                _start
                0x00000000000002b6                exit
 .init          0x0000000000000360       0x18 Output/serial_pca10056 Debug/Obj/ses_startup_nrf52840.o
                0x0000000000000360                NMI_Handler
                0x0000000000000364                MemoryManagement_Handler
                0x0000000000000366                BusFault_Handler
                0x0000000000000368                UsageFault_Handler
                0x000000000000036a                SVC_Handler
                0x000000000000036c                DebugMon_Handler
                0x000000000000036e                PendSV_Handler
                0x0000000000000370                SysTick_Handler
                0x0000000000000372                TIMER2_IRQHandler
                0x0000000000000372                RTC0_IRQHandler
                0x0000000000000372                SWI2_EGU2_IRQHandler
                0x0000000000000372                PWM1_IRQHandler
                0x0000000000000372                RADIO_IRQHandler
                0x0000000000000372                PDM_IRQHandler
                0x0000000000000372                TEMP_IRQHandler
                0x0000000000000372                QDEC_IRQHandler
                0x0000000000000372                TIMER3_IRQHandler
                0x0000000000000372                PWM3_IRQHandler
                0x0000000000000372                FPU_IRQHandler
                0x0000000000000372                USBD_IRQHandler
                0x0000000000000372                SPIM0_SPIS0_TWIM0_TWIS0_SPI0_TWI0_IRQHandler
                0x0000000000000372                TIMER4_IRQHandler
                0x0000000000000372                CRYPTOCELL_IRQHandler
                0x0000000000000372                I2S_IRQHandler
                0x0000000000000372                SWI4_EGU4_IRQHandler
                0x0000000000000372                TIMER0_IRQHandler
                0x0000000000000372                UARTE1_IRQHandler
                0x0000000000000372                Dummy_Handler
                0x0000000000000372                TIMER1_IRQHandler
                0x0000000000000372                SPIM3_IRQHandler
                0x0000000000000372                PWM2_IRQHandler
                0x0000000000000372                ECB_IRQHandler
                0x0000000000000372                SPIM1_SPIS1_TWIM1_TWIS1_SPI1_TWI1_IRQHandler
                0x0000000000000372                SAADC_IRQHandler
                0x0000000000000372                CCM_AAR_IRQHandler
                0x0000000000000372                WDT_IRQHandler
                0x0000000000000372                SWI5_EGU5_IRQHandler
                0x0000000000000372                RNG_IRQHandler
                0x0000000000000372                RTC2_IRQHandler
                0x0000000000000372                PWM0_IRQHandler
                0x0000000000000372                SWI3_EGU3_IRQHandler
                0x0000000000000372                SWI1_EGU1_IRQHandler
                0x0000000000000372                SPIM2_SPIS2_SPI2_IRQHandler
                0x0000000000000372                NFCT_IRQHandler
                0x0000000000000372                MWU_IRQHandler
                0x0000000000000372                QSPI_IRQHandler
                0x0000000000000372                COMP_LPCOMP_IRQHandler
                0x0000000000000374                nRFInitialize
 .init          0x0000000000000378       0x60 Output/serial_pca10056 Debug/Obj/ses_startup_nrf_common.o
                0x0000000000000378                Reset_Handler
                0x00000000000003a0                InitializeUserMemorySections
                0x00000000000003d8                __init_end__ = (__init_start__ + SIZEOF (.init))
                0x00000000000001d8                __init_size__ = SIZEOF (.init)
                0x00000000000003d8                __init_load_end__ = __init_end__
                0x0000000000000001                . = ASSERT (((__init_start__ == __init_end__) || ((__init_end__ >= __FLASH_segment_start__) && (__init_end__ <= __FLASH_segment_end__))), error: .init is too large to fit in FLASH memory segment)
                0x00000000000003d8                __init_rodata_load_start__ = ALIGN (__init_end__, 0x4)

.init_rodata    0x00000000000003d8        0x0
                0x00000000000003d8                __init_rodata_start__ = .
 *(.init_rodata .init_rodata.*)
                0x00000000000003d8                __init_rodata_end__ = (__init_rodata_start__ + SIZEOF (.init_rodata))
                0x0000000000000000                __init_rodata_size__ = SIZEOF (.init_rodata)
                0x00000000000003d8                __init_rodata_load_end__ = __init_rodata_end__
                0x0000000000000001                . = ASSERT (((__init_rodata_start__ == __init_rodata_end__) || ((__init_rodata_end__ >= __FLASH_segment_start__) && (__init_rodata_end__ <= __FLASH_segment_end__))), error: .init_rodata is too large to fit in FLASH memory segment)
                0x00000000000003d8                __text_load_start__ = ALIGN (__init_rodata_end__, 0x4)

.text           0x00000000000003d8     0x4fb6
                0x00000000000003d8                __text_start__ = .
 *(.text .text.* .glue_7t .glue_7 .gnu.linkonce.t.* .gcc_except_table .ARM.extab* .gnu.linkonce.armextab.*)
 .glue_7        0x00000000000003d8        0x0 linker stubs
 .glue_7t       0x00000000000003d8        0x0 linker stubs
 .text.nrf_gpio_pin_port_decode
                0x00000000000003d8       0x44 Output/serial_pca10056 Debug/Obj/boards.o
 .text.nrf_gpio_cfg
                0x000000000000041c       0x62 Output/serial_pca10056 Debug/Obj/boards.o
 .text.nrf_gpio_cfg_output
                0x000000000000047e       0x22 Output/serial_pca10056 Debug/Obj/boards.o
 .text.nrf_gpio_cfg_input
                0x00000000000004a0       0x2c Output/serial_pca10056 Debug/Obj/boards.o
 .text.nrf_gpio_pin_set
                0x00000000000004cc       0x28 Output/serial_pca10056 Debug/Obj/boards.o
 .text.nrf_gpio_pin_clear
                0x00000000000004f4       0x28 Output/serial_pca10056 Debug/Obj/boards.o
 .text.nrf_gpio_pin_write
                0x000000000000051c       0x24 Output/serial_pca10056 Debug/Obj/boards.o
 .text.nrf_gpio_port_out_set
                0x0000000000000540       0x14 Output/serial_pca10056 Debug/Obj/boards.o
 .text.nrf_gpio_port_out_clear
                0x0000000000000554       0x14 Output/serial_pca10056 Debug/Obj/boards.o
 .text.bsp_board_led_off
                0x0000000000000568       0x34 Output/serial_pca10056 Debug/Obj/boards.o
                0x0000000000000568                bsp_board_led_off
 .text.bsp_board_leds_off
                0x000000000000059c       0x24 Output/serial_pca10056 Debug/Obj/boards.o
                0x000000000000059c                bsp_board_leds_off
 .text.bsp_board_leds_init
                0x00000000000005c0       0x34 Output/serial_pca10056 Debug/Obj/boards.o
 .text.bsp_board_buttons_init
                0x00000000000005f4       0x34 Output/serial_pca10056 Debug/Obj/boards.o
 .text.bsp_board_init
                0x0000000000000628       0x2a Output/serial_pca10056 Debug/Obj/boards.o
                0x0000000000000628                bsp_board_init
 *fill*         0x0000000000000652        0x2 
 .text.app_error_save_and_stop
                0x0000000000000654       0x94 Output/serial_pca10056 Debug/Obj/app_error.o
                0x0000000000000654                app_error_save_and_stop
 .text.app_error_handler
                0x00000000000006e8       0x1c Output/serial_pca10056 Debug/Obj/app_error_handler_gcc.o
                0x00000000000006e8                app_error_handler
 .text.app_error_fault_handler
                0x0000000000000704       0x50 Output/serial_pca10056 Debug/Obj/app_error_weak.o
                0x0000000000000704                app_error_fault_handler
 .text.NVIC_EnableIRQ
                0x0000000000000754       0x2c Output/serial_pca10056 Debug/Obj/app_timer.o
 .text.NVIC_DisableIRQ
                0x0000000000000780       0x30 Output/serial_pca10056 Debug/Obj/app_timer.o
 .text.NVIC_SetPendingIRQ
                0x00000000000007b0       0x30 Output/serial_pca10056 Debug/Obj/app_timer.o
 .text.NVIC_ClearPendingIRQ
                0x00000000000007e0       0x30 Output/serial_pca10056 Debug/Obj/app_timer.o
 .text.NVIC_SetPriority
                0x0000000000000810       0x50 Output/serial_pca10056 Debug/Obj/app_timer.o
 .text.nrfx_coredep_delay_us
                0x0000000000000860       0x30 Output/serial_pca10056 Debug/Obj/app_timer.o
 .text.rtc1_init
                0x0000000000000890       0x24 Output/serial_pca10056 Debug/Obj/app_timer.o
 .text.rtc1_start
                0x00000000000008b4       0x40 Output/serial_pca10056 Debug/Obj/app_timer.o
 .text.rtc1_stop
                0x00000000000008f4       0x50 Output/serial_pca10056 Debug/Obj/app_timer.o
 .text.rtc1_counter_get
                0x0000000000000944       0x10 Output/serial_pca10056 Debug/Obj/app_timer.o
 .text.ticks_diff_get
                0x0000000000000954       0x16 Output/serial_pca10056 Debug/Obj/app_timer.o
 *fill*         0x000000000000096a        0x2 
 .text.rtc1_compare0_set
                0x000000000000096c       0x18 Output/serial_pca10056 Debug/Obj/app_timer.o
 .text.timer_list_insert
                0x0000000000000984       0xac Output/serial_pca10056 Debug/Obj/app_timer.o
 .text.timer_list_remove
                0x0000000000000a30       0xc0 Output/serial_pca10056 Debug/Obj/app_timer.o
 .text.timer_timeouts_check_sched
                0x0000000000000af0        0xc Output/serial_pca10056 Debug/Obj/app_timer.o
 .text.timer_list_handler_sched
                0x0000000000000afc        0xc Output/serial_pca10056 Debug/Obj/app_timer.o
 .text.timeout_handler_exec
                0x0000000000000b08       0x1a Output/serial_pca10056 Debug/Obj/app_timer.o
 *fill*         0x0000000000000b22        0x2 
 .text.timer_timeouts_check
                0x0000000000000b24       0xc8 Output/serial_pca10056 Debug/Obj/app_timer.o
 .text.elapsed_ticks_acquire
                0x0000000000000bec       0x78 Output/serial_pca10056 Debug/Obj/app_timer.o
 .text.expired_timers_handler
                0x0000000000000c64       0x94 Output/serial_pca10056 Debug/Obj/app_timer.o
 .text.list_insertions_handler
                0x0000000000000cf8      0x1bc Output/serial_pca10056 Debug/Obj/app_timer.o
 .text.compare_reg_update
                0x0000000000000eb4       0xb0 Output/serial_pca10056 Debug/Obj/app_timer.o
 .text.timer_list_handler
                0x0000000000000f64       0x80 Output/serial_pca10056 Debug/Obj/app_timer.o
 .text.user_op_enque
                0x0000000000000fe4       0x1c Output/serial_pca10056 Debug/Obj/app_timer.o
 .text.user_op_alloc
                0x0000000000001000       0x5c Output/serial_pca10056 Debug/Obj/app_timer.o
 .text.timer_start_op_schedule
                0x000000000000105c       0x7a Output/serial_pca10056 Debug/Obj/app_timer.o
 .text.timer_stop_op_schedule
                0x00000000000010d6       0x60 Output/serial_pca10056 Debug/Obj/app_timer.o
 *fill*         0x0000000000001136        0x2 
 .text.RTC1_IRQHandler
                0x0000000000001138       0x40 Output/serial_pca10056 Debug/Obj/app_timer.o
                0x0000000000001138                RTC1_IRQHandler
 .text.SWI0_EGU0_IRQHandler
                0x0000000000001178        0xa Output/serial_pca10056 Debug/Obj/app_timer.o
                0x0000000000001178                SWI0_EGU0_IRQHandler
 *fill*         0x0000000000001182        0x2 
 .text.app_timer_init
                0x0000000000001184       0x68 Output/serial_pca10056 Debug/Obj/app_timer.o
                0x0000000000001184                app_timer_init
 .text.app_timer_create
                0x00000000000011ec       0x60 Output/serial_pca10056 Debug/Obj/app_timer.o
                0x00000000000011ec                app_timer_create
 .text.app_timer_start
                0x000000000000124c       0x64 Output/serial_pca10056 Debug/Obj/app_timer.o
                0x000000000000124c                app_timer_start
 .text.app_timer_stop
                0x00000000000012b0       0x44 Output/serial_pca10056 Debug/Obj/app_timer.o
                0x00000000000012b0                app_timer_stop
 .text.app_util_disable_irq
                0x00000000000012f4       0x14 Output/serial_pca10056 Debug/Obj/app_util_platform.o
                0x00000000000012f4                app_util_disable_irq
 .text.app_util_enable_irq
                0x0000000000001308       0x1c Output/serial_pca10056 Debug/Obj/app_util_platform.o
                0x0000000000001308                app_util_enable_irq
 .text.app_util_critical_region_enter
                0x0000000000001324       0x28 Output/serial_pca10056 Debug/Obj/app_util_platform.o
                0x0000000000001324                app_util_critical_region_enter
 .text.app_util_critical_region_exit
                0x000000000000134c       0x2c Output/serial_pca10056 Debug/Obj/app_util_platform.o
                0x000000000000134c                app_util_critical_region_exit
 .text.privilege_level_get
                0x0000000000001378       0x3a Output/serial_pca10056 Debug/Obj/app_util_platform.o
                0x0000000000001378                privilege_level_get
 *fill*         0x00000000000013b2        0x2 
 .text.HardFault_Handler
                0x00000000000013b4       0x38 Output/serial_pca10056 Debug/Obj/hardfault_handler_gcc.o
                0x00000000000013b4                HardFault_Handler
 .text.NVIC_SystemReset
                0x00000000000013ec       0x24 Output/serial_pca10056 Debug/Obj/hardfault_implementation.o
 .text.HardFault_process
                0x0000000000001410       0x12 Output/serial_pca10056 Debug/Obj/hardfault_implementation.o
                0x0000000000001410                HardFault_process
 *fill*         0x0000000000001422        0x2 
 .text.HardFault_c_handler
                0x0000000000001424       0x5c Output/serial_pca10056 Debug/Obj/hardfault_implementation.o
                0x0000000000001424                HardFault_c_handler
 .text.assert_nrf_callback
                0x0000000000001480       0x2e Output/serial_pca10056 Debug/Obj/nrf_assert.o
                0x0000000000001480                assert_nrf_callback
 .text.nrf_atomic_u32_fetch_store
                0x00000000000014ae       0x2e Output/serial_pca10056 Debug/Obj/nrf_atomic.o
                0x00000000000014ae                nrf_atomic_u32_fetch_store
 .text.nrf_queue_next_idx
                0x00000000000014dc       0x34 Output/serial_pca10056 Debug/Obj/nrf_queue.o
 .text.queue_utilization_get
                0x0000000000001510       0x38 Output/serial_pca10056 Debug/Obj/nrf_queue.o
 .text.queue_write
                0x0000000000001548      0x100 Output/serial_pca10056 Debug/Obj/nrf_queue.o
 .text.nrf_queue_in
                0x0000000000001648       0x88 Output/serial_pca10056 Debug/Obj/nrf_queue.o
                0x0000000000001648                nrf_queue_in
 .text.queue_read
                0x00000000000016d0       0xd0 Output/serial_pca10056 Debug/Obj/nrf_queue.o
 .text.nrf_queue_out
                0x00000000000017a0       0x70 Output/serial_pca10056 Debug/Obj/nrf_queue.o
                0x00000000000017a0                nrf_queue_out
 .text.nrf_queue_reset
                0x0000000000001810       0x3c Output/serial_pca10056 Debug/Obj/nrf_queue.o
                0x0000000000001810                nrf_queue_reset
 .text.nrf_queue_utilization_get
                0x000000000000184c       0x38 Output/serial_pca10056 Debug/Obj/nrf_queue.o
                0x000000000000184c                nrf_queue_utilization_get
 .text.nrf_queue_is_empty
                0x0000000000001884       0x40 Output/serial_pca10056 Debug/Obj/nrf_queue.o
                0x0000000000001884                nrf_queue_is_empty
 .text.nrf_queue_available_get
                0x00000000000018c4       0x30 Output/serial_pca10056 Debug/Obj/nrf_queue.o
                0x00000000000018c4                nrf_queue_available_get
 .text.nrfx_is_in_ram
                0x00000000000018f4       0x1c Output/serial_pca10056 Debug/Obj/nrf_serial.o
 .text.nrf_drv_uart_tx
                0x0000000000001910       0x64 Output/serial_pca10056 Debug/Obj/nrf_serial.o
 .text.nrf_drv_uart_tx_in_progress
                0x0000000000001974       0x5c Output/serial_pca10056 Debug/Obj/nrf_serial.o
 .text.nrf_drv_uart_rx
                0x00000000000019d0       0x64 Output/serial_pca10056 Debug/Obj/nrf_serial.o
 .text.nrf_drv_uart_rx_enable
                0x0000000000001a34       0x48 Output/serial_pca10056 Debug/Obj/nrf_serial.o
 .text.nrf_mtx_init
                0x0000000000001a7c       0x2c Output/serial_pca10056 Debug/Obj/nrf_serial.o
 .text.nrf_mtx_trylock
                0x0000000000001aa8       0x3c Output/serial_pca10056 Debug/Obj/nrf_serial.o
 .text.nrf_mtx_unlock
                0x0000000000001ae4       0x3c Output/serial_pca10056 Debug/Obj/nrf_serial.o
 .text.event_handler
                0x0000000000001b20       0x32 Output/serial_pca10056 Debug/Obj/nrf_serial.o
 .text.sleep_handler
                0x0000000000001b52       0x32 Output/serial_pca10056 Debug/Obj/nrf_serial.o
 .text.serial_tx
                0x0000000000001b84       0xc8 Output/serial_pca10056 Debug/Obj/nrf_serial.o
 .text.uart_event_handler
                0x0000000000001c4c      0x100 Output/serial_pca10056 Debug/Obj/nrf_serial.o
 .text.nrf_serial_init
                0x0000000000001d4c      0x178 Output/serial_pca10056 Debug/Obj/nrf_serial.o
                0x0000000000001d4c                nrf_serial_init
 .text.serial_timeout_handler
                0x0000000000001ec4       0x14 Output/serial_pca10056 Debug/Obj/nrf_serial.o
 .text.timeout_setup
                0x0000000000001ed8       0x80 Output/serial_pca10056 Debug/Obj/nrf_serial.o
 .text.nrf_serial_write
                0x0000000000001f58      0x160 Output/serial_pca10056 Debug/Obj/nrf_serial.o
                0x0000000000001f58                nrf_serial_write
 .text.nrf_serial_flush
                0x00000000000020b8      0x154 Output/serial_pca10056 Debug/Obj/nrf_serial.o
                0x00000000000020b8                nrf_serial_flush
 .text.nrf_drv_clock_init
                0x000000000000220c       0x54 Output/serial_pca10056 Debug/Obj/nrf_drv_clock.o
                0x000000000000220c                nrf_drv_clock_init
 .text.item_enqueue
                0x0000000000002260       0x38 Output/serial_pca10056 Debug/Obj/nrf_drv_clock.o
 .text.item_dequeue
                0x0000000000002298       0x20 Output/serial_pca10056 Debug/Obj/nrf_drv_clock.o
 .text.nrf_drv_clock_lfclk_request
                0x00000000000022b8       0x9c Output/serial_pca10056 Debug/Obj/nrf_drv_clock.o
                0x00000000000022b8                nrf_drv_clock_lfclk_request
 .text.clock_clk_started_notify
                0x0000000000002354       0x4c Output/serial_pca10056 Debug/Obj/nrf_drv_clock.o
 .text.clock_irq_handler
                0x00000000000023a0       0x40 Output/serial_pca10056 Debug/Obj/nrf_drv_clock.o
 .text.nrf_drv_power_init
                0x00000000000023e0       0x38 Output/serial_pca10056 Debug/Obj/nrf_drv_power.o
                0x00000000000023e0                nrf_drv_power_init
 .text.uarte_evt_handler
                0x0000000000002418       0x50 Output/serial_pca10056 Debug/Obj/nrf_drv_uart.o
 .text.uart_evt_handler
                0x0000000000002468       0x50 Output/serial_pca10056 Debug/Obj/nrf_drv_uart.o
 .text.nrf_drv_uart_init
                0x00000000000024b8       0xdc Output/serial_pca10056 Debug/Obj/nrf_drv_uart.o
                0x00000000000024b8                nrf_drv_uart_init
 .text.NVIC_EnableIRQ
                0x0000000000002594       0x2c Output/serial_pca10056 Debug/Obj/nrfx_clock.o
 .text.NVIC_ClearPendingIRQ
                0x00000000000025c0       0x30 Output/serial_pca10056 Debug/Obj/nrfx_clock.o
 .text.NVIC_SetPriority
                0x00000000000025f0       0x50 Output/serial_pca10056 Debug/Obj/nrfx_clock.o
 .text._NRFX_IRQ_PRIORITY_SET
                0x0000000000002640       0x40 Output/serial_pca10056 Debug/Obj/nrfx_clock.o
 .text._NRFX_IRQ_ENABLE
                0x0000000000002680       0x26 Output/serial_pca10056 Debug/Obj/nrfx_clock.o
 *fill*         0x00000000000026a6        0x2 
 .text._NRFX_IRQ_IS_ENABLED
                0x00000000000026a8       0x4c Output/serial_pca10056 Debug/Obj/nrfx_clock.o
 .text.nrf_clock_int_enable
                0x00000000000026f4       0x14 Output/serial_pca10056 Debug/Obj/nrfx_clock.o
 .text.nrf_clock_int_disable
                0x0000000000002708       0x14 Output/serial_pca10056 Debug/Obj/nrfx_clock.o
 .text.nrf_clock_task_trigger
                0x000000000000271c       0x1a Output/serial_pca10056 Debug/Obj/nrfx_clock.o
 .text.nrf_clock_event_clear
                0x0000000000002736       0x28 Output/serial_pca10056 Debug/Obj/nrfx_clock.o
 .text.nrf_clock_event_check
                0x000000000000275e       0x22 Output/serial_pca10056 Debug/Obj/nrfx_clock.o
 .text.nrf_clock_lf_src_set
                0x0000000000002780       0x14 Output/serial_pca10056 Debug/Obj/nrfx_clock.o
 .text.nrfx_power_clock_irq_init
                0x0000000000002794       0x36 Output/serial_pca10056 Debug/Obj/nrfx_clock.o
 *fill*         0x00000000000027ca        0x2 
 .text.nrfx_clock_init
                0x00000000000027cc       0x4c Output/serial_pca10056 Debug/Obj/nrfx_clock.o
                0x00000000000027cc                nrfx_clock_init
 .text.nrfx_clock_enable
                0x0000000000002818       0x34 Output/serial_pca10056 Debug/Obj/nrfx_clock.o
                0x0000000000002818                nrfx_clock_enable
 .text.nrfx_clock_lfclk_start
                0x000000000000284c       0x34 Output/serial_pca10056 Debug/Obj/nrfx_clock.o
                0x000000000000284c                nrfx_clock_lfclk_start
 .text.nrfx_clock_irq_handler
                0x0000000000002880       0x68 Output/serial_pca10056 Debug/Obj/nrfx_clock.o
                0x0000000000002880                nrfx_clock_irq_handler
 .text.nrf_gpiote_event_is_set
                0x00000000000028e8       0x2a Output/serial_pca10056 Debug/Obj/nrfx_gpiote.o
 .text.nrf_gpiote_event_clear
                0x0000000000002912       0x36 Output/serial_pca10056 Debug/Obj/nrfx_gpiote.o
 .text.nrf_gpiote_event_addr_get
                0x0000000000002948       0x1a Output/serial_pca10056 Debug/Obj/nrfx_gpiote.o
 *fill*         0x0000000000002962        0x2 
 .text.nrf_gpiote_int_is_enabled
                0x0000000000002964       0x18 Output/serial_pca10056 Debug/Obj/nrfx_gpiote.o
 .text.nrf_gpiote_event_pin_get
                0x000000000000297c       0x20 Output/serial_pca10056 Debug/Obj/nrfx_gpiote.o
 .text.nrf_gpiote_event_polarity_get
                0x000000000000299c       0x24 Output/serial_pca10056 Debug/Obj/nrfx_gpiote.o
 .text.nrf_gpio_pin_port_decode
                0x00000000000029c0       0x44 Output/serial_pca10056 Debug/Obj/nrfx_gpiote.o
 .text.nrf_gpio_cfg_sense_set
                0x0000000000002a04       0x5c Output/serial_pca10056 Debug/Obj/nrfx_gpiote.o
 .text.nrf_gpio_pin_sense_get
                0x0000000000002a60       0x2c Output/serial_pca10056 Debug/Obj/nrfx_gpiote.o
 .text.nrf_gpio_port_in_read
                0x0000000000002a8c       0x10 Output/serial_pca10056 Debug/Obj/nrfx_gpiote.o
 .text.nrf_gpio_ports_read
                0x0000000000002a9c       0x70 Output/serial_pca10056 Debug/Obj/nrfx_gpiote.o
 .text.nrf_bitmask_bit_is_set
                0x0000000000002b0c       0x30 Output/serial_pca10056 Debug/Obj/nrfx_gpiote.o
 .text.nrf_bitmask_bit_set
                0x0000000000002b3c       0x40 Output/serial_pca10056 Debug/Obj/nrfx_gpiote.o
 .text.channel_port_get
                0x0000000000002b7c       0x1c Output/serial_pca10056 Debug/Obj/nrfx_gpiote.o
 .text.channel_handler_get
                0x0000000000002b98       0x18 Output/serial_pca10056 Debug/Obj/nrfx_gpiote.o
 .text.GPIOTE_IRQHandler
                0x0000000000002bb0      0x2e8 Output/serial_pca10056 Debug/Obj/nrfx_gpiote.o
                0x0000000000002bb0                GPIOTE_IRQHandler
 .text.NVIC_EnableIRQ
                0x0000000000002e98       0x2c Output/serial_pca10056 Debug/Obj/nrfx_power.o
 .text.NVIC_ClearPendingIRQ
                0x0000000000002ec4       0x30 Output/serial_pca10056 Debug/Obj/nrfx_power.o
 .text.NVIC_SetPriority
                0x0000000000002ef4       0x50 Output/serial_pca10056 Debug/Obj/nrfx_power.o
 .text._NRFX_IRQ_PRIORITY_SET
                0x0000000000002f44       0x40 Output/serial_pca10056 Debug/Obj/nrfx_power.o
 .text._NRFX_IRQ_ENABLE
                0x0000000000002f84       0x26 Output/serial_pca10056 Debug/Obj/nrfx_power.o
 *fill*         0x0000000000002faa        0x2 
 .text._NRFX_IRQ_IS_ENABLED
                0x0000000000002fac       0x4c Output/serial_pca10056 Debug/Obj/nrfx_power.o
 .text.nrf_power_regptr_get
                0x0000000000002ff8       0x10 Output/serial_pca10056 Debug/Obj/nrfx_power.o
 .text.nrf_power_regptr_get_c
                0x0000000000003008       0x10 Output/serial_pca10056 Debug/Obj/nrfx_power.o
 .text.nrf_power_event_clear
                0x0000000000003018       0x22 Output/serial_pca10056 Debug/Obj/nrfx_power.o
 .text.nrf_power_event_check
                0x000000000000303a       0x2a Output/serial_pca10056 Debug/Obj/nrfx_power.o
 .text.nrf_power_event_get_and_clear
                0x0000000000003064       0x38 Output/serial_pca10056 Debug/Obj/nrfx_power.o
 .text.nrf_power_int_enable_get
                0x000000000000309c        0xc Output/serial_pca10056 Debug/Obj/nrfx_power.o
 .text.nrf_power_dcdcen_set
                0x00000000000030a8       0x24 Output/serial_pca10056 Debug/Obj/nrfx_power.o
 .text.nrf_power_dcdcen_vddh_set
                0x00000000000030cc       0x24 Output/serial_pca10056 Debug/Obj/nrfx_power.o
 .text.nrfx_power_clock_irq_init
                0x00000000000030f0       0x36 Output/serial_pca10056 Debug/Obj/nrfx_power.o
 *fill*         0x0000000000003126        0x2 
 .text.nrfx_power_init
                0x0000000000003128       0x5c Output/serial_pca10056 Debug/Obj/nrfx_power.o
                0x0000000000003128                nrfx_power_init
 .text.nrfx_power_irq_handler
                0x0000000000003184      0x14c Output/serial_pca10056 Debug/Obj/nrfx_power.o
                0x0000000000003184                nrfx_power_irq_handler
 .text.POWER_CLOCK_IRQHandler
                0x00000000000032d0        0xe Output/serial_pca10056 Debug/Obj/nrfx_power_clock.o
                0x00000000000032d0                POWER_CLOCK_IRQHandler
 *fill*         0x00000000000032de        0x2 
 .text.UARTE0_UART0_IRQHandler
                0x00000000000032e0       0x24 Output/serial_pca10056 Debug/Obj/nrfx_prs.o
                0x00000000000032e0                UARTE0_UART0_IRQHandler
 .text.prs_box_get
                0x0000000000003304       0x20 Output/serial_pca10056 Debug/Obj/nrfx_prs.o
 .text.nrfx_prs_acquire
                0x0000000000003324       0x74 Output/serial_pca10056 Debug/Obj/nrfx_prs.o
                0x0000000000003324                nrfx_prs_acquire
 .text.NVIC_EnableIRQ
                0x0000000000003398       0x2c Output/serial_pca10056 Debug/Obj/nrfx_uart.o
 .text.NVIC_ClearPendingIRQ
                0x00000000000033c4       0x30 Output/serial_pca10056 Debug/Obj/nrfx_uart.o
 .text.NVIC_SetPriority
                0x00000000000033f4       0x50 Output/serial_pca10056 Debug/Obj/nrfx_uart.o
 .text.nrfx_get_irq_number
                0x0000000000003444       0x10 Output/serial_pca10056 Debug/Obj/nrfx_uart.o
 .text._NRFX_IRQ_PRIORITY_SET
                0x0000000000003454       0x40 Output/serial_pca10056 Debug/Obj/nrfx_uart.o
 .text._NRFX_IRQ_ENABLE
                0x0000000000003494       0x26 Output/serial_pca10056 Debug/Obj/nrfx_uart.o
 .text.nrf_uart_event_clear
                0x00000000000034ba       0x2a Output/serial_pca10056 Debug/Obj/nrfx_uart.o
 .text.nrf_uart_event_check
                0x00000000000034e4       0x24 Output/serial_pca10056 Debug/Obj/nrfx_uart.o
 .text.nrf_uart_int_enable
                0x0000000000003508       0x14 Output/serial_pca10056 Debug/Obj/nrfx_uart.o
 .text.nrf_uart_int_enable_check
                0x000000000000351c       0x20 Output/serial_pca10056 Debug/Obj/nrfx_uart.o
 .text.nrf_uart_int_disable
                0x000000000000353c       0x14 Output/serial_pca10056 Debug/Obj/nrfx_uart.o
 .text.nrf_uart_errorsrc_get_and_clear
                0x0000000000003550       0x1c Output/serial_pca10056 Debug/Obj/nrfx_uart.o
 .text.nrf_uart_enable
                0x000000000000356c       0x12 Output/serial_pca10056 Debug/Obj/nrfx_uart.o
 .text.nrf_uart_txrx_pins_set
                0x000000000000357e       0x1e Output/serial_pca10056 Debug/Obj/nrfx_uart.o
 .text.nrf_uart_hwfc_pins_set
                0x000000000000359c       0x1e Output/serial_pca10056 Debug/Obj/nrfx_uart.o
 .text.nrf_uart_rxd_get
                0x00000000000035ba       0x12 Output/serial_pca10056 Debug/Obj/nrfx_uart.o
 .text.nrf_uart_txd_set
                0x00000000000035cc       0x1a Output/serial_pca10056 Debug/Obj/nrfx_uart.o
 .text.nrf_uart_task_trigger
                0x00000000000035e6       0x1c Output/serial_pca10056 Debug/Obj/nrfx_uart.o
 .text.nrf_uart_configure
                0x0000000000003602       0x2a Output/serial_pca10056 Debug/Obj/nrfx_uart.o
 .text.nrf_uart_baudrate_set
                0x000000000000362c       0x14 Output/serial_pca10056 Debug/Obj/nrfx_uart.o
 .text.nrf_gpio_pin_port_decode
                0x0000000000003640       0x44 Output/serial_pca10056 Debug/Obj/nrfx_uart.o
 .text.nrf_gpio_cfg
                0x0000000000003684       0x62 Output/serial_pca10056 Debug/Obj/nrfx_uart.o
 .text.nrf_gpio_cfg_output
                0x00000000000036e6       0x22 Output/serial_pca10056 Debug/Obj/nrfx_uart.o
 .text.nrf_gpio_cfg_input
                0x0000000000003708       0x2c Output/serial_pca10056 Debug/Obj/nrfx_uart.o
 .text.nrf_gpio_pin_set
                0x0000000000003734       0x28 Output/serial_pca10056 Debug/Obj/nrfx_uart.o
 .text.nrf_gpio_port_out_set
                0x000000000000375c       0x14 Output/serial_pca10056 Debug/Obj/nrfx_uart.o
 .text.apply_config
                0x0000000000003770       0xc6 Output/serial_pca10056 Debug/Obj/nrfx_uart.o
 *fill*         0x0000000000003836        0x2 
 .text.interrupts_enable
                0x0000000000003838       0x6c Output/serial_pca10056 Debug/Obj/nrfx_uart.o
 .text.nrfx_uart_init
                0x00000000000038a4       0xd4 Output/serial_pca10056 Debug/Obj/nrfx_uart.o
                0x00000000000038a4                nrfx_uart_init
 .text.tx_byte  0x0000000000003978       0x40 Output/serial_pca10056 Debug/Obj/nrfx_uart.o
 .text.tx_blocking
                0x00000000000039b8       0x4e Output/serial_pca10056 Debug/Obj/nrfx_uart.o
 *fill*         0x0000000000003a06        0x2 
 .text.nrfx_uart_tx
                0x0000000000003a08      0x110 Output/serial_pca10056 Debug/Obj/nrfx_uart.o
                0x0000000000003a08                nrfx_uart_tx
 .text.nrfx_uart_tx_in_progress
                0x0000000000003b18       0x2c Output/serial_pca10056 Debug/Obj/nrfx_uart.o
                0x0000000000003b18                nrfx_uart_tx_in_progress
 .text.rx_enable
                0x0000000000003b44       0x36 Output/serial_pca10056 Debug/Obj/nrfx_uart.o
 .text.rx_byte  0x0000000000003b7a       0x4e Output/serial_pca10056 Debug/Obj/nrfx_uart.o
 .text.nrfx_uart_rx
                0x0000000000003bc8      0x21c Output/serial_pca10056 Debug/Obj/nrfx_uart.o
                0x0000000000003bc8                nrfx_uart_rx
 .text.nrfx_uart_rx_enable
                0x0000000000003de4       0x4c Output/serial_pca10056 Debug/Obj/nrfx_uart.o
                0x0000000000003de4                nrfx_uart_rx_enable
 .text.rx_done_event
                0x0000000000003e30       0x2e Output/serial_pca10056 Debug/Obj/nrfx_uart.o
 .text.tx_done_event
                0x0000000000003e5e       0x34 Output/serial_pca10056 Debug/Obj/nrfx_uart.o
 .text.uart_irq_handler
                0x0000000000003e92      0x1da Output/serial_pca10056 Debug/Obj/nrfx_uart.o
 .text.nrfx_uart_0_irq_handler
                0x000000000000406c       0x18 Output/serial_pca10056 Debug/Obj/nrfx_uart.o
                0x000000000000406c                nrfx_uart_0_irq_handler
 .text.NVIC_EnableIRQ
                0x0000000000004084       0x2c Output/serial_pca10056 Debug/Obj/nrfx_uarte.o
 .text.NVIC_ClearPendingIRQ
                0x00000000000040b0       0x30 Output/serial_pca10056 Debug/Obj/nrfx_uarte.o
 .text.NVIC_SetPriority
                0x00000000000040e0       0x50 Output/serial_pca10056 Debug/Obj/nrfx_uarte.o
 .text.nrfx_is_in_ram
                0x0000000000004130       0x1c Output/serial_pca10056 Debug/Obj/nrfx_uarte.o
 .text.nrfx_get_irq_number
                0x000000000000414c       0x10 Output/serial_pca10056 Debug/Obj/nrfx_uarte.o
 .text._NRFX_IRQ_PRIORITY_SET
                0x000000000000415c       0x40 Output/serial_pca10056 Debug/Obj/nrfx_uarte.o
 .text._NRFX_IRQ_ENABLE
                0x000000000000419c       0x26 Output/serial_pca10056 Debug/Obj/nrfx_uarte.o
 .text.nrf_uarte_event_clear
                0x00000000000041c2       0x2a Output/serial_pca10056 Debug/Obj/nrfx_uarte.o
 .text.nrf_uarte_event_check
                0x00000000000041ec       0x24 Output/serial_pca10056 Debug/Obj/nrfx_uarte.o
 .text.nrf_uarte_shorts_enable
                0x0000000000004210       0x1c Output/serial_pca10056 Debug/Obj/nrfx_uarte.o
 .text.nrf_uarte_shorts_disable
                0x000000000000422c       0x1e Output/serial_pca10056 Debug/Obj/nrfx_uarte.o
 .text.nrf_uarte_int_enable
                0x000000000000424a       0x14 Output/serial_pca10056 Debug/Obj/nrfx_uarte.o
 .text.nrf_uarte_int_disable
                0x000000000000425e       0x14 Output/serial_pca10056 Debug/Obj/nrfx_uarte.o
 .text.nrf_uarte_errorsrc_get_and_clear
                0x0000000000004272       0x1c Output/serial_pca10056 Debug/Obj/nrfx_uarte.o
 .text.nrf_uarte_enable
                0x000000000000428e       0x12 Output/serial_pca10056 Debug/Obj/nrfx_uarte.o
 .text.nrf_uarte_txrx_pins_set
                0x00000000000042a0       0x1e Output/serial_pca10056 Debug/Obj/nrfx_uarte.o
 .text.nrf_uarte_hwfc_pins_set
                0x00000000000042be       0x1e Output/serial_pca10056 Debug/Obj/nrfx_uarte.o
 .text.nrf_uarte_task_trigger
                0x00000000000042dc       0x1c Output/serial_pca10056 Debug/Obj/nrfx_uarte.o
 .text.nrf_uarte_configure
                0x00000000000042f8       0x2a Output/serial_pca10056 Debug/Obj/nrfx_uarte.o
 .text.nrf_uarte_baudrate_set
                0x0000000000004322       0x14 Output/serial_pca10056 Debug/Obj/nrfx_uarte.o
 .text.nrf_uarte_tx_buffer_set
                0x0000000000004336       0x1e Output/serial_pca10056 Debug/Obj/nrfx_uarte.o
 .text.nrf_uarte_tx_amount_get
                0x0000000000004354       0x10 Output/serial_pca10056 Debug/Obj/nrfx_uarte.o
 .text.nrf_uarte_rx_buffer_set
                0x0000000000004364       0x1e Output/serial_pca10056 Debug/Obj/nrfx_uarte.o
 .text.nrf_uarte_rx_amount_get
                0x0000000000004382       0x10 Output/serial_pca10056 Debug/Obj/nrfx_uarte.o
 *fill*         0x0000000000004392        0x2 
 .text.nrf_gpio_pin_port_decode
                0x0000000000004394       0x44 Output/serial_pca10056 Debug/Obj/nrfx_uarte.o
 .text.nrf_gpio_cfg
                0x00000000000043d8       0x62 Output/serial_pca10056 Debug/Obj/nrfx_uarte.o
 .text.nrf_gpio_cfg_output
                0x000000000000443a       0x22 Output/serial_pca10056 Debug/Obj/nrfx_uarte.o
 .text.nrf_gpio_cfg_input
                0x000000000000445c       0x2c Output/serial_pca10056 Debug/Obj/nrfx_uarte.o
 .text.nrf_gpio_pin_set
                0x0000000000004488       0x28 Output/serial_pca10056 Debug/Obj/nrfx_uarte.o
 .text.nrf_gpio_port_out_set
                0x00000000000044b0       0x14 Output/serial_pca10056 Debug/Obj/nrfx_uarte.o
 .text.apply_config
                0x00000000000044c4       0xc6 Output/serial_pca10056 Debug/Obj/nrfx_uarte.o
 *fill*         0x000000000000458a        0x2 
 .text.interrupts_enable
                0x000000000000458c       0x88 Output/serial_pca10056 Debug/Obj/nrfx_uarte.o
 .text.nrfx_uarte_init
                0x0000000000004614       0xcc Output/serial_pca10056 Debug/Obj/nrfx_uarte.o
                0x0000000000004614                nrfx_uarte_init
 .text.nrfx_uarte_tx
                0x00000000000046e0      0x154 Output/serial_pca10056 Debug/Obj/nrfx_uarte.o
                0x00000000000046e0                nrfx_uarte_tx
 .text.nrfx_uarte_tx_in_progress
                0x0000000000004834       0x30 Output/serial_pca10056 Debug/Obj/nrfx_uarte.o
                0x0000000000004834                nrfx_uarte_tx_in_progress
 .text.nrfx_uarte_rx
                0x0000000000004864      0x23c Output/serial_pca10056 Debug/Obj/nrfx_uarte.o
                0x0000000000004864                nrfx_uarte_rx
 .text.rx_done_event
                0x0000000000004aa0       0x32 Output/serial_pca10056 Debug/Obj/nrfx_uarte.o
 .text.tx_done_event
                0x0000000000004ad2       0x38 Output/serial_pca10056 Debug/Obj/nrfx_uarte.o
 .text.uarte_irq_handler
                0x0000000000004b0a      0x150 Output/serial_pca10056 Debug/Obj/nrfx_uarte.o
 *fill*         0x0000000000004c5a        0x2 
 .text.nrfx_uarte_0_irq_handler
                0x0000000000004c5c       0x18 Output/serial_pca10056 Debug/Obj/nrfx_uarte.o
                0x0000000000004c5c                nrfx_uarte_0_irq_handler
 .text.NVIC_SystemReset
                0x0000000000004c74       0x24 Output/serial_pca10056 Debug/Obj/main.o
 .text.sleep_handler
                0x0000000000004c98        0xa Output/serial_pca10056 Debug/Obj/main.o
 *fill*         0x0000000000004ca2        0x2 
 .text.set_high_voltage_dcdc_mode
                0x0000000000004ca4       0x4c Output/serial_pca10056 Debug/Obj/main.o
                0x0000000000004ca4                set_high_voltage_dcdc_mode
 .text.main     0x0000000000004cf0       0xec Output/serial_pca10056 Debug/Obj/main.o
                0x0000000000004cf0                main
 .text.NVIC_SystemReset
                0x0000000000004ddc       0x24 Output/serial_pca10056 Debug/Obj/system_nrf52840.o
 .text.SystemCoreClockUpdate
                0x0000000000004e00       0x14 Output/serial_pca10056 Debug/Obj/system_nrf52840.o
                0x0000000000004e00                SystemCoreClockUpdate
 .text.SystemInit
                0x0000000000004e14      0x250 Output/serial_pca10056 Debug/Obj/system_nrf52840.o
                0x0000000000004e14                SystemInit
 .text.errata_36
                0x0000000000005064       0x3c Output/serial_pca10056 Debug/Obj/system_nrf52840.o
 .text.errata_66
                0x00000000000050a0       0x3c Output/serial_pca10056 Debug/Obj/system_nrf52840.o
 .text.errata_98
                0x00000000000050dc       0x24 Output/serial_pca10056 Debug/Obj/system_nrf52840.o
 .text.errata_103
                0x0000000000005100       0x24 Output/serial_pca10056 Debug/Obj/system_nrf52840.o
 .text.errata_115
                0x0000000000005124       0x24 Output/serial_pca10056 Debug/Obj/system_nrf52840.o
 .text.errata_120
                0x0000000000005148       0x24 Output/serial_pca10056 Debug/Obj/system_nrf52840.o
 .text.errata_136
                0x000000000000516c       0x3c Output/serial_pca10056 Debug/Obj/system_nrf52840.o
 .text.libc.__int64_udivmod
                0x00000000000051a8       0xce /usr/share/segger_embedded_studio_for_arm_3.40/lib/libc_v7em_fpv4_sp_d16_hard_t_le_eabi.a(libc_asm.o)
                0x00000000000051a8                __int64_udivmod
                0x00000000000051a8                __aeabi_uldivmod
                0x00000000000051a8                __int64_udiv
                0x00000000000051a8                __udivdi3
 .text.libc.memcpy
                0x0000000000005276       0x52 /usr/share/segger_embedded_studio_for_arm_3.40/lib/libc_v7em_fpv4_sp_d16_hard_t_le_eabi.a(libc2_asm.o)
                0x0000000000005276                memcpy
                0x0000000000005276                __aeabi_memcpy
                0x0000000000005282                __aeabi_memcpy4
                0x0000000000005282                __aeabi_memcpy8
 .text.libc.memset
                0x00000000000052c8       0x66 /usr/share/segger_embedded_studio_for_arm_3.40/lib/libc_v7em_fpv4_sp_d16_hard_t_le_eabi.a(libc2_asm.o)
                0x00000000000052c8                memset
 .text.libc.strlen
                0x000000000000532e       0x60 /usr/share/segger_embedded_studio_for_arm_3.40/lib/libc_v7em_fpv4_sp_d16_hard_t_le_eabi.a(libc2_asm.o)
                0x000000000000532e                strlen
                0x000000000000538e                __text_end__ = (__text_start__ + SIZEOF (.text))
                0x0000000000004fb6                __text_size__ = SIZEOF (.text)
                0x000000000000538e                __text_load_end__ = __text_end__

.vfp11_veneer   0x0000000100000000        0x0
 .vfp11_veneer  0x0000000100000000        0x0 linker stubs

.v4_bx          0x0000000100000000        0x0
 .v4_bx         0x0000000100000000        0x0 linker stubs

.iplt           0x0000000100000000        0x0
 .iplt          0x0000000100000000        0x0 Output/serial_pca10056 Debug/Obj/thumb_crt0.o
                0x0000000000000001                . = ASSERT (((__text_start__ == __text_end__) || ((__text_end__ >= __FLASH_segment_start__) && (__text_end__ <= __FLASH_segment_end__))), error: .text is too large to fit in FLASH memory segment)
                0x0000000000005390                __nrf_queue_load_start__ = ALIGN (__text_end__, 0x4)

.nrf_queue      0x0000000000005390       0x28
                0x0000000000005390                __nrf_queue_start__ = .
                0x0000000000005390                __start_nrf_queue = __nrf_queue_start__
 *(.nrf_queue*)
 .nrf_queue     0x0000000000005390       0x28 Output/serial_pca10056 Debug/Obj/main.o
                0x0000000000005390                serial_queues_rxq
                0x00000000000053a4                serial_queues_txq
                0x00000000000053b8                __nrf_queue_end__ = (__nrf_queue_start__ + SIZEOF (.nrf_queue))
                0x0000000000000028                __nrf_queue_size__ = SIZEOF (.nrf_queue)
                0x00000000000053b8                __stop_nrf_queue = __nrf_queue_end__
                0x00000000000053b8                __nrf_queue_load_end__ = __nrf_queue_end__
                0x0000000000000001                . = ASSERT (((__nrf_queue_start__ == __nrf_queue_end__) || ((__nrf_queue_end__ >= __FLASH_segment_start__) && (__nrf_queue_end__ <= __FLASH_segment_end__))), error: .nrf_queue is too large to fit in FLASH memory segment)
                0x00000000000053b8                __log_const_data_load_start__ = ALIGN (__nrf_queue_end__, 0x4)

.log_const_data
                0x00000000000053b8        0x0
                0x00000000000053b8                __log_const_data_start__ = .
                0x00000000000053b8                __start_log_const_data = __log_const_data_start__
 *(SORT_BY_NAME(.log_const_data*))
                0x00000000000053b8                __log_const_data_end__ = (__log_const_data_start__ + SIZEOF (.log_const_data))
                0x0000000000000000                __log_const_data_size__ = SIZEOF (.log_const_data)
                0x00000000000053b8                __stop_log_const_data = __log_const_data_end__
                0x00000000000053b8                __log_const_data_load_end__ = __log_const_data_end__
                0x0000000000000001                . = ASSERT (((__log_const_data_start__ == __log_const_data_end__) || ((__log_const_data_end__ >= __FLASH_segment_start__) && (__log_const_data_end__ <= __FLASH_segment_end__))), error: .log_const_data is too large to fit in FLASH memory segment)
                0x00000000000053b8                __log_backends_load_start__ = ALIGN (__log_const_data_end__, 0x4)

.log_backends   0x00000000000053b8        0x0
                0x00000000000053b8                __log_backends_start__ = .
                0x00000000000053b8                __start_log_backends = __log_backends_start__
 *(SORT_BY_NAME(.log_backends*))
                0x00000000000053b8                __log_backends_end__ = (__log_backends_start__ + SIZEOF (.log_backends))
                0x0000000000000000                __log_backends_size__ = SIZEOF (.log_backends)
                0x00000000000053b8                __stop_log_backends = __log_backends_end__
                0x00000000000053b8                __log_backends_load_end__ = __log_backends_end__
                0x0000000000000001                . = ASSERT (((__log_backends_start__ == __log_backends_end__) || ((__log_backends_end__ >= __FLASH_segment_start__) && (__log_backends_end__ <= __FLASH_segment_end__))), error: .log_backends is too large to fit in FLASH memory segment)
                0x00000000000053b8                __nrf_balloc_load_start__ = ALIGN (__log_backends_end__, 0x4)

.nrf_balloc     0x00000000000053b8        0x0
                0x00000000000053b8                __nrf_balloc_start__ = .
                0x00000000000053b8                __start_nrf_balloc = __nrf_balloc_start__
 *(.nrf_balloc*)
                0x00000000000053b8                __nrf_balloc_end__ = (__nrf_balloc_start__ + SIZEOF (.nrf_balloc))
                0x0000000000000000                __nrf_balloc_size__ = SIZEOF (.nrf_balloc)
                0x00000000000053b8                __stop_nrf_balloc = __nrf_balloc_end__
                0x00000000000053b8                __nrf_balloc_load_end__ = __nrf_balloc_end__
                0x0000000000000001                . = ASSERT (((__nrf_balloc_start__ == __nrf_balloc_end__) || ((__nrf_balloc_end__ >= __FLASH_segment_start__) && (__nrf_balloc_end__ <= __FLASH_segment_end__))), error: .nrf_balloc is too large to fit in FLASH memory segment)
                0x00000000000053b8                __nrf_sections_load_start__ = ALIGN (__nrf_balloc_end__, 0x4)

.nrf_sections   0x00000000000053b8        0x0
                0x00000000000053b8                __nrf_sections_start__ = .
                0x00000000000053b8                __start_nrf_sections = __nrf_sections_start__
 *(.nrf_sections .nrf_sections.*)
                0x00000000000053b8                __nrf_sections_end__ = (__nrf_sections_start__ + SIZEOF (.nrf_sections))
                0x0000000000000000                __nrf_sections_size__ = SIZEOF (.nrf_sections)
                0x00000000000053b8                __nrf_sections_load_end__ = __nrf_sections_end__
                0x0000000000000001                . = ASSERT (((__nrf_sections_start__ == __nrf_sections_end__) || ((__nrf_sections_end__ >= __FLASH_segment_start__) && (__nrf_sections_end__ <= __FLASH_segment_end__))), error: .nrf_sections is too large to fit in FLASH memory segment)
                0x00000000000053b8                __log_dynamic_data_load_start__ = ALIGN (__nrf_sections_end__, 0x4)

.log_dynamic_data
                0x0000000020000000        0x0 load address 0x00000000000053b8
                0x0000000020000000                __log_dynamic_data_start__ = .
 *(SORT_BY_NAME(.log_dynamic_data*))
                0x0000000020000000                __log_dynamic_data_end__ = (__log_dynamic_data_start__ + SIZEOF (.log_dynamic_data))
                0x0000000000000000                __log_dynamic_data_size__ = SIZEOF (.log_dynamic_data)
                0x00000000000053b8                __log_dynamic_data_load_end__ = (__log_dynamic_data_load_start__ + SIZEOF (.log_dynamic_data))
                0x0000000000000001                . = ASSERT (((__log_dynamic_data_load_start__ == __log_dynamic_data_load_end__) || ((__log_dynamic_data_load_end__ >= __FLASH_segment_start__) && (__log_dynamic_data_load_end__ <= __FLASH_segment_end__))), error: .log_dynamic_data is too large to fit in FLASH memory segment)

.log_dynamic_data_run
                0x0000000020000000        0x0
                0x0000000020000000                __log_dynamic_data_run_start__ = .
                0x0000000020000000                __start_log_dynamic_data = __log_dynamic_data_run_start__
                0x0000000020000000                . = MAX ((__log_dynamic_data_run_start__ + SIZEOF (.log_dynamic_data)), .)
                0x0000000020000000                __log_dynamic_data_run_end__ = (__log_dynamic_data_run_start__ + SIZEOF (.log_dynamic_data_run))
                0x0000000000000000                __log_dynamic_data_run_size__ = SIZEOF (.log_dynamic_data_run)
                0x0000000020000000                __stop_log_dynamic_data = __log_dynamic_data_run_end__
                0x0000000020000000                __log_dynamic_data_run_load_end__ = __log_dynamic_data_run_end__
                0x0000000000000001                . = ASSERT (((__log_dynamic_data_run_start__ == __log_dynamic_data_run_end__) || ((__log_dynamic_data_run_end__ >= __RAM_segment_start__) && (__log_dynamic_data_run_end__ <= __RAM_segment_end__))), error: .log_dynamic_data_run is too large to fit in RAM memory segment)
                0x00000000000053b8                __log_filter_data_load_start__ = ALIGN ((__log_dynamic_data_load_start__ + SIZEOF (.log_dynamic_data)), 0x4)

.log_filter_data
                0x0000000020000000        0x0 load address 0x00000000000053b8
                0x0000000020000000                __log_filter_data_start__ = .
 *(SORT_BY_NAME(.log_filter_data*))
                0x0000000020000000                __log_filter_data_end__ = (__log_filter_data_start__ + SIZEOF (.log_filter_data))
                0x0000000000000000                __log_filter_data_size__ = SIZEOF (.log_filter_data)
                0x00000000000053b8                __log_filter_data_load_end__ = (__log_filter_data_load_start__ + SIZEOF (.log_filter_data))
                0x0000000000000001                . = ASSERT (((__log_filter_data_load_start__ == __log_filter_data_load_end__) || ((__log_filter_data_load_end__ >= __FLASH_segment_start__) && (__log_filter_data_load_end__ <= __FLASH_segment_end__))), error: .log_filter_data is too large to fit in FLASH memory segment)

.log_filter_data_run
                0x0000000020000000        0x0
                0x0000000020000000                __log_filter_data_run_start__ = .
                0x0000000020000000                __start_log_filter_data = __log_filter_data_run_start__
                0x0000000020000000                . = MAX ((__log_filter_data_run_start__ + SIZEOF (.log_filter_data)), .)
                0x0000000020000000                __log_filter_data_run_end__ = (__log_filter_data_run_start__ + SIZEOF (.log_filter_data_run))
                0x0000000000000000                __log_filter_data_run_size__ = SIZEOF (.log_filter_data_run)
                0x0000000020000000                __stop_log_filter_data = __log_filter_data_run_end__
                0x0000000020000000                __log_filter_data_run_load_end__ = __log_filter_data_run_end__
                0x0000000000000001                . = ASSERT (((__log_filter_data_run_start__ == __log_filter_data_run_end__) || ((__log_filter_data_run_end__ >= __RAM_segment_start__) && (__log_filter_data_run_end__ <= __RAM_segment_end__))), error: .log_filter_data_run is too large to fit in RAM memory segment)
                0x0000000020000000                __nrf_sections_run_end_load_start__ = ALIGN (__log_filter_data_run_end__, 0x4)

.nrf_sections_run_end
                0x0000000020000000        0x0
                0x0000000020000000                __nrf_sections_run_end_start__ = .
                0x0000000020000000                __end_nrf_sections_run = __nrf_sections_run_end_start__
 *(.nrf_sections_run_end .nrf_sections_run_end.*)
                0x0000000020000000                __nrf_sections_run_end_end__ = (__nrf_sections_run_end_start__ + SIZEOF (.nrf_sections_run_end))
                0x0000000000000000                __nrf_sections_run_end_size__ = SIZEOF (.nrf_sections_run_end)
                0x0000000020000000                __nrf_sections_run_end_load_end__ = __nrf_sections_run_end_end__
                0x0000000000000001                . = ASSERT (((__nrf_sections_run_end_start__ == __nrf_sections_run_end_end__) || ((__nrf_sections_run_end_end__ >= __RAM_segment_start__) && (__nrf_sections_run_end_end__ <= __RAM_segment_end__))), error: .nrf_sections_run_end is too large to fit in RAM memory segment)
                0x00000000000053b8                __dtors_load_start__ = ALIGN ((__log_filter_data_load_start__ + SIZEOF (.log_filter_data)), 0x4)

.dtors          0x00000000000053b8        0x0
                0x00000000000053b8                __dtors_start__ = .
 *(SORT_BY_NAME(.dtors.*))
 *(.dtors)
 *(.fini_array)
 *(SORT_BY_NAME(.fini_array.*))
                0x00000000000053b8                __dtors_end__ = (__dtors_start__ + SIZEOF (.dtors))
                0x0000000000000000                __dtors_size__ = SIZEOF (.dtors)
                0x00000000000053b8                __dtors_load_end__ = __dtors_end__
                0x0000000000000001                . = ASSERT (((__dtors_start__ == __dtors_end__) || ((__dtors_end__ >= __FLASH_segment_start__) && (__dtors_end__ <= __FLASH_segment_end__))), error: .dtors is too large to fit in FLASH memory segment)
                0x00000000000053b8                __ctors_load_start__ = ALIGN (__dtors_end__, 0x4)

.ctors          0x00000000000053b8        0x0
                0x00000000000053b8                __ctors_start__ = .
 *(SORT_BY_NAME(.ctors.*))
 *(.ctors)
 *(.init_array)
 *(SORT_BY_NAME(.init_array.*))
                0x00000000000053b8                __ctors_end__ = (__ctors_start__ + SIZEOF (.ctors))
                0x0000000000000000                __ctors_size__ = SIZEOF (.ctors)
                0x00000000000053b8                __ctors_load_end__ = __ctors_end__
                0x0000000000000001                . = ASSERT (((__ctors_start__ == __ctors_end__) || ((__ctors_end__ >= __FLASH_segment_start__) && (__ctors_end__ <= __FLASH_segment_end__))), error: .ctors is too large to fit in FLASH memory segment)
                0x00000000000053b8                __rodata_load_start__ = ALIGN (__ctors_end__, 0x4)

.rodata         0x00000000000053b8      0x755
                0x00000000000053b8                __rodata_start__ = .
 *(.rodata .rodata.* .gnu.linkonce.r.*)
 .rodata        0x00000000000053b8       0x7a Output/serial_pca10056 Debug/Obj/boards.o
 *fill*         0x0000000000005432        0x2 
 .rodata.m_board_led_list
                0x0000000000005434        0x4 Output/serial_pca10056 Debug/Obj/boards.o
 .rodata.m_board_btn_list
                0x0000000000005438        0x4 Output/serial_pca10056 Debug/Obj/boards.o
 *fill*         0x000000000000543c        0x4 
 .rodata.delay_bytecode.8083
                0x0000000000005440        0x6 Output/serial_pca10056 Debug/Obj/app_timer.o
 *fill*         0x0000000000005446        0x2 
 .rodata        0x0000000000005448       0x5d Output/serial_pca10056 Debug/Obj/app_util_platform.o
 *fill*         0x00000000000054a5        0x3 
 .rodata        0x00000000000054a8       0x56 Output/serial_pca10056 Debug/Obj/nrf_queue.o
 *fill*         0x00000000000054fe        0x2 
 .rodata        0x0000000000005500       0xcc Output/serial_pca10056 Debug/Obj/nrf_serial.o
 .rodata        0x00000000000055cc       0x57 Output/serial_pca10056 Debug/Obj/nrf_drv_clock.o
 *fill*         0x0000000000005623        0x1 
 .rodata.m_drv_power_config_default
                0x0000000000005624        0x1 Output/serial_pca10056 Debug/Obj/nrf_drv_power.o
 *fill*         0x0000000000005625        0x3 
 .rodata        0x0000000000005628       0x56 Output/serial_pca10056 Debug/Obj/nrf_drv_uart.o
 *fill*         0x000000000000567e        0x2 
 .rodata        0x0000000000005680       0x85 Output/serial_pca10056 Debug/Obj/nrfx_clock.o
 *fill*         0x0000000000005705        0x3 
 .rodata        0x0000000000005708       0xbe Output/serial_pca10056 Debug/Obj/nrfx_gpiote.o
 *fill*         0x00000000000057c6        0x2 
 .rodata        0x00000000000057c8       0xb5 Output/serial_pca10056 Debug/Obj/nrfx_power.o
 *fill*         0x000000000000587d        0x3 
 .rodata        0x0000000000005880       0x57 Output/serial_pca10056 Debug/Obj/nrfx_prs.o
 *fill*         0x00000000000058d7        0x1 
 .rodata        0x00000000000058d8       0xb4 Output/serial_pca10056 Debug/Obj/nrfx_uart.o
 .rodata.irq_handlers.8621
                0x000000000000598c        0x4 Output/serial_pca10056 Debug/Obj/nrfx_uart.o
 .rodata        0x0000000000005990       0xb5 Output/serial_pca10056 Debug/Obj/nrfx_uarte.o
 *fill*         0x0000000000005a45        0x3 
 .rodata.irq_handlers.8659
                0x0000000000005a48        0x4 Output/serial_pca10056 Debug/Obj/nrfx_uarte.o
 .rodata.m_uart0_drv_config
                0x0000000000005a4c       0x20 Output/serial_pca10056 Debug/Obj/main.o
 .rodata.serial_queues
                0x0000000000005a6c        0x8 Output/serial_pca10056 Debug/Obj/main.o
 .rodata.serial_buffs
                0x0000000000005a74        0xc Output/serial_pca10056 Debug/Obj/main.o
 .rodata.serial_config
                0x0000000000005a80       0x14 Output/serial_pca10056 Debug/Obj/main.o
 .rodata.serial_uart_rx_timer
                0x0000000000005a94        0x4 Output/serial_pca10056 Debug/Obj/main.o
 .rodata.serial_uart_tx_timer
                0x0000000000005a98        0x4 Output/serial_pca10056 Debug/Obj/main.o
 .rodata.serial_uart
                0x0000000000005a9c       0x20 Output/serial_pca10056 Debug/Obj/main.o
 .rodata        0x0000000000005abc       0x51 Output/serial_pca10056 Debug/Obj/main.o
                0x0000000000005b0d                __rodata_end__ = (__rodata_start__ + SIZEOF (.rodata))
                0x0000000000000755                __rodata_size__ = SIZEOF (.rodata)
                0x0000000000005b0d                __rodata_load_end__ = __rodata_end__

.rel.dyn        0x0000000000005b10        0x0
 .rel.iplt      0x0000000000005b10        0x0 Output/serial_pca10056 Debug/Obj/thumb_crt0.o
                0x0000000000000001                . = ASSERT (((__rodata_start__ == __rodata_end__) || ((__rodata_end__ >= __FLASH_segment_start__) && (__rodata_end__ <= __FLASH_segment_end__))), error: .rodata is too large to fit in FLASH memory segment)
                0x0000000000005b10                __ARM.exidx_load_start__ = ALIGN (__rodata_end__, 0x4)

.ARM.exidx      0x0000000000005b10        0x0
                0x0000000000005b10                __ARM.exidx_start__ = .
                0x0000000000005b10                __exidx_start = __ARM.exidx_start__
 *(.ARM.exidx .ARM.exidx.*)
                0x0000000000005b10                __ARM.exidx_end__ = (__ARM.exidx_start__ + SIZEOF (.ARM.exidx))
                0x0000000000000000                __ARM.exidx_size__ = SIZEOF (.ARM.exidx)
                0x0000000000005b10                __exidx_end = __ARM.exidx_end__
                0x0000000000005b10                __ARM.exidx_load_end__ = __ARM.exidx_end__
                0x0000000000000001                . = ASSERT (((__ARM.exidx_start__ == __ARM.exidx_end__) || ((__ARM.exidx_end__ >= __FLASH_segment_start__) && (__ARM.exidx_end__ <= __FLASH_segment_end__))), error: .ARM.exidx is too large to fit in FLASH memory segment)
                0x0000000000005b10                __fast_load_start__ = ALIGN (__ARM.exidx_end__, 0x4)

.fast           0x0000000020000000        0x0 load address 0x0000000000005b10
                0x0000000020000000                __fast_start__ = .
 *(.fast .fast.*)
                0x0000000020000000                __fast_end__ = (__fast_start__ + SIZEOF (.fast))
                0x0000000000000000                __fast_size__ = SIZEOF (.fast)
                0x0000000000005b10                __fast_load_end__ = (__fast_load_start__ + SIZEOF (.fast))
                0x0000000000000001                . = ASSERT (((__fast_load_start__ == __fast_load_end__) || ((__fast_load_end__ >= __FLASH_segment_start__) && (__fast_load_end__ <= __FLASH_segment_end__))), error: .fast is too large to fit in FLASH memory segment)

.fast_run       0x0000000020000000        0x0
                0x0000000020000000                __fast_run_start__ = .
                0x0000000020000000                . = MAX ((__fast_run_start__ + SIZEOF (.fast)), .)
                0x0000000020000000                __fast_run_end__ = (__fast_run_start__ + SIZEOF (.fast_run))
                0x0000000000000000                __fast_run_size__ = SIZEOF (.fast_run)
                0x0000000020000000                __fast_run_load_end__ = __fast_run_end__
                0x0000000000000001                . = ASSERT (((__fast_run_start__ == __fast_run_end__) || ((__fast_run_end__ >= __RAM_segment_start__) && (__fast_run_end__ <= __RAM_segment_end__))), error: .fast_run is too large to fit in RAM memory segment)
                0x0000000000005b10                __data_load_start__ = ALIGN ((__fast_load_start__ + SIZEOF (.fast)), 0x4)

.data           0x0000000020000000       0x18 load address 0x0000000000005b10
                0x0000000020000000                __data_start__ = .
 *(.data .data.* .gnu.linkonce.d.*)
 .data.tx_message.10121
                0x0000000020000000       0x14 Output/serial_pca10056 Debug/Obj/main.o
 .data.SystemCoreClock
                0x0000000020000014        0x4 Output/serial_pca10056 Debug/Obj/system_nrf52840.o
                0x0000000020000014                SystemCoreClock
                0x0000000020000018                __data_end__ = (__data_start__ + SIZEOF (.data))
                0x0000000000000018                __data_size__ = SIZEOF (.data)
                0x0000000000005b28                __data_load_end__ = (__data_load_start__ + SIZEOF (.data))

.igot.plt       0x0000000100000000        0x0
 .igot.plt      0x0000000100000000        0x0 Output/serial_pca10056 Debug/Obj/thumb_crt0.o
                0x0000000000000001                . = ASSERT (((__data_load_start__ == __data_load_end__) || ((__data_load_end__ >= __FLASH_segment_start__) && (__data_load_end__ <= __FLASH_segment_end__))), error: .data is too large to fit in FLASH memory segment)

.data_run       0x0000000020000000       0x18 load address 0x0000000000005b10
                0x0000000020000000                __data_run_start__ = .
                0x0000000020000018                . = MAX ((__data_run_start__ + SIZEOF (.data)), .)
 *fill*         0x0000000020000000       0x18 
                0x0000000020000018                __data_run_end__ = (__data_run_start__ + SIZEOF (.data_run))
                0x0000000000000018                __data_run_size__ = SIZEOF (.data_run)
                0x0000000020000018                __data_run_load_end__ = __data_run_end__
                0x0000000000000001                . = ASSERT (((__data_run_start__ == __data_run_end__) || ((__data_run_end__ >= __RAM_segment_start__) && (__data_run_end__ <= __RAM_segment_end__))), error: .data_run is too large to fit in RAM memory segment)
                0x0000000000005b28                __tdata_load_start__ = ALIGN ((__data_load_start__ + SIZEOF (.data)), 0x4)

.tdata          0x0000000020000018        0x0 load address 0x0000000000005b28
                0x0000000020000018                __tdata_start__ = .
 *(.tdata .tdata.*)
                0x0000000020000018                __tdata_end__ = (__tdata_start__ + SIZEOF (.tdata))
                0x0000000000000000                __tdata_size__ = SIZEOF (.tdata)
                0x0000000000005b28                __tdata_load_end__ = (__tdata_load_start__ + SIZEOF (.tdata))
                0x0000000000005b28                __FLASH_segment_used_end__ = (ALIGN ((__data_load_start__ + SIZEOF (.data)), 0x4) + SIZEOF (.tdata))
                0x0000000000005b28                __FLASH_segment_used_size__ = (__FLASH_segment_used_end__ - __FLASH_segment_start__)
                0x0000000000000001                . = ASSERT (((__tdata_load_start__ == __tdata_load_end__) || ((__tdata_load_end__ >= __FLASH_segment_start__) && (__tdata_load_end__ <= __FLASH_segment_end__))), error: .tdata is too large to fit in FLASH memory segment)

.tdata_run      0x0000000020000018        0x0
                0x0000000020000018                __tdata_run_start__ = .
                0x0000000020000018                . = MAX ((__tdata_run_start__ + SIZEOF (.tdata)), .)
                0x0000000020000018                __tdata_run_end__ = (__tdata_run_start__ + SIZEOF (.tdata_run))
                0x0000000000000000                __tdata_run_size__ = SIZEOF (.tdata_run)
                0x0000000020000018                __tdata_run_load_end__ = __tdata_run_end__
                0x0000000000000001                . = ASSERT (((__tdata_run_start__ == __tdata_run_end__) || ((__tdata_run_end__ >= __RAM_segment_start__) && (__tdata_run_end__ <= __RAM_segment_end__))), error: .tdata_run is too large to fit in RAM memory segment)
                0x0000000020000018                __bss_load_start__ = ALIGN (__tdata_run_end__, 0x4)

.bss            0x0000000020000018      0x308
                0x0000000020000018                __bss_start__ = .
 *(.bss .bss.* .gnu.linkonce.b.*)
 .bss.m_error_data.7608
                0x0000000020000018       0x20 Output/serial_pca10056 Debug/Obj/app_error.o
 .bss.m_op_queue
                0x0000000020000038      0x10c Output/serial_pca10056 Debug/Obj/app_timer.o
 .bss.mp_timer_id_head
                0x0000000020000144        0x4 Output/serial_pca10056 Debug/Obj/app_timer.o
 .bss.m_ticks_latest
                0x0000000020000148        0x4 Output/serial_pca10056 Debug/Obj/app_timer.o
 .bss.m_ticks_elapsed
                0x000000002000014c        0x8 Output/serial_pca10056 Debug/Obj/app_timer.o
 .bss.m_ticks_elapsed_q_read_ind
                0x0000000020000154        0x1 Output/serial_pca10056 Debug/Obj/app_timer.o
 .bss.m_ticks_elapsed_q_write_ind
                0x0000000020000155        0x1 Output/serial_pca10056 Debug/Obj/app_timer.o
 .bss.m_rtc1_running
                0x0000000020000156        0x1 Output/serial_pca10056 Debug/Obj/app_timer.o
 .bss.m_rtc1_reset
                0x0000000020000157        0x1 Output/serial_pca10056 Debug/Obj/app_timer.o
 .bss.m_in_critical_region
                0x0000000020000158        0x4 Output/serial_pca10056 Debug/Obj/app_util_platform.o
 .bss.m_clock_cb
                0x000000002000015c       0x14 Output/serial_pca10056 Debug/Obj/nrf_drv_clock.o
 .bss.m_initialized
                0x0000000020000170        0x1 Output/serial_pca10056 Debug/Obj/nrf_drv_power.o
 *fill*         0x0000000020000171        0x3 
 .bss.m_handlers
                0x0000000020000174        0x8 Output/serial_pca10056 Debug/Obj/nrf_drv_uart.o
 .bss.m_contexts
                0x000000002000017c        0x8 Output/serial_pca10056 Debug/Obj/nrf_drv_uart.o
 .bss.nrf_drv_uart_use_easy_dma
                0x0000000020000184        0x2 Output/serial_pca10056 Debug/Obj/nrf_drv_uart.o
                0x0000000020000184                nrf_drv_uart_use_easy_dma
 *fill*         0x0000000020000186        0x2 
 .bss.m_clock_cb
                0x0000000020000188        0x8 Output/serial_pca10056 Debug/Obj/nrfx_clock.o
 .bss.nrfx_clock_irq_enabled
                0x0000000020000190        0x1 Output/serial_pca10056 Debug/Obj/nrfx_clock.o
                0x0000000020000190                nrfx_clock_irq_enabled
 *fill*         0x0000000020000191        0x3 
 .bss.m_cb      0x0000000020000194       0x6c Output/serial_pca10056 Debug/Obj/nrfx_gpiote.o
 .bss.nrfx_power_irq_enabled
                0x0000000020000200        0x1 Output/serial_pca10056 Debug/Obj/nrfx_power.o
                0x0000000020000200                nrfx_power_irq_enabled
 *fill*         0x0000000020000201        0x3 
 .bss.m_pofwarn_handler
                0x0000000020000204        0x4 Output/serial_pca10056 Debug/Obj/nrfx_power.o
 .bss.m_sleepevt_handler
                0x0000000020000208        0x4 Output/serial_pca10056 Debug/Obj/nrfx_power.o
 .bss.m_usbevt_handler
                0x000000002000020c        0x4 Output/serial_pca10056 Debug/Obj/nrfx_power.o
 .bss.m_prs_box_4
                0x0000000020000210        0x8 Output/serial_pca10056 Debug/Obj/nrfx_prs.o
 .bss.m_cb      0x0000000020000218       0x2c Output/serial_pca10056 Debug/Obj/nrfx_uart.o
 .bss.m_cb      0x0000000020000244       0x24 Output/serial_pca10056 Debug/Obj/nrfx_uarte.o
 .bss.serial_queues_rxq_nrf_queue_buffer
                0x0000000020000268       0x21 Output/serial_pca10056 Debug/Obj/main.o
 *fill*         0x0000000020000289        0x3 
 .bss.serial_queues_rxq_nrf_queue_cb
                0x000000002000028c        0xc Output/serial_pca10056 Debug/Obj/main.o
 .bss.serial_queues_txq_nrf_queue_buffer
                0x0000000020000298       0x21 Output/serial_pca10056 Debug/Obj/main.o
 *fill*         0x00000000200002b9        0x3 
 .bss.serial_queues_txq_nrf_queue_cb
                0x00000000200002bc        0xc Output/serial_pca10056 Debug/Obj/main.o
 .bss.serial_buffs_txb
                0x00000000200002c8        0x1 Output/serial_pca10056 Debug/Obj/main.o
 *fill*         0x00000000200002c9        0x3 
 .bss.serial_buffs_rxb
                0x00000000200002cc        0x1 Output/serial_pca10056 Debug/Obj/main.o
 *fill*         0x00000000200002cd        0x3 
 .bss.serial_uart_rx_timer_data
                0x00000000200002d0       0x20 Output/serial_pca10056 Debug/Obj/main.o
 .bss.serial_uart_tx_timer_data
                0x00000000200002f0       0x20 Output/serial_pca10056 Debug/Obj/main.o
 .bss.serial_uart_ctx
                0x0000000020000310       0x10 Output/serial_pca10056 Debug/Obj/main.o
 *(COMMON)
                0x0000000020000320                __bss_end__ = (__bss_start__ + SIZEOF (.bss))
                0x0000000000000308                __bss_size__ = SIZEOF (.bss)
                0x0000000020000320                __bss_load_end__ = __bss_end__
                0x0000000000000001                . = ASSERT (((__bss_start__ == __bss_end__) || ((__bss_end__ >= __RAM_segment_start__) && (__bss_end__ <= __RAM_segment_end__))), error: .bss is too large to fit in RAM memory segment)
                0x0000000020000320                __tbss_load_start__ = ALIGN (__bss_end__, 0x4)

.tbss           0x0000000020000320        0x0
                0x0000000020000320                __tbss_start__ = .
 *(.tbss .tbss.*)
                0x0000000020000320                __tbss_end__ = (__tbss_start__ + SIZEOF (.tbss))
                0x0000000000000000                __tbss_size__ = SIZEOF (.tbss)
                0x0000000020000320                __tbss_load_end__ = __tbss_end__
                0x0000000000000001                . = ASSERT (((__tbss_start__ == __tbss_end__) || ((__tbss_end__ >= __RAM_segment_start__) && (__tbss_end__ <= __RAM_segment_end__))), error: .tbss is too large to fit in RAM memory segment)
                0x0000000020000320                __non_init_load_start__ = ALIGN (__tbss_end__, 0x4)

.non_init       0x0000000020000320        0x0
                0x0000000020000320                __non_init_start__ = .
 *(.non_init .non_init.*)
                0x0000000020000320                __non_init_end__ = (__non_init_start__ + SIZEOF (.non_init))
                0x0000000000000000                __non_init_size__ = SIZEOF (.non_init)
                0x0000000020000320                __non_init_load_end__ = __non_init_end__
                0x0000000000000001                . = ASSERT (((__non_init_start__ == __non_init_end__) || ((__non_init_end__ >= __RAM_segment_start__) && (__non_init_end__ <= __RAM_segment_end__))), error: .non_init is too large to fit in RAM memory segment)
                0x0000000020000320                __heap_load_start__ = ALIGN (__non_init_end__, 0x4)

.heap           0x0000000020000320     0x2000
                0x0000000020000320                __heap_start__ = .
 *(.heap .heap.*)
                0x0000000020002320                . = ALIGN (MAX ((__heap_start__ + __HEAPSIZE__), .), 0x4)
 *fill*         0x0000000020000320     0x2000 
                0x0000000020002320                __heap_end__ = (__heap_start__ + SIZEOF (.heap))
                0x0000000000002000                __heap_size__ = SIZEOF (.heap)
                0x0000000020002320                __heap_load_end__ = __heap_end__
                0x0000000000000001                . = ASSERT (((__heap_start__ == __heap_end__) || ((__heap_end__ >= __RAM_segment_start__) && (__heap_end__ <= __RAM_segment_end__))), error: .heap is too large to fit in RAM memory segment)
                0x000000002003e000                __stack_load_start__ = (__RAM_segment_end__ - 0x2000)

.stack          0x000000002003e000     0x2000
                0x000000002003e000                __stack_start__ = .
                0x000000002003e000                __StackLimit = __stack_start__
 *(.stack .stack.*)
                0x0000000020040000                . = ALIGN (MAX ((__stack_start__ + __STACKSIZE__), .), 0x8)
 *fill*         0x000000002003e000     0x2000 
                0x0000000020040000                __stack_end__ = (__stack_start__ + SIZEOF (.stack))
                0x0000000000002000                __stack_size__ = SIZEOF (.stack)
                0x0000000020040000                __StackTop = __stack_end__
                0x0000000020040000                __stack_load_end__ = __stack_end__
                0x0000000000000001                . = ASSERT (((__stack_start__ == __stack_end__) || ((__stack_end__ >= __RAM_segment_start__) && (__stack_end__ <= __RAM_segment_end__))), error: .stack is too large to fit in RAM memory segment)
                0x0000000000000001                . = ASSERT ((__heap_end__ <= __stack_start__), error: section .heap overlaps absolute placed section .stack)
                0x0000000020040000                __stack_process_load_start__ = ALIGN (__stack_end__, 0x8)

.stack_process  0x0000000020040000        0x0
                0x0000000020040000                __stack_process_start__ = .
 *(.stack_process .stack_process.*)
                0x0000000020040000                . = ALIGN (MAX ((__stack_process_start__ + __STACKSIZE_PROCESS__), .), 0x8)
                0x0000000020040000                __stack_process_end__ = (__stack_process_start__ + SIZEOF (.stack_process))
                0x0000000000000000                __stack_process_size__ = SIZEOF (.stack_process)
                0x0000000020040000                __stack_process_load_end__ = __stack_process_end__
                0x0000000020040000                __RAM_segment_used_end__ = (ALIGN (__stack_end__, 0x8) + SIZEOF (.stack_process))
                0x0000000000040000                __RAM_segment_used_size__ = (__RAM_segment_used_end__ - __RAM_segment_start__)
                0x0000000000000001                . = ASSERT (((__stack_process_start__ == __stack_process_end__) || ((__stack_process_end__ >= __RAM_segment_start__) && (__stack_process_end__ <= __RAM_segment_end__))), error: .stack_process is too large to fit in RAM memory segment)
START GROUP
LOAD Output/serial_pca10056 Debug/Obj/thumb_crt0.o
LOAD Output/serial_pca10056 Debug/Obj/nrf_log_frontend.o
LOAD Output/serial_pca10056 Debug/Obj/nrf_log_str_formatter.o
LOAD Output/serial_pca10056 Debug/Obj/boards.o
LOAD Output/serial_pca10056 Debug/Obj/app_button.o
LOAD Output/serial_pca10056 Debug/Obj/app_error.o
LOAD Output/serial_pca10056 Debug/Obj/app_error_handler_gcc.o
LOAD Output/serial_pca10056 Debug/Obj/app_error_weak.o
LOAD Output/serial_pca10056 Debug/Obj/app_scheduler.o
LOAD Output/serial_pca10056 Debug/Obj/app_timer.o
LOAD Output/serial_pca10056 Debug/Obj/app_util_platform.o
LOAD Output/serial_pca10056 Debug/Obj/hardfault_handler_gcc.o
LOAD Output/serial_pca10056 Debug/Obj/hardfault_implementation.o
LOAD Output/serial_pca10056 Debug/Obj/nrf_assert.o
LOAD Output/serial_pca10056 Debug/Obj/nrf_atomic.o
LOAD Output/serial_pca10056 Debug/Obj/nrf_balloc.o
LOAD Output/serial_pca10056 Debug/Obj/nrf_fprintf.o
LOAD Output/serial_pca10056 Debug/Obj/nrf_fprintf_format.o
LOAD Output/serial_pca10056 Debug/Obj/nrf_memobj.o
LOAD Output/serial_pca10056 Debug/Obj/nrf_queue.o
LOAD Output/serial_pca10056 Debug/Obj/nrf_ringbuf.o
LOAD Output/serial_pca10056 Debug/Obj/nrf_serial.o
LOAD Output/serial_pca10056 Debug/Obj/nrf_strerror.o
LOAD Output/serial_pca10056 Debug/Obj/nrf_drv_clock.o
LOAD Output/serial_pca10056 Debug/Obj/nrf_drv_power.o
LOAD Output/serial_pca10056 Debug/Obj/nrf_drv_uart.o
LOAD Output/serial_pca10056 Debug/Obj/nrf_nvic.o
LOAD Output/serial_pca10056 Debug/Obj/nrf_soc.o
LOAD Output/serial_pca10056 Debug/Obj/nrfx_clock.o
LOAD Output/serial_pca10056 Debug/Obj/nrfx_gpiote.o
LOAD Output/serial_pca10056 Debug/Obj/nrfx_power.o
LOAD Output/serial_pca10056 Debug/Obj/nrfx_power_clock.o
LOAD Output/serial_pca10056 Debug/Obj/nrfx_prs.o
LOAD Output/serial_pca10056 Debug/Obj/nrfx_uart.o
LOAD Output/serial_pca10056 Debug/Obj/nrfx_uarte.o
LOAD Output/serial_pca10056 Debug/Obj/bsp.o
LOAD Output/serial_pca10056 Debug/Obj/main.o
LOAD Output/serial_pca10056 Debug/Obj/ses_startup_nrf52840.o
LOAD Output/serial_pca10056 Debug/Obj/ses_startup_nrf_common.o
LOAD Output/serial_pca10056 Debug/Obj/system_nrf52840.o
LOAD /usr/share/segger_embedded_studio_for_arm_3.40/lib/libdebugio_mempoll_v7em_fpv4_sp_d16_hard_t_le_eabi.a
LOAD /usr/share/segger_embedded_studio_for_arm_3.40/lib/libm_v7em_fpv4_sp_d16_hard_t_le_eabi.a
LOAD /usr/share/segger_embedded_studio_for_arm_3.40/lib/libc_v7em_fpv4_sp_d16_hard_t_le_eabi.a
LOAD /usr/share/segger_embedded_studio_for_arm_3.40/lib/libcpp_v7em_fpv4_sp_d16_hard_t_le_eabi.a
LOAD /usr/share/segger_embedded_studio_for_arm_3.40/lib/libdebugio_v7em_fpv4_sp_d16_hard_t_le_eabi.a
LOAD /usr/share/segger_embedded_studio_for_arm_3.40/lib/libvfprintf_v7em_fpv4_sp_d16_hard_t_le_eabi.o
LOAD /usr/share/segger_embedded_studio_for_arm_3.40/lib/libvfscanf_v7em_fpv4_sp_d16_hard_t_le_eabi.o
END GROUP
OUTPUT(Output/Debug/Exe/serial_pca10056.elf elf32-littlearm)

.ARM.attributes
                0x0000000000000000       0x35
 .ARM.attributes
                0x0000000000000000       0x25 Output/serial_pca10056 Debug/Obj/thumb_crt0.o
 .ARM.attributes
                0x0000000000000025       0x39 Output/serial_pca10056 Debug/Obj/boards.o
 .ARM.attributes
                0x000000000000005e       0x39 Output/serial_pca10056 Debug/Obj/app_error.o
 .ARM.attributes
                0x0000000000000097       0x39 Output/serial_pca10056 Debug/Obj/app_error_handler_gcc.o
 .ARM.attributes
                0x00000000000000d0       0x39 Output/serial_pca10056 Debug/Obj/app_error_weak.o
 .ARM.attributes
                0x0000000000000109       0x39 Output/serial_pca10056 Debug/Obj/app_timer.o
 .ARM.attributes
                0x0000000000000142       0x39 Output/serial_pca10056 Debug/Obj/app_util_platform.o
 .ARM.attributes
                0x000000000000017b       0x39 Output/serial_pca10056 Debug/Obj/hardfault_handler_gcc.o
 .ARM.attributes
                0x00000000000001b4       0x39 Output/serial_pca10056 Debug/Obj/hardfault_implementation.o
 .ARM.attributes
                0x00000000000001ed       0x39 Output/serial_pca10056 Debug/Obj/nrf_assert.o
 .ARM.attributes
                0x0000000000000226       0x39 Output/serial_pca10056 Debug/Obj/nrf_atomic.o
 .ARM.attributes
                0x000000000000025f       0x39 Output/serial_pca10056 Debug/Obj/nrf_queue.o
 .ARM.attributes
                0x0000000000000298       0x39 Output/serial_pca10056 Debug/Obj/nrf_serial.o
 .ARM.attributes
                0x00000000000002d1       0x39 Output/serial_pca10056 Debug/Obj/nrf_drv_clock.o
 .ARM.attributes
                0x000000000000030a       0x39 Output/serial_pca10056 Debug/Obj/nrf_drv_power.o
 .ARM.attributes
                0x0000000000000343       0x39 Output/serial_pca10056 Debug/Obj/nrf_drv_uart.o
 .ARM.attributes
                0x000000000000037c       0x39 Output/serial_pca10056 Debug/Obj/nrfx_clock.o
 .ARM.attributes
                0x00000000000003b5       0x39 Output/serial_pca10056 Debug/Obj/nrfx_gpiote.o
 .ARM.attributes
                0x00000000000003ee       0x39 Output/serial_pca10056 Debug/Obj/nrfx_power.o
 .ARM.attributes
                0x0000000000000427       0x39 Output/serial_pca10056 Debug/Obj/nrfx_power_clock.o
 .ARM.attributes
                0x0000000000000460       0x39 Output/serial_pca10056 Debug/Obj/nrfx_prs.o
 .ARM.attributes
                0x0000000000000499       0x39 Output/serial_pca10056 Debug/Obj/nrfx_uart.o
 .ARM.attributes
                0x00000000000004d2       0x39 Output/serial_pca10056 Debug/Obj/nrfx_uarte.o
 .ARM.attributes
                0x000000000000050b       0x39 Output/serial_pca10056 Debug/Obj/main.o
 .ARM.attributes
                0x0000000000000544       0x25 Output/serial_pca10056 Debug/Obj/ses_startup_nrf52840.o
 .ARM.attributes
                0x0000000000000569       0x25 Output/serial_pca10056 Debug/Obj/ses_startup_nrf_common.o
 .ARM.attributes
                0x000000000000058e       0x39 Output/serial_pca10056 Debug/Obj/system_nrf52840.o
 .ARM.attributes
                0x00000000000005c7       0x20 /usr/share/segger_embedded_studio_for_arm_3.40/lib/libc_v7em_fpv4_sp_d16_hard_t_le_eabi.a(libc_asm.o)
 .ARM.attributes
                0x00000000000005e7       0x20 /usr/share/segger_embedded_studio_for_arm_3.40/lib/libc_v7em_fpv4_sp_d16_hard_t_le_eabi.a(libc2_asm.o)

.comment        0x0000000000000000       0x4c
 .comment       0x0000000000000000       0x4c Output/serial_pca10056 Debug/Obj/boards.o
                                         0x4d (size before relaxing)
 .comment       0x000000000000004c       0x4d Output/serial_pca10056 Debug/Obj/app_error.o
 .comment       0x000000000000004c       0x4d Output/serial_pca10056 Debug/Obj/app_error_handler_gcc.o
 .comment       0x000000000000004c       0x4d Output/serial_pca10056 Debug/Obj/app_error_weak.o
 .comment       0x000000000000004c       0x4d Output/serial_pca10056 Debug/Obj/app_timer.o
 .comment       0x000000000000004c       0x4d Output/serial_pca10056 Debug/Obj/app_util_platform.o
 .comment       0x000000000000004c       0x4d Output/serial_pca10056 Debug/Obj/hardfault_handler_gcc.o
 .comment       0x000000000000004c       0x4d Output/serial_pca10056 Debug/Obj/hardfault_implementation.o
 .comment       0x000000000000004c       0x4d Output/serial_pca10056 Debug/Obj/nrf_assert.o
 .comment       0x000000000000004c       0x4d Output/serial_pca10056 Debug/Obj/nrf_atomic.o
 .comment       0x000000000000004c       0x4d Output/serial_pca10056 Debug/Obj/nrf_queue.o
 .comment       0x000000000000004c       0x4d Output/serial_pca10056 Debug/Obj/nrf_serial.o
 .comment       0x000000000000004c       0x4d Output/serial_pca10056 Debug/Obj/nrf_drv_clock.o
 .comment       0x000000000000004c       0x4d Output/serial_pca10056 Debug/Obj/nrf_drv_power.o
 .comment       0x000000000000004c       0x4d Output/serial_pca10056 Debug/Obj/nrf_drv_uart.o
 .comment       0x000000000000004c       0x4d Output/serial_pca10056 Debug/Obj/nrfx_clock.o
 .comment       0x000000000000004c       0x4d Output/serial_pca10056 Debug/Obj/nrfx_gpiote.o
 .comment       0x000000000000004c       0x4d Output/serial_pca10056 Debug/Obj/nrfx_power.o
 .comment       0x000000000000004c       0x4d Output/serial_pca10056 Debug/Obj/nrfx_power_clock.o
 .comment       0x000000000000004c       0x4d Output/serial_pca10056 Debug/Obj/nrfx_prs.o
 .comment       0x000000000000004c       0x4d Output/serial_pca10056 Debug/Obj/nrfx_uart.o
 .comment       0x000000000000004c       0x4d Output/serial_pca10056 Debug/Obj/nrfx_uarte.o
 .comment       0x000000000000004c       0x4d Output/serial_pca10056 Debug/Obj/main.o
 .comment       0x000000000000004c       0x4d Output/serial_pca10056 Debug/Obj/system_nrf52840.o

.debug_line     0x0000000000000000     0xb364
 .debug_line    0x0000000000000000      0x1df Output/serial_pca10056 Debug/Obj/thumb_crt0.o
 .debug_line    0x00000000000001df      0x7d1 Output/serial_pca10056 Debug/Obj/boards.o
 .debug_line    0x00000000000009b0      0x2f2 Output/serial_pca10056 Debug/Obj/app_error.o
 .debug_line    0x0000000000000ca2      0x33d Output/serial_pca10056 Debug/Obj/app_error_handler_gcc.o
 .debug_line    0x0000000000000fdf      0x54b Output/serial_pca10056 Debug/Obj/app_error_weak.o
 .debug_line    0x000000000000152a      0x9d3 Output/serial_pca10056 Debug/Obj/app_timer.o
 .debug_line    0x0000000000001efd      0x39e Output/serial_pca10056 Debug/Obj/app_util_platform.o
 .debug_line    0x000000000000229b      0x34f Output/serial_pca10056 Debug/Obj/hardfault_handler_gcc.o
 .debug_line    0x00000000000025ea      0x541 Output/serial_pca10056 Debug/Obj/hardfault_implementation.o
 .debug_line    0x0000000000002b2b      0x2c5 Output/serial_pca10056 Debug/Obj/nrf_assert.o
 .debug_line    0x0000000000002df0      0x4f3 Output/serial_pca10056 Debug/Obj/nrf_atomic.o
 .debug_line    0x00000000000032e3      0x75a Output/serial_pca10056 Debug/Obj/nrf_queue.o
 .debug_line    0x0000000000003a3d      0xb9f Output/serial_pca10056 Debug/Obj/nrf_serial.o
 .debug_line    0x00000000000045dc      0x91f Output/serial_pca10056 Debug/Obj/nrf_drv_clock.o
 .debug_line    0x0000000000004efb      0x685 Output/serial_pca10056 Debug/Obj/nrf_drv_power.o
 .debug_line    0x0000000000005580      0x5fa Output/serial_pca10056 Debug/Obj/nrf_drv_uart.o
 .debug_line    0x0000000000005b7a      0x979 Output/serial_pca10056 Debug/Obj/nrfx_clock.o
 .debug_line    0x00000000000064f3     0x1126 Output/serial_pca10056 Debug/Obj/nrfx_gpiote.o
 .debug_line    0x0000000000007619      0x951 Output/serial_pca10056 Debug/Obj/nrfx_power.o
 .debug_line    0x0000000000007f6a      0x57a Output/serial_pca10056 Debug/Obj/nrfx_power_clock.o
 .debug_line    0x00000000000084e4      0x686 Output/serial_pca10056 Debug/Obj/nrfx_prs.o
 .debug_line    0x0000000000008b6a      0xcee Output/serial_pca10056 Debug/Obj/nrfx_uart.o
 .debug_line    0x0000000000009858      0xcab Output/serial_pca10056 Debug/Obj/nrfx_uarte.o
 .debug_line    0x000000000000a503      0x9d9 Output/serial_pca10056 Debug/Obj/main.o
 .debug_line    0x000000000000aedc       0x94 Output/serial_pca10056 Debug/Obj/ses_startup_nrf52840.o
 .debug_line    0x000000000000af70       0xb5 Output/serial_pca10056 Debug/Obj/ses_startup_nrf_common.o
 .debug_line    0x000000000000b025      0x33f Output/serial_pca10056 Debug/Obj/system_nrf52840.o

.debug_info     0x0000000000000000    0x1a866
 .debug_info    0x0000000000000000       0x22 Output/serial_pca10056 Debug/Obj/thumb_crt0.o
 .debug_info    0x0000000000000022      0xdef Output/serial_pca10056 Debug/Obj/boards.o
 .debug_info    0x0000000000000e11      0x7bf Output/serial_pca10056 Debug/Obj/app_error.o
 .debug_info    0x00000000000015d0      0x679 Output/serial_pca10056 Debug/Obj/app_error_handler_gcc.o
 .debug_info    0x0000000000001c49      0xa02 Output/serial_pca10056 Debug/Obj/app_error_weak.o
 .debug_info    0x000000000000264b     0x17da Output/serial_pca10056 Debug/Obj/app_timer.o
 .debug_info    0x0000000000003e25      0xc7b Output/serial_pca10056 Debug/Obj/app_util_platform.o
 .debug_info    0x0000000000004aa0      0x5f5 Output/serial_pca10056 Debug/Obj/hardfault_handler_gcc.o
 .debug_info    0x0000000000005095      0xc0a Output/serial_pca10056 Debug/Obj/hardfault_implementation.o
 .debug_info    0x0000000000005c9f      0x676 Output/serial_pca10056 Debug/Obj/nrf_assert.o
 .debug_info    0x0000000000006315      0xd69 Output/serial_pca10056 Debug/Obj/nrf_atomic.o
 .debug_info    0x000000000000707e      0xe20 Output/serial_pca10056 Debug/Obj/nrf_queue.o
 .debug_info    0x0000000000007e9e     0x1d95 Output/serial_pca10056 Debug/Obj/nrf_serial.o
 .debug_info    0x0000000000009c33      0xf60 Output/serial_pca10056 Debug/Obj/nrf_drv_clock.o
 .debug_info    0x000000000000ab93      0xb14 Output/serial_pca10056 Debug/Obj/nrf_drv_power.o
 .debug_info    0x000000000000b6a7     0x1594 Output/serial_pca10056 Debug/Obj/nrf_drv_uart.o
 .debug_info    0x000000000000cc3b     0x1474 Output/serial_pca10056 Debug/Obj/nrfx_clock.o
 .debug_info    0x000000000000e0af     0x252c Output/serial_pca10056 Debug/Obj/nrfx_gpiote.o
 .debug_info    0x00000000000105db     0x1763 Output/serial_pca10056 Debug/Obj/nrfx_power.o
 .debug_info    0x0000000000011d3e      0x637 Output/serial_pca10056 Debug/Obj/nrfx_power_clock.o
 .debug_info    0x0000000000012375      0xd13 Output/serial_pca10056 Debug/Obj/nrfx_prs.o
 .debug_info    0x0000000000013088     0x22a6 Output/serial_pca10056 Debug/Obj/nrfx_uart.o
 .debug_info    0x000000000001532e     0x23c1 Output/serial_pca10056 Debug/Obj/nrfx_uarte.o
 .debug_info    0x00000000000176ef     0x1d91 Output/serial_pca10056 Debug/Obj/main.o
 .debug_info    0x0000000000019480       0x26 Output/serial_pca10056 Debug/Obj/ses_startup_nrf52840.o
 .debug_info    0x00000000000194a6       0x26 Output/serial_pca10056 Debug/Obj/ses_startup_nrf_common.o
 .debug_info    0x00000000000194cc     0x139a Output/serial_pca10056 Debug/Obj/system_nrf52840.o

.debug_abbrev   0x0000000000000000     0x384a
 .debug_abbrev  0x0000000000000000       0x12 Output/serial_pca10056 Debug/Obj/thumb_crt0.o
 .debug_abbrev  0x0000000000000012      0x29b Output/serial_pca10056 Debug/Obj/boards.o
 .debug_abbrev  0x00000000000002ad      0x18c Output/serial_pca10056 Debug/Obj/app_error.o
 .debug_abbrev  0x0000000000000439      0x125 Output/serial_pca10056 Debug/Obj/app_error_handler_gcc.o
 .debug_abbrev  0x000000000000055e      0x1bf Output/serial_pca10056 Debug/Obj/app_error_weak.o
 .debug_abbrev  0x000000000000071d      0x3a3 Output/serial_pca10056 Debug/Obj/app_timer.o
 .debug_abbrev  0x0000000000000ac0      0x28e Output/serial_pca10056 Debug/Obj/app_util_platform.o
 .debug_abbrev  0x0000000000000d4e      0x116 Output/serial_pca10056 Debug/Obj/hardfault_handler_gcc.o
 .debug_abbrev  0x0000000000000e64      0x1e4 Output/serial_pca10056 Debug/Obj/hardfault_implementation.o